Removed Pin From Net: NetName=Col1 Pin=C2-1
Removed Pin From Net: NetName=Col1 Pin=C3-1
Removed Pin From Net: NetName=Col1 Pin=C4-1
Removed Pin From Net: NetName=Col1 Pin=C6-1
Removed Pin From Net: NetName=Col1 Pin=C7-1
Removed Pin From Net: NetName=Col1 Pin=C8-1
Removed Pin From Net: NetName=Col1 Pin=C10-1
Removed Pin From Net: NetName=Col1 Pin=C11-1
Removed Pin From Net: NetName=Col1 Pin=C12-1
Removed Pin From Net: NetName=Col1 Pin=J1-5
Removed Pin From Net: NetName=Col1 Pin=J1-5
Removed Pin From Net: NetName=Col1 Pin=J1-6
Removed Pin From Net: NetName=Col1 Pin=J1-6
Removed Pin From Net: NetName=Col1 Pin=J1-7
Removed Pin From Net: NetName=Col1 Pin=J1-7
Removed Pin From Net: NetName=Col1 Pin=J1-8
Removed Pin From Net: NetName=Col1 Pin=J1-8
Removed Pin From Net: NetName=Col1 Pin=R5-2
Removed Pin From Net: NetName=Col1 Pin=R6-2
Removed Pin From Net: NetName=Col1 Pin=R7-2
Removed Pin From Net: NetName=Col1 Pin=R9-2
Removed Pin From Net: NetName=Col1 Pin=R10-2
Removed Pin From Net: NetName=Col1 Pin=R11-2
Removed Pin From Net: NetName=Col1 Pin=R13-2
Removed Pin From Net: NetName=Col1 Pin=R14-2
Removed Pin From Net: NetName=Col1 Pin=R15-2
Removed Pin From Net: NetName=Col1 Pin=R17-1
Removed Pin From Net: NetName=Col1 Pin=R19-1
Added Component: Designator=R20(Yageo_0603)
Add component (AddParameter): Name = "DTEMP"; Value = ""; VariantName = "[No Variations]"
Add component (AddParameter): Name = "SimulationGenericComponent"; Value = "True"; VariantName = "[No Variations]"
Add component (AddParameter): Name = "T_REL_LOCAL"; Value = ""; VariantName = "[No Variations]"
Add component (AddParameter): Name = "TC"; Value = ""; VariantName = "[No Variations]"
Add component (AddParameter): Name = "TC1"; Value = "0"; VariantName = "[No Variations]"
Add component (AddParameter): Name = "TC2"; Value = "0"; VariantName = "[No Variations]"
Add component (AddParameter): Name = "TEMP"; Value = ""; VariantName = "[No Variations]"
Add component (AddParameter): Name = "Value"; Value = "0"; VariantName = "[No Variations]"
Added Component: Designator=R21(Yageo_0603)
Add component (AddParameter): Name = "DTEMP"; Value = ""; VariantName = "[No Variations]"
Add component (AddParameter): Name = "SimulationGenericComponent"; Value = "True"; VariantName = "[No Variations]"
Add component (AddParameter): Name = "T_REL_LOCAL"; Value = ""; VariantName = "[No Variations]"
Add component (AddParameter): Name = "TC"; Value = ""; VariantName = "[No Variations]"
Add component (AddParameter): Name = "TC1"; Value = "0"; VariantName = "[No Variations]"
Add component (AddParameter): Name = "TC2"; Value = "0"; VariantName = "[No Variations]"
Add component (AddParameter): Name = "TEMP"; Value = ""; VariantName = "[No Variations]"
Add component (AddParameter): Name = "Value"; Value = "0"; VariantName = "[No Variations]"
Added Component: Designator=R22(Yageo_0603)
Add component (AddParameter): Name = "DTEMP"; Value = ""; VariantName = "[No Variations]"
Add component (AddParameter): Name = "SimulationGenericComponent"; Value = "True"; VariantName = "[No Variations]"
Add component (AddParameter): Name = "T_REL_LOCAL"; Value = ""; VariantName = "[No Variations]"
Add component (AddParameter): Name = "TC"; Value = ""; VariantName = "[No Variations]"
Add component (AddParameter): Name = "TC1"; Value = "0"; VariantName = "[No Variations]"
Add component (AddParameter): Name = "TC2"; Value = "0"; VariantName = "[No Variations]"
Add component (AddParameter): Name = "TEMP"; Value = ""; VariantName = "[No Variations]"
Add component (AddParameter): Name = "Value"; Value = "0"; VariantName = "[No Variations]"
Added Component: Designator=R23(Yageo_0603)
Add component (AddParameter): Name = "DTEMP"; Value = ""; VariantName = "[No Variations]"
Add component (AddParameter): Name = "SimulationGenericComponent"; Value = "True"; VariantName = "[No Variations]"
Add component (AddParameter): Name = "T_REL_LOCAL"; Value = ""; VariantName = "[No Variations]"
Add component (AddParameter): Name = "TC"; Value = ""; VariantName = "[No Variations]"
Add component (AddParameter): Name = "TC1"; Value = "0"; VariantName = "[No Variations]"
Add component (AddParameter): Name = "TC2"; Value = "0"; VariantName = "[No Variations]"
Add component (AddParameter): Name = "TEMP"; Value = ""; VariantName = "[No Variations]"
Add component (AddParameter): Name = "Value"; Value = "0"; VariantName = "[No Variations]"
Added Pin To Net: NetName=Col1 Pin=R20-1
Added Pin To Net: NetName=Col2 Pin=C2-1
Added Pin To Net: NetName=Col2 Pin=C6-1
Added Pin To Net: NetName=Col2 Pin=C10-1
Added Pin To Net: NetName=Col2 Pin=J1-5
Added Pin To Net: NetName=Col2 Pin=J1-5
Added Pin To Net: NetName=Col2 Pin=R5-2
Added Pin To Net: NetName=Col2 Pin=R9-2
Added Pin To Net: NetName=Col2 Pin=R13-2
Added Pin To Net: NetName=Col2 Pin=R21-1
Added Net: Name=Col2
Added Pin To Net: NetName=Col3 Pin=C3-1
Added Pin To Net: NetName=Col3 Pin=C7-1
Added Pin To Net: NetName=Col3 Pin=C11-1
Added Pin To Net: NetName=Col3 Pin=J1-6
Added Pin To Net: NetName=Col3 Pin=J1-6
Added Pin To Net: NetName=Col3 Pin=R6-2
Added Pin To Net: NetName=Col3 Pin=R10-2
Added Pin To Net: NetName=Col3 Pin=R14-2
Added Pin To Net: NetName=Col3 Pin=R22-1
Added Net: Name=Col3
Added Pin To Net: NetName=Col4 Pin=C4-1
Added Pin To Net: NetName=Col4 Pin=C8-1
Added Pin To Net: NetName=Col4 Pin=C12-1
Added Pin To Net: NetName=Col4 Pin=J1-7
Added Pin To Net: NetName=Col4 Pin=J1-7
Added Pin To Net: NetName=Col4 Pin=R7-2
Added Pin To Net: NetName=Col4 Pin=R11-2
Added Pin To Net: NetName=Col4 Pin=R15-2
Added Pin To Net: NetName=Col4 Pin=R23-1
Added Net: Name=Col4
Added Pin To Net: NetName=GND Pin=J1-8
Added Pin To Net: NetName=GND Pin=J1-8
Added Pin To Net: NetName=GND Pin=R17-1
Added Pin To Net: NetName=GND Pin=R19-1
Added Pin To Net: NetName=GND Pin=R20-2
Added Pin To Net: NetName=GND Pin=R21-2
Added Pin To Net: NetName=GND Pin=R22-2
Added Pin To Net: NetName=GND Pin=R23-2
Added Net: Name=GND
Added Member To Class: ClassName=Proto_buttons Member=Component R20 Resistor
Added Member To Class: ClassName=Proto_buttons Member=Component R21 Resistor
Added Member To Class: ClassName=Proto_buttons Member=Component R22 Resistor
Added Member To Class: ClassName=Proto_buttons Member=Component R23 Resistor
Added Rule: Name=Schematic Supply Nets_2
