Archive member included because of file (symbol)

c:/program files (x86)/microchip/mplab c32 suite/bin/../lib/gcc/pic32mx/4.5.1/../../../../pic32mx/lib/size/mips16/no-float\libc.a(general-exception.o)
                              c:/program files (x86)/microchip/mplab c32 suite/bin/../lib/gcc/pic32mx/4.5.1/../../../../pic32mx/lib/size/mips16/no-float/crt0.o (_general_exception_context)
c:/program files (x86)/microchip/mplab c32 suite/bin/../lib/gcc/pic32mx/4.5.1/../../../../pic32mx/lib/size/mips16/no-float\libc.a(memset.o)
                              build/MX795/production/_ext/343710134/usb_device.o (memset)
c:/program files (x86)/microchip/mplab c32 suite/bin/../lib/gcc/pic32mx/4.5.1/../../../../pic32mx/lib/size/mips16/no-float\libc.a(default-general-exception-handler.o)
                              c:/program files (x86)/microchip/mplab c32 suite/bin/../lib/gcc/pic32mx/4.5.1/../../../../pic32mx/lib/size/mips16/no-float\libc.a(general-exception.o) (_general_exception_handler)
c:/program files (x86)/microchip/mplab c32 suite/bin/../lib/gcc/pic32mx/4.5.1/../../../../pic32mx/lib/size/mips16/no-float\libc.a(default-bootstrap-exception-handler.o)
                              c:/program files (x86)/microchip/mplab c32 suite/bin/../lib/gcc/pic32mx/4.5.1/../../../../pic32mx/lib/size/mips16/no-float/crt0.o (_bootstrap_exception_handler)
c:/program files (x86)/microchip/mplab c32 suite/bin/../lib/gcc/pic32mx/4.5.1/../../../../pic32mx/lib/size/mips16/no-float\libc.a(default-on-reset.o)
                              c:/program files (x86)/microchip/mplab c32 suite/bin/../lib/gcc/pic32mx/4.5.1/../../../../pic32mx/lib/size/mips16/no-float/crt0.o (_on_reset)
c:/program files (x86)/microchip/mplab c32 suite/bin/../lib/gcc/pic32mx/4.5.1/../../../../pic32mx/lib/size/mips16/no-float\libc.a(default-on-bootstrap.o)
                              c:/program files (x86)/microchip/mplab c32 suite/bin/../lib/gcc/pic32mx/4.5.1/../../../../pic32mx/lib/size/mips16/no-float/crt0.o (_on_bootstrap)
c:/program files (x86)/microchip/mplab c32 suite/bin/../lib/gcc/pic32mx/4.5.1/../../../../pic32mx/lib/size/mips16/no-float\libc.a(default-nmi-handler.o)
                              c:/program files (x86)/microchip/mplab c32 suite/bin/../lib/gcc/pic32mx/4.5.1/../../../../pic32mx/lib/size/mips16/no-float/crt0.o (_nmi_handler)
c:/program files (x86)/microchip/mplab c32 suite/bin/../lib/gcc/pic32mx/4.5.1/../../../../pic32mx/lib/size/mips16/no-float\libmchp_peripheral_32MX795F512L.a(soft_reset_lib.o)
                              build/MX795/production/main.o (SoftReset)
c:/program files (x86)/microchip/mplab c32 suite/bin/../lib/gcc/pic32mx/4.5.1/../../../../pic32mx/lib/size/mips16/no-float\libmchp_peripheral_32MX795F512L.a(int_disable_interrupts_lib.o)
                              c:/program files (x86)/microchip/mplab c32 suite/bin/../lib/gcc/pic32mx/4.5.1/../../../../pic32mx/lib/size/mips16/no-float\libmchp_peripheral_32MX795F512L.a(soft_reset_lib.o) (INTDisableInterrupts)
c:/program files (x86)/microchip/mplab c32 suite/bin/../lib/gcc/pic32mx/4.5.1/../../../../pic32mx/lib/size/mips16/no-float\libmchp_peripheral_32MX795F512L.a(int_tbl_lib.o)
                              build/MX795/production/_ext/343710134/usb_device.o (INTClearFlag)
c:/program files (x86)/microchip/mplab c32 suite/bin/../lib/gcc/pic32mx/4.5.1/../../../../pic32mx/lib/size/mips16/no-float\libmchp_peripheral_32MX795F512L.a(nvm_erase_page_lib.o)
                              build/MX795/production/main.o (NVMErasePage)
c:/program files (x86)/microchip/mplab c32 suite/bin/../lib/gcc/pic32mx/4.5.1/../../../../pic32mx/lib/size/mips16/no-float\libmchp_peripheral_32MX795F512L.a(nvm_operation_lib.o)
                              c:/program files (x86)/microchip/mplab c32 suite/bin/../lib/gcc/pic32mx/4.5.1/../../../../pic32mx/lib/size/mips16/no-float\libmchp_peripheral_32MX795F512L.a(nvm_erase_page_lib.o) (_NVMOperation)
c:/program files (x86)/microchip/mplab c32 suite/bin/../lib/gcc/pic32mx/4.5.1/../../../../pic32mx/lib/size/mips16/no-float\libmchp_peripheral_32MX795F512L.a(nvm_write_word_lib.o)
                              build/MX795/production/main.o (NVMWriteWord)
c:/program files (x86)/microchip/mplab c32 suite/bin/../lib/gcc/pic32mx/4.5.1/../../../../pic32mx/lib/size/mips16/no-float\libmchp_peripheral_32MX795F512L.a(int_restore_interrupts_lib.o)
                              c:/program files (x86)/microchip/mplab c32 suite/bin/../lib/gcc/pic32mx/4.5.1/../../../../pic32mx/lib/size/mips16/no-float\libmchp_peripheral_32MX795F512L.a(nvm_operation_lib.o) (INTRestoreInterrupts)

Allocating common symbols
Common symbol       size              file

BufferedDataIndex   0x1               build/MX795/production/main.o
MaxPageToErase      0x1               build/MX795/production/main.o
ep_data_in          0x2               build/MX795/production/_ext/343710134/usb_device.o
inPipes             0x10              build/MX795/production/_ext/343710134/usb_device.o
[...]
Memory Configuration

Name             Origin             Length             Attributes
kseg0_program_mem 0x9d002000         0x00003fff         xr
kseg0_boot_mem   0x9d001490         0x00000970
exception_mem    0x9d000000         0x00001000
kseg1_boot_mem   0xbfc00000         0x00000490
debug_exec_mem   0xbfc02000         0x00000ff0
config3          0xbfc02ff0         0x00000004
config2          0xbfc02ff4         0x00000004
config1          0xbfc02ff8         0x00000004
config0          0xbfc02ffc         0x00000004
boot_software_key 0xa0000000         0x00000004
kseg1_data_mem   0xa0000004         0x00007f00         w !x
sfrs             0xbf800000         0x00100000
configsfrs       0xbfc02ff0         0x00000010
*default*        0x00000000         0xffffffff

Linker script and memory map

LOAD c:/program files (x86)/microchip/mplab c32 suite/bin/../lib/gcc/pic32mx/4.5.1/../../../../pic32mx/lib/size/mips16/no-float/crt0.o
LOAD build/MX795/production/_ext/343710134/usb_device.o
LOAD build/MX795/production/_ext/1295437596/usb_function_hid.o
LOAD build/MX795/production/main.o
LOAD build/MX795/production/usb_descriptors.o
                0x00000001                __MPLAB_BUILD = 0x1
LOAD c:/program files (x86)/microchip/mplab c32 suite/bin/../lib/gcc/pic32mx/4.5.1/size/mips16/no-float\libgcc.a
START GROUP
LOAD c:/program files (x86)/microchip/mplab c32 suite/bin/../lib/gcc/pic32mx/4.5.1/../../../../pic32mx/lib/size/mips16/no-float\libdebug.a
LOAD c:/program files (x86)/microchip/mplab c32 suite/bin/../lib/gcc/pic32mx/4.5.1/../../../../pic32mx/lib/size/mips16/no-float\libc.a
LOAD c:/program files (x86)/microchip/mplab c32 suite/bin/../lib/gcc/pic32mx/4.5.1/../../../../pic32mx/lib/size/mips16/no-float\libm.a
LOAD c:/program files (x86)/microchip/mplab c32 suite/bin/../lib/gcc/pic32mx/4.5.1/../../../../pic32mx/lib/size/mips16/no-float\libe.a
LOAD c:/program files (x86)/microchip/mplab c32 suite/bin/../lib/gcc/pic32mx/4.5.1/../../../../pic32mx/lib/size/mips16/no-float\libdsp.a
LOAD c:/program files (x86)/microchip/mplab c32 suite/bin/../lib/gcc/pic32mx/4.5.1/../../../../pic32mx/lib/size/mips16/no-float\libmchp_peripheral.a
LOAD c:/program files (x86)/microchip/mplab c32 suite/bin/../lib/gcc/pic32mx/4.5.1/../../../../pic32mx/lib/size/mips16/no-float\libmchp_peripheral_32MX795F512L.a
END GROUP
LOAD c:/program files (x86)/microchip/mplab c32 suite/bin/../lib/gcc/pic32mx/4.5.1/size/mips16/no-float\libgcc.a
                0x00000400                PROVIDE (_min_stack_size, 0x400)
                0x00000000                PROVIDE (_min_heap_size, 0x0)
LOAD c:/program files (x86)/microchip/mplab c32 suite/bin/../lib/gcc/pic32mx/4.5.1/../../../../pic32mx/lib/./proc/32MX795F512L\processor.o
                0x00000000                _ramfunc_begin = 0x0
                0x00000001                PROVIDE (_vector_spacing, 0x1)
                0x9d000000                _ebase_address = 0x9d000000
                0xbfc00000                _RESET_ADDR = 0xbfc00000
                0xbfc00380                _BEV_EXCPT_ADDR = 0xbfc00380
                0xbfc00480                _DBG_EXCPT_ADDR = 0xbfc00480
                0xbfc02000                _DBG_CODE_ADDR = 0xbfc02000
                0x00000ff0                _DBG_CODE_SIZE = 0xff0
                0x9d000180                _GEN_EXCPT_ADDR = (_ebase_address + 0x180)

.boot_software_key
 *(.boot_software_key)

.config_BFC02FF0
 *(.config_BFC02FF0)

.config_BFC02FF4
                0xbfc02ff4        0x4
 *(.config_BFC02FF4)
 .config_BFC02FF4
                0xbfc02ff4        0x4 build/MX795/production/main.o

.config_BFC02FF8
                0xbfc02ff8        0x4
 *(.config_BFC02FF8)
 .config_BFC02FF8
                0xbfc02ff8        0x4 build/MX795/production/main.o

.config_BFC02FFC
                0xbfc02ffc        0x4
 *(.config_BFC02FFC)
 .config_BFC02FFC
                0xbfc02ffc        0x4 build/MX795/production/main.o
                0xbfc02000                PROVIDE (_DBG_CODE_ADDR, 0xbfc02000)
                0x00000ff0                PROVIDE (_DBG_CODE_SIZE, 0xff0)

.reset          0xbfc00000      0x1f4
 *(.reset)
 .reset         0xbfc00000       0x10 c:/program files (x86)/microchip/mplab c32 suite/bin/../lib/gcc/pic32mx/4.5.1/../../../../pic32mx/lib/size/mips16/no-float/crt0.o
                0xbfc00000                _reset
 *(.reset.startup)
 .reset.startup
                0xbfc00010      0x1e4 c:/program files (x86)/microchip/mplab c32 suite/bin/../lib/gcc/pic32mx/4.5.1/../../../../pic32mx/lib/size/mips16/no-float/crt0.o

.bev_excpt      0xbfc00380       0x10
 *(.bev_handler)
 .bev_handler   0xbfc00380       0x10 c:/program files (x86)/microchip/mplab c32 suite/bin/../lib/gcc/pic32mx/4.5.1/../../../../pic32mx/lib/size/mips16/no-float/crt0.o

.dbg_excpt      0xbfc00480        0x0
                0xbfc00480                . = (. + DEFINED (_DEBUGGER)?0x8:0x0)

.dbg_code       0xbfc02000        0x0
                0xbfc02000                . = (. + DEFINED (_DEBUGGER)?_DBG_CODE_SIZE:0x0)

.app_excpt      0x9d000180       0x10
 *(.gen_handler)
 .gen_handler   0x9d000180       0x10 c:/program files (x86)/microchip/mplab c32 suite/bin/../lib/gcc/pic32mx/4.5.1/../../../../pic32mx/lib/size/mips16/no-float/crt0.o

.vector_0       0x9d000200        0x0
 *(.vector_0)
                0x00000001                ASSERT (((_vector_spacing == 0x0) || (SIZEOF (.vector_0) <= (_vector_spacing << 0x5))), function at exception vector 0 too large)

.vector_1       0x9d000220        0x0
 *(.vector_1)
                0x00000001                ASSERT (((_vector_spacing == 0x0) || (SIZEOF (.vector_1) <= (_vector_spacing << 0x5))), function at exception vector 1 too large)

.vector_2       0x9d000240        0x0
 *(.vector_2)
                0x00000001                ASSERT (((_vector_spacing == 0x0) || (SIZEOF (.vector_2) <= (_vector_spacing << 0x5))), function at exception vector 2 too large)

.vector_3       0x9d000260        0x0
 *(.vector_3)
                0x00000001                ASSERT (((_vector_spacing == 0x0) || (SIZEOF (.vector_3) <= (_vector_spacing << 0x5))), function at exception vector 3 too large)

.vector_4       0x9d000280        0x0
 *(.vector_4)
                0x00000001                ASSERT (((_vector_spacing == 0x0) || (SIZEOF (.vector_4) <= (_vector_spacing << 0x5))), function at exception vector 4 too large)

.vector_5       0x9d0002a0        0x0
 *(.vector_5)
                0x00000001                ASSERT (((_vector_spacing == 0x0) || (SIZEOF (.vector_5) <= (_vector_spacing << 0x5))), function at exception vector 5 too large)

.vector_6       0x9d0002c0        0x0
 *(.vector_6)
                0x00000001                ASSERT (((_vector_spacing == 0x0) || (SIZEOF (.vector_6) <= (_vector_spacing << 0x5))), function at exception vector 6 too large)

.vector_7       0x9d0002e0        0x0
 *(.vector_7)
                0x00000001                ASSERT (((_vector_spacing == 0x0) || (SIZEOF (.vector_7) <= (_vector_spacing << 0x5))), function at exception vector 7 too large)

.vector_8       0x9d000300        0x0
 *(.vector_8)
                0x00000001                ASSERT (((_vector_spacing == 0x0) || (SIZEOF (.vector_8) <= (_vector_spacing << 0x5))), function at exception vector 8 too large)

.vector_9       0x9d000320        0x0
 *(.vector_9)
                0x00000001                ASSERT (((_vector_spacing == 0x0) || (SIZEOF (.vector_9) <= (_vector_spacing << 0x5))), function at exception vector 9 too large)

.vector_10      0x9d000340        0x0
 *(.vector_10)
                0x00000001                ASSERT (((_vector_spacing == 0x0) || (SIZEOF (.vector_10) <= (_vector_spacing << 0x5))), function at exception vector 10 too large)

.vector_11      0x9d000360        0x0
 *(.vector_11)
                0x00000001                ASSERT (((_vector_spacing == 0x0) || (SIZEOF (.vector_11) <= (_vector_spacing << 0x5))), function at exception vector 11 too large)

.vector_12      0x9d000380        0x0
 *(.vector_12)
                0x00000001                ASSERT (((_vector_spacing == 0x0) || (SIZEOF (.vector_12) <= (_vector_spacing << 0x5))), function at exception vector 12 too large)

.vector_13      0x9d0003a0        0x0
 *(.vector_13)
                0x00000001                ASSERT (((_vector_spacing == 0x0) || (SIZEOF (.vector_13) <= (_vector_spacing << 0x5))), function at exception vector 13 too large)

.vector_14      0x9d0003c0        0x0
 *(.vector_14)
                0x00000001                ASSERT (((_vector_spacing == 0x0) || (SIZEOF (.vector_14) <= (_vector_spacing << 0x5))), function at exception vector 14 too large)

.vector_15      0x9d0003e0        0x0
 *(.vector_15)
                0x00000001                ASSERT (((_vector_spacing == 0x0) || (SIZEOF (.vector_15) <= (_vector_spacing << 0x5))), function at exception vector 15 too large)

.vector_16      0x9d000400        0x0
 *(.vector_16)
                0x00000001                ASSERT (((_vector_spacing == 0x0) || (SIZEOF (.vector_16) <= (_vector_spacing << 0x5))), function at exception vector 16 too large)

.vector_17      0x9d000420        0x0
 *(.vector_17)
                0x00000001                ASSERT (((_vector_spacing == 0x0) || (SIZEOF (.vector_17) <= (_vector_spacing << 0x5))), function at exception vector 17 too large)

.vector_18      0x9d000440        0x0
 *(.vector_18)
                0x00000001                ASSERT (((_vector_spacing == 0x0) || (SIZEOF (.vector_18) <= (_vector_spacing << 0x5))), function at exception vector 18 too large)

.vector_19      0x9d000460        0x0
 *(.vector_19)
                0x00000001                ASSERT (((_vector_spacing == 0x0) || (SIZEOF (.vector_19) <= (_vector_spacing << 0x5))), function at exception vector 19 too large)

.vector_20      0x9d000480        0x0
 *(.vector_20)
                0x00000001                ASSERT (((_vector_spacing == 0x0) || (SIZEOF (.vector_20) <= (_vector_spacing << 0x5))), function at exception vector 20 too large)

.vector_21      0x9d0004a0        0x0
 *(.vector_21)
                0x00000001                ASSERT (((_vector_spacing == 0x0) || (SIZEOF (.vector_21) <= (_vector_spacing << 0x5))), function at exception vector 21 too large)

.vector_22      0x9d0004c0        0x0
 *(.vector_22)
                0x00000001                ASSERT (((_vector_spacing == 0x0) || (SIZEOF (.vector_22) <= (_vector_spacing << 0x5))), function at exception vector 22 too large)

.vector_23      0x9d0004e0        0x0
 *(.vector_23)
                0x00000001                ASSERT (((_vector_spacing == 0x0) || (SIZEOF (.vector_23) <= (_vector_spacing << 0x5))), function at exception vector 23 too large)

.vector_24      0x9d000500        0x0
 *(.vector_24)
                0x00000001                ASSERT (((_vector_spacing == 0x0) || (SIZEOF (.vector_24) <= (_vector_spacing << 0x5))), function at exception vector 24 too large)

.vector_25      0x9d000520        0x0
 *(.vector_25)
                0x00000001                ASSERT (((_vector_spacing == 0x0) || (SIZEOF (.vector_25) <= (_vector_spacing << 0x5))), function at exception vector 25 too large)

.vector_26      0x9d000540        0x0
 *(.vector_26)
                0x00000001                ASSERT (((_vector_spacing == 0x0) || (SIZEOF (.vector_26) <= (_vector_spacing << 0x5))), function at exception vector 26 too large)

.vector_27      0x9d000560        0x0
 *(.vector_27)
                0x00000001                ASSERT (((_vector_spacing == 0x0) || (SIZEOF (.vector_27) <= (_vector_spacing << 0x5))), function at exception vector 27 too large)

.vector_28      0x9d000580        0x0
 *(.vector_28)
                0x00000001                ASSERT (((_vector_spacing == 0x0) || (SIZEOF (.vector_28) <= (_vector_spacing << 0x5))), function at exception vector 28 too large)

.vector_29      0x9d0005a0        0x0
 *(.vector_29)
                0x00000001                ASSERT (((_vector_spacing == 0x0) || (SIZEOF (.vector_29) <= (_vector_spacing << 0x5))), function at exception vector 29 too large)

.vector_30      0x9d0005c0        0x0
 *(.vector_30)
                0x00000001                ASSERT (((_vector_spacing == 0x0) || (SIZEOF (.vector_30) <= (_vector_spacing << 0x5))), function at exception vector 30 too large)

.vector_31      0x9d0005e0        0x0
 *(.vector_31)
                0x00000001                ASSERT (((_vector_spacing == 0x0) || (SIZEOF (.vector_31) <= (_vector_spacing << 0x5))), function at exception vector 31 too large)

.vector_32      0x9d000600        0x0
 *(.vector_32)
                0x00000001                ASSERT (((_vector_spacing == 0x0) || (SIZEOF (.vector_32) <= (_vector_spacing << 0x5))), function at exception vector 32 too large)

.vector_33      0x9d000620        0x0
 *(.vector_33)
                0x00000001                ASSERT (((_vector_spacing == 0x0) || (SIZEOF (.vector_33) <= (_vector_spacing << 0x5))), function at exception vector 33 too large)

.vector_34      0x9d000640        0x0
 *(.vector_34)
                0x00000001                ASSERT (((_vector_spacing == 0x0) || (SIZEOF (.vector_34) <= (_vector_spacing << 0x5))), function at exception vector 34 too large)

.vector_35      0x9d000660        0x0
 *(.vector_35)
                0x00000001                ASSERT (((_vector_spacing == 0x0) || (SIZEOF (.vector_35) <= (_vector_spacing << 0x5))), function at exception vector 35 too large)

.vector_36      0x9d000680        0x0
 *(.vector_36)
                0x00000001                ASSERT (((_vector_spacing == 0x0) || (SIZEOF (.vector_36) <= (_vector_spacing << 0x5))), function at exception vector 36 too large)

.vector_37      0x9d0006a0        0x0
 *(.vector_37)
                0x00000001                ASSERT (((_vector_spacing == 0x0) || (SIZEOF (.vector_37) <= (_vector_spacing << 0x5))), function at exception vector 37 too large)

.vector_38      0x9d0006c0        0x0
 *(.vector_38)
                0x00000001                ASSERT (((_vector_spacing == 0x0) || (SIZEOF (.vector_38) <= (_vector_spacing << 0x5))), function at exception vector 38 too large)

.vector_39      0x9d0006e0        0x0
 *(.vector_39)
                0x00000001                ASSERT (((_vector_spacing == 0x0) || (SIZEOF (.vector_39) <= (_vector_spacing << 0x5))), function at exception vector 39 too large)

.vector_40      0x9d000700        0x0
 *(.vector_40)
                0x00000001                ASSERT (((_vector_spacing == 0x0) || (SIZEOF (.vector_40) <= (_vector_spacing << 0x5))), function at exception vector 40 too large)

.vector_41      0x9d000720        0x0
 *(.vector_41)
                0x00000001                ASSERT (((_vector_spacing == 0x0) || (SIZEOF (.vector_41) <= (_vector_spacing << 0x5))), function at exception vector 41 too large)

.vector_42      0x9d000740        0x0
 *(.vector_42)
                0x00000001                ASSERT (((_vector_spacing == 0x0) || (SIZEOF (.vector_42) <= (_vector_spacing << 0x5))), function at exception vector 42 too large)

.vector_43      0x9d000760        0x0
 *(.vector_43)
                0x00000001                ASSERT (((_vector_spacing == 0x0) || (SIZEOF (.vector_43) <= (_vector_spacing << 0x5))), function at exception vector 43 too large)

.vector_44      0x9d000780        0x0
 *(.vector_44)
                0x00000001                ASSERT (((_vector_spacing == 0x0) || (SIZEOF (.vector_44) <= (_vector_spacing << 0x5))), function at exception vector 44 too large)

.vector_45      0x9d0007a0        0x0
 *(.vector_45)
                0x00000001                ASSERT (((_vector_spacing == 0x0) || (SIZEOF (.vector_45) <= (_vector_spacing << 0x5))), function at exception vector 45 too large)

.vector_46      0x9d0007c0        0x0
 *(.vector_46)
                0x00000001                ASSERT (((_vector_spacing == 0x0) || (SIZEOF (.vector_46) <= (_vector_spacing << 0x5))), function at exception vector 46 too large)

.vector_47      0x9d0007e0        0x0
 *(.vector_47)
                0x00000001                ASSERT (((_vector_spacing == 0x0) || (SIZEOF (.vector_47) <= (_vector_spacing << 0x5))), function at exception vector 47 too large)

.vector_48      0x9d000800        0x0
 *(.vector_48)
                0x00000001                ASSERT (((_vector_spacing == 0x0) || (SIZEOF (.vector_48) <= (_vector_spacing << 0x5))), function at exception vector 48 too large)

.vector_49      0x9d000820        0x0
 *(.vector_49)
                0x00000001                ASSERT (((_vector_spacing == 0x0) || (SIZEOF (.vector_49) <= (_vector_spacing << 0x5))), function at exception vector 49 too large)

.vector_50      0x9d000840        0x0
 *(.vector_50)
                0x00000001                ASSERT (((_vector_spacing == 0x0) || (SIZEOF (.vector_50) <= (_vector_spacing << 0x5))), function at exception vector 50 too large)

.vector_51      0x9d000860        0x0
 *(.vector_51)
                0x00000001                ASSERT (((_vector_spacing == 0x0) || (SIZEOF (.vector_51) <= (_vector_spacing << 0x5))), function at exception vector 51 too large)

.vector_52      0x9d000880        0x0
 *(.vector_52)
                0x00000001                ASSERT (((_vector_spacing == 0x0) || (SIZEOF (.vector_52) <= (_vector_spacing << 0x5))), function at exception vector 52 too large)

.vector_53      0x9d0008a0        0x0
 *(.vector_53)
                0x00000001                ASSERT (((_vector_spacing == 0x0) || (SIZEOF (.vector_53) <= (_vector_spacing << 0x5))), function at exception vector 53 too large)

.vector_54      0x9d0008c0        0x0
 *(.vector_54)
                0x00000001                ASSERT (((_vector_spacing == 0x0) || (SIZEOF (.vector_54) <= (_vector_spacing << 0x5))), function at exception vector 54 too large)

.vector_55      0x9d0008e0        0x0
 *(.vector_55)
                0x00000001                ASSERT (((_vector_spacing == 0x0) || (SIZEOF (.vector_55) <= (_vector_spacing << 0x5))), function at exception vector 55 too large)

.vector_56      0x9d000900        0x0
 *(.vector_56)
                0x00000001                ASSERT (((_vector_spacing == 0x0) || (SIZEOF (.vector_56) <= (_vector_spacing << 0x5))), function at exception vector 56 too large)

.vector_57      0x9d000920        0x0
 *(.vector_57)
                0x00000001                ASSERT (((_vector_spacing == 0x0) || (SIZEOF (.vector_57) <= (_vector_spacing << 0x5))), function at exception vector 57 too large)

.vector_58      0x9d000940        0x0
 *(.vector_58)
                0x00000001                ASSERT (((_vector_spacing == 0x0) || (SIZEOF (.vector_58) <= (_vector_spacing << 0x5))), function at exception vector 58 too large)

.vector_59      0x9d000960        0x0
 *(.vector_59)
                0x00000001                ASSERT (((_vector_spacing == 0x0) || (SIZEOF (.vector_59) <= (_vector_spacing << 0x5))), function at exception vector 59 too large)

.vector_60      0x9d000980        0x0
 *(.vector_60)
                0x00000001                ASSERT (((_vector_spacing == 0x0) || (SIZEOF (.vector_60) <= (_vector_spacing << 0x5))), function at exception vector 60 too large)

.vector_61      0x9d0009a0        0x0
 *(.vector_61)
                0x00000001                ASSERT (((_vector_spacing == 0x0) || (SIZEOF (.vector_61) <= (_vector_spacing << 0x5))), function at exception vector 61 too large)

.vector_62      0x9d0009c0        0x0
 *(.vector_62)
                0x00000001                ASSERT (((_vector_spacing == 0x0) || (SIZEOF (.vector_62) <= (_vector_spacing << 0x5))), function at exception vector 62 too large)

.vector_63      0x9d0009e0        0x0
 *(.vector_63)
                0x00000001                ASSERT (((_vector_spacing == 0x0) || (SIZEOF (.vector_63) <= (_vector_spacing << 0x5))), function at exception vector 63 too large)

.startup
 *(.startup)

.text
 *(.stub .gnu.linkonce.t.*)
 *(.text.*personality*)
 *(.mips16.fn.*)
 *(.mips16.call.*)
 *(.gnu.warning)

.rodata         0x9d002000       0xd0
 *(.rodata.* .gnu.linkonce.r.*)
 .rodata.device_dsc
                0x9d002000       0x14 build/MX795/production/usb_descriptors.o
                0x9d002000                device_dsc
 .rodata.configDescriptor1
                0x9d002014       0x2c build/MX795/production/usb_descriptors.o
                0x9d002014                configDescriptor1
 .rodata.sd000  0x9d002040        0x4 build/MX795/production/usb_descriptors.o
                0x9d002040                sd000
 .rodata.sd001  0x9d002044       0x34 build/MX795/production/usb_descriptors.o
                0x9d002044                sd001
 .rodata.sd002  0x9d002078       0x28 build/MX795/production/usb_descriptors.o
                0x9d002078                sd002
 .rodata.hid_rpt01
                0x9d0020a0       0x20 build/MX795/production/usb_descriptors.o
                0x9d0020a0                hid_rpt01
 .rodata.USB_CD_Ptr
                0x9d0020c0        0x4 build/MX795/production/usb_descriptors.o
                0x9d0020c0                USB_CD_Ptr
 .rodata.USB_SD_Ptr
                0x9d0020c4        0xc build/MX795/production/usb_descriptors.o
                0x9d0020c4                USB_SD_Ptr
 *(.rodata1)
                0x9d0020d0                . = ALIGN (0x4)

.sdata2         0x9d0020d0        0x0
 *(.sdata2 .sdata2.* .gnu.linkonce.s2.*)
                0x9d0020d0                . = ALIGN (0x4)

.sbss2          0x9d0020d0        0x0
 *(.sbss2 .sbss2.* .gnu.linkonce.sb2.*)
                0x9d0020d0                . = ALIGN (0x4)

.eh_frame_hdr
 *(.eh_frame_hdr)

.eh_frame
 *(.eh_frame)

.dbg_data       0xa0000004        0x0
                0xa0000004                . = (. + DEFINED (_DEBUGGER)?0x200:0x0)

.persist        0xa0000004        0x0
                0xa0000004                _persist_begin = .
 *(.persist .persist.*)
                0xa0000004                . = ALIGN (0x4)
                0xa0000004                _persist_end = .

.eh_frame
 *(.eh_frame)
                0xa0000004                . = .
                0xa0008000                _gp = (ALIGN (0x10) + 0x7ff0)

.got
 *(.got.plt)
 *(.got)

.sdata          0xa0000004        0x4
                0xa0000004                _sdata_begin = .
 *(.sdata .sdata.* .gnu.linkonce.s.*)
 .sdata.blinkStatusValid
                0xa0000004        0x4 build/MX795/production/main.o
                0xa0000004                blinkStatusValid
                0xa0000008                _sdata_end = .

.lit8
 *(.lit8)

.lit4
 *(.lit4)
                0xa0000008                . = ALIGN (0x4)
                0xa0000008                _data_end = .
                0xa0000008                _bss_begin = .

.sbss           0xa0000008       0x8c
                0xa0000008                _sbss_begin = .
 *(.dynsbss)
 *(.sbss .sbss.* .gnu.linkonce.sb.*)
 .sbss.USBOutHandle
                0xa0000008        0x4 build/MX795/production/main.o
                0xa0000008                USBOutHandle
 .sbss.USBInHandle
                0xa000000c        0x4 build/MX795/production/main.o
                0xa000000c                USBInHandle
 .sbss.SoftwareKey
                0xa0000010        0x4 build/MX795/production/main.o
                0xa0000010                SoftwareKey
 .sbss.led_count.22817
                0xa0000014        0x2 build/MX795/production/main.o
 *(.scommon)
 *fill*         0xa0000016        0x2 00
 .scommon       0xa0000018       0x6a build/MX795/production/_ext/343710134/usb_device.o
                0xa0000018                ep_data_in
                0xa000001c                USBDeferStatusStagePacket
                0xa0000020                USTATcopy
                0xa0000024                CtrlTrfData
                0xa000002c                RemoteWakeup
                0xa0000030                controlTransferState
                0xa0000031                USBStatusStageTimeoutCounter
                0xa0000034                pDst
                0xa0000038                USBDeferINDataStagePackets
                0xa000003c                ep_data_out
                0xa0000040                SetupPkt
                0xa0000048                pBDTEntryEP0OutNext
                0xa000004c                USBAlternateInterface
                0xa0000050                USBStatusStageEnabledFlag2
                0xa0000054                BothEP0OutUOWNsSet
                0xa0000058                USBBusIsSuspended
                0xa000005c                USBDeferOUTDataStagePackets
                0xa0000060                pBDTEntryOut
                0xa0000068                USBActiveConfiguration
                0xa000006c                USBStatusStageEnabledFlag1
                0xa0000070                USBDeviceState
                0xa0000074                pBDTEntryIn
                0xa000007c                pBDTEntryEP0OutCurrent
                0xa0000080                shortPacketStatus
                0xa0000081                endpoint_number
 .scommon       0xa0000082        0x2 build/MX795/production/_ext/1295437596/usb_function_hid.o
                0xa0000082                active_protocol
                0xa0000083                idle_rate
 .scommon       0xa0000084       0x10 build/MX795/production/main.o
                0xa0000084                BufferedDataIndex
                0xa0000085                MaxPageToErase
                0xa0000086                ErasePageTracker
                0xa0000088                ProgrammedPointer
                0xa000008c                BootState
                0xa000008d                ConfigsProtected
                0xa0000090                ProgramMemStopAddress
                0xa0000094                _sbss_end = .

.bss            0xa0000200      0x380
 *(.dynbss)
 *(COMMON)
 COMMON         0xa0000200      0x240 build/MX795/production/_ext/343710134/usb_device.o
                0xa0000200                inPipes
                0xa0000210                outPipes
                0xa0000400                BDT
 COMMON         0xa0000440      0x140 build/MX795/production/main.o
                0xa0000440                PacketFromPCBuffer
                0xa0000480                PacketToPC
                0xa00004c0                PacketFromPC
                0xa0000500                ProgrammingBuffer
                0xa0000580                . = ALIGN (0x4)
                0xa0000580                . = ALIGN (0x4)
                0xa0000580                _end = .
                0xa0000580                _bss_end = .
                0x00007f00                _bmxdudba_address = 0x7f00
                0x00007f00                _bmxdupba_address = 0x7f00

/DISCARD/
 *(.pdr)
 *(.reginfo)
 *(.rel.dyn)
 *(.note.GNU-stack)
 *(.note.GNU-stack)
 *(.gnu_debuglink)
 *(.gnu.lto_*)
 *(.discard)

.stab
 *(.stab)

.stabstr
 *(.stabstr)

.stab.excl
 *(.stab.excl)

.stab.exclstr
 *(.stab.exclstr)

.stab.index
 *(.stab.index)

.stab.indexstr
 *(.stab.indexstr)

.comment        0x00000000       0xa2
 *(.comment)
 .comment       0x00000000       0x51 build/MX795/production/_ext/343710134/usb_device.o
                                 0x52 (size before relaxing)
 .comment       0x00000000       0x52 build/MX795/production/_ext/1295437596/usb_function_hid.o
 .comment       0x00000000       0x52 build/MX795/production/main.o
 .comment       0x00000000       0x52 build/MX795/production/usb_descriptors.o
 .comment       0x00000000       0x52 c:/program files (x86)/microchip/mplab c32 suite/bin/../lib/gcc/pic32mx/4.5.1/../../../../pic32mx/lib/size/mips16/no-float\libc.a(memset.o)
 .comment       0x00000000       0x52 c:/program files (x86)/microchip/mplab c32 suite/bin/../lib/gcc/pic32mx/4.5.1/../../../../pic32mx/lib/size/mips16/no-float\libc.a(default-general-exception-handler.o)
 .comment       0x00000000       0x52 c:/program files (x86)/microchip/mplab c32 suite/bin/../lib/gcc/pic32mx/4.5.1/../../../../pic32mx/lib/size/mips16/no-float\libc.a(default-bootstrap-exception-handler.o)
 .comment       0x00000000       0x52 c:/program files (x86)/microchip/mplab c32 suite/bin/../lib/gcc/pic32mx/4.5.1/../../../../pic32mx/lib/size/mips16/no-float\libc.a(default-on-reset.o)
 .comment       0x00000000       0x52 c:/program files (x86)/microchip/mplab c32 suite/bin/../lib/gcc/pic32mx/4.5.1/../../../../pic32mx/lib/size/mips16/no-float\libc.a(default-on-bootstrap.o)
 .comment       0x00000051       0x51 c:/program files (x86)/microchip/mplab c32 suite/bin/../lib/gcc/pic32mx/4.5.1/../../../../pic32mx/lib/size/mips16/no-float\libmchp_peripheral_32MX795F512L.a(soft_reset_lib.o)
                                 0x52 (size before relaxing)
 .comment       0x00000000       0x52 c:/program files (x86)/microchip/mplab c32 suite/bin/../lib/gcc/pic32mx/4.5.1/../../../../pic32mx/lib/size/mips16/no-float\libmchp_peripheral_32MX795F512L.a(int_disable_interrupts_lib.o)
 .comment       0x00000000       0x52 c:/program files (x86)/microchip/mplab c32 suite/bin/../lib/gcc/pic32mx/4.5.1/../../../../pic32mx/lib/size/mips16/no-float\libmchp_peripheral_32MX795F512L.a(int_tbl_lib.o)
 .comment       0x00000000       0x52 c:/program files (x86)/microchip/mplab c32 suite/bin/../lib/gcc/pic32mx/4.5.1/../../../../pic32mx/lib/size/mips16/no-float\libmchp_peripheral_32MX795F512L.a(nvm_erase_page_lib.o)
 .comment       0x00000000       0x52 c:/program files (x86)/microchip/mplab c32 suite/bin/../lib/gcc/pic32mx/4.5.1/../../../../pic32mx/lib/size/mips16/no-float\libmchp_peripheral_32MX795F512L.a(nvm_operation_lib.o)
 .comment       0x00000000       0x52 c:/program files (x86)/microchip/mplab c32 suite/bin/../lib/gcc/pic32mx/4.5.1/../../../../pic32mx/lib/size/mips16/no-float\libmchp_peripheral_32MX795F512L.a(nvm_write_word_lib.o)
 .comment       0x00000000       0x52 c:/program files (x86)/microchip/mplab c32 suite/bin/../lib/gcc/pic32mx/4.5.1/../../../../pic32mx/lib/size/mips16/no-float\libmchp_peripheral_32MX795F512L.a(int_restore_interrupts_lib.o)

.debug
 *(.debug)

.line
 *(.line)

.debug_srcinfo
 *(.debug_srcinfo)

.debug_sfnames
 *(.debug_sfnames)

.debug_aranges  0x00000000      0x358
 *(.debug_aranges)
 .debug_aranges
                0x00000000       0xd8 build/MX795/production/_ext/343710134/usb_device.o
 .debug_aranges
                0x000000d8       0x20 build/MX795/production/_ext/1295437596/usb_function_hid.o
 .debug_aranges
                0x000000f8       0xa0 build/MX795/production/main.o
 .debug_aranges
                0x00000198       0x20 c:/program files (x86)/microchip/mplab c32 suite/bin/../lib/gcc/pic32mx/4.5.1/../../../../pic32mx/lib/size/mips16/no-float\libc.a(memset.o)
 .debug_aranges
                0x000001b8       0x20 c:/program files (x86)/microchip/mplab c32 suite/bin/../lib/gcc/pic32mx/4.5.1/../../../../pic32mx/lib/size/mips16/no-float\libc.a(default-general-exception-handler.o)
 .debug_aranges
                0x000001d8       0x20 c:/program files (x86)/microchip/mplab c32 suite/bin/../lib/gcc/pic32mx/4.5.1/../../../../pic32mx/lib/size/mips16/no-float\libc.a(default-bootstrap-exception-handler.o)
 .debug_aranges
                0x000001f8       0x20 c:/program files (x86)/microchip/mplab c32 suite/bin/../lib/gcc/pic32mx/4.5.1/../../../../pic32mx/lib/size/mips16/no-float\libc.a(default-on-reset.o)
 .debug_aranges
                0x00000218       0x20 c:/program files (x86)/microchip/mplab c32 suite/bin/../lib/gcc/pic32mx/4.5.1/../../../../pic32mx/lib/size/mips16/no-float\libc.a(default-on-bootstrap.o)
 .debug_aranges
                0x00000238       0x20 c:/program files (x86)/microchip/mplab c32 suite/bin/../lib/gcc/pic32mx/4.5.1/../../../../pic32mx/lib/size/mips16/no-float\libmchp_peripheral_32MX795F512L.a(soft_reset_lib.o)
 .debug_aranges
                0x00000258       0x20 c:/program files (x86)/microchip/mplab c32 suite/bin/../lib/gcc/pic32mx/4.5.1/../../../../pic32mx/lib/size/mips16/no-float\libmchp_peripheral_32MX795F512L.a(int_disable_interrupts_lib.o)
 .debug_aranges
                0x00000278       0x60 c:/program files (x86)/microchip/mplab c32 suite/bin/../lib/gcc/pic32mx/4.5.1/../../../../pic32mx/lib/size/mips16/no-float\libmchp_peripheral_32MX795F512L.a(int_tbl_lib.o)
 .debug_aranges
                0x000002d8       0x20 c:/program files (x86)/microchip/mplab c32 suite/bin/../lib/gcc/pic32mx/4.5.1/../../../../pic32mx/lib/size/mips16/no-float\libmchp_peripheral_32MX795F512L.a(nvm_erase_page_lib.o)
 .debug_aranges
                0x000002f8       0x20 c:/program files (x86)/microchip/mplab c32 suite/bin/../lib/gcc/pic32mx/4.5.1/../../../../pic32mx/lib/size/mips16/no-float\libmchp_peripheral_32MX795F512L.a(nvm_operation_lib.o)
 .debug_aranges
                0x00000318       0x20 c:/program files (x86)/microchip/mplab c32 suite/bin/../lib/gcc/pic32mx/4.5.1/../../../../pic32mx/lib/size/mips16/no-float\libmchp_peripheral_32MX795F512L.a(nvm_write_word_lib.o)
 .debug_aranges
                0x00000338       0x20 c:/program files (x86)/microchip/mplab c32 suite/bin/../lib/gcc/pic32mx/4.5.1/../../../../pic32mx/lib/size/mips16/no-float\libmchp_peripheral_32MX795F512L.a(int_restore_interrupts_lib.o)

.debug_pubnames
                0x00000000      0x8ca
 *(.debug_pubnames)
 .debug_pubnames
                0x00000000      0x312 build/MX795/production/_ext/343710134/usb_device.o
 .debug_pubnames
                0x00000312       0x4b build/MX795/production/_ext/1295437596/usb_function_hid.o
 .debug_pubnames
                0x0000035d      0x27d build/MX795/production/main.o
 .debug_pubnames
                0x000005da       0x81 build/MX795/production/usb_descriptors.o
 .debug_pubnames
                0x0000065b       0x1d c:/program files (x86)/microchip/mplab c32 suite/bin/../lib/gcc/pic32mx/4.5.1/../../../../pic32mx/lib/size/mips16/no-float\libc.a(memset.o)
 .debug_pubnames
                0x00000678       0x31 c:/program files (x86)/microchip/mplab c32 suite/bin/../lib/gcc/pic32mx/4.5.1/../../../../pic32mx/lib/size/mips16/no-float\libc.a(default-general-exception-handler.o)
 .debug_pubnames
                0x000006a9       0x33 c:/program files (x86)/microchip/mplab c32 suite/bin/../lib/gcc/pic32mx/4.5.1/../../../../pic32mx/lib/size/mips16/no-float\libc.a(default-bootstrap-exception-handler.o)
 .debug_pubnames
                0x000006dc       0x20 c:/program files (x86)/microchip/mplab c32 suite/bin/../lib/gcc/pic32mx/4.5.1/../../../../pic32mx/lib/size/mips16/no-float\libc.a(default-on-reset.o)
 .debug_pubnames
                0x000006fc       0x24 c:/program files (x86)/microchip/mplab c32 suite/bin/../lib/gcc/pic32mx/4.5.1/../../../../pic32mx/lib/size/mips16/no-float\libc.a(default-on-bootstrap.o)
 .debug_pubnames
                0x00000720       0x20 c:/program files (x86)/microchip/mplab c32 suite/bin/../lib/gcc/pic32mx/4.5.1/../../../../pic32mx/lib/size/mips16/no-float\libmchp_peripheral_32MX795F512L.a(soft_reset_lib.o)
 .debug_pubnames
                0x00000740       0x2b c:/program files (x86)/microchip/mplab c32 suite/bin/../lib/gcc/pic32mx/4.5.1/../../../../pic32mx/lib/size/mips16/no-float\libmchp_peripheral_32MX795F512L.a(int_disable_interrupts_lib.o)
 .debug_pubnames
                0x0000076b       0xca c:/program files (x86)/microchip/mplab c32 suite/bin/../lib/gcc/pic32mx/4.5.1/../../../../pic32mx/lib/size/mips16/no-float\libmchp_peripheral_32MX795F512L.a(int_tbl_lib.o)
 .debug_pubnames
                0x00000835       0x23 c:/program files (x86)/microchip/mplab c32 suite/bin/../lib/gcc/pic32mx/4.5.1/../../../../pic32mx/lib/size/mips16/no-float\libmchp_peripheral_32MX795F512L.a(nvm_erase_page_lib.o)
 .debug_pubnames
                0x00000858       0x24 c:/program files (x86)/microchip/mplab c32 suite/bin/../lib/gcc/pic32mx/4.5.1/../../../../pic32mx/lib/size/mips16/no-float\libmchp_peripheral_32MX795F512L.a(nvm_operation_lib.o)
 .debug_pubnames
                0x0000087c       0x23 c:/program files (x86)/microchip/mplab c32 suite/bin/../lib/gcc/pic32mx/4.5.1/../../../../pic32mx/lib/size/mips16/no-float\libmchp_peripheral_32MX795F512L.a(nvm_write_word_lib.o)
 .debug_pubnames
                0x0000089f       0x2b c:/program files (x86)/microchip/mplab c32 suite/bin/../lib/gcc/pic32mx/4.5.1/../../../../pic32mx/lib/size/mips16/no-float\libmchp_peripheral_32MX795F512L.a(int_restore_interrupts_lib.o)

.debug_info     0x00000000     0xa994
 *(.debug_info .gnu.linkonce.wi.*)
 .debug_info    0x00000000     0x3b47 build/MX795/production/_ext/343710134/usb_device.o
 .debug_info    0x00003b47     0x1cb7 build/MX795/production/_ext/1295437596/usb_function_hid.o
 .debug_info    0x000057fe     0x2e97 build/MX795/production/main.o
 .debug_info    0x00008695     0x1804 build/MX795/production/usb_descriptors.o
 .debug_info    0x00009e99       0xd1 c:/program files (x86)/microchip/mplab c32 suite/bin/../lib/gcc/pic32mx/4.5.1/../../../../pic32mx/lib/size/mips16/no-float\libc.a(memset.o)
 .debug_info    0x00009f6a      0x102 c:/program files (x86)/microchip/mplab c32 suite/bin/../lib/gcc/pic32mx/4.5.1/../../../../pic32mx/lib/size/mips16/no-float\libc.a(default-general-exception-handler.o)
 .debug_info    0x0000a06c      0x106 c:/program files (x86)/microchip/mplab c32 suite/bin/../lib/gcc/pic32mx/4.5.1/../../../../pic32mx/lib/size/mips16/no-float\libc.a(default-bootstrap-exception-handler.o)
 .debug_info    0x0000a172       0xe0 c:/program files (x86)/microchip/mplab c32 suite/bin/../lib/gcc/pic32mx/4.5.1/../../../../pic32mx/lib/size/mips16/no-float\libc.a(default-on-reset.o)
 .debug_info    0x0000a252       0xe8 c:/program files (x86)/microchip/mplab c32 suite/bin/../lib/gcc/pic32mx/4.5.1/../../../../pic32mx/lib/size/mips16/no-float\libc.a(default-on-bootstrap.o)
 .debug_info    0x0000a33a       0xc7 c:/program files (x86)/microchip/mplab c32 suite/bin/../lib/gcc/pic32mx/4.5.1/../../../../pic32mx/lib/size/mips16/no-float\libmchp_peripheral_32MX795F512L.a(soft_reset_lib.o)
 .debug_info    0x0000a401       0xcb c:/program files (x86)/microchip/mplab c32 suite/bin/../lib/gcc/pic32mx/4.5.1/../../../../pic32mx/lib/size/mips16/no-float\libmchp_peripheral_32MX795F512L.a(int_disable_interrupts_lib.o)
 .debug_info    0x0000a4cc      0x1ab c:/program files (x86)/microchip/mplab c32 suite/bin/../lib/gcc/pic32mx/4.5.1/../../../../pic32mx/lib/size/mips16/no-float\libmchp_peripheral_32MX795F512L.a(int_tbl_lib.o)
 .debug_info    0x0000a677       0xbb c:/program files (x86)/microchip/mplab c32 suite/bin/../lib/gcc/pic32mx/4.5.1/../../../../pic32mx/lib/size/mips16/no-float\libmchp_peripheral_32MX795F512L.a(nvm_erase_page_lib.o)
 .debug_info    0x0000a732       0xdc c:/program files (x86)/microchip/mplab c32 suite/bin/../lib/gcc/pic32mx/4.5.1/../../../../pic32mx/lib/size/mips16/no-float\libmchp_peripheral_32MX795F512L.a(nvm_operation_lib.o)
 .debug_info    0x0000a80e       0xbb c:/program files (x86)/microchip/mplab c32 suite/bin/../lib/gcc/pic32mx/4.5.1/../../../../pic32mx/lib/size/mips16/no-float\libmchp_peripheral_32MX795F512L.a(nvm_write_word_lib.o)
 .debug_info    0x0000a8c9       0xcb c:/program files (x86)/microchip/mplab c32 suite/bin/../lib/gcc/pic32mx/4.5.1/../../../../pic32mx/lib/size/mips16/no-float\libmchp_peripheral_32MX795F512L.a(int_restore_interrupts_lib.o)

.debug_abbrev   0x00000000      0xb80
 *(.debug_abbrev)
 .debug_abbrev  0x00000000      0x313 build/MX795/production/_ext/343710134/usb_device.o
 .debug_abbrev  0x00000313      0x1e5 build/MX795/production/_ext/1295437596/usb_function_hid.o
 .debug_abbrev  0x000004f8      0x2d8 build/MX795/production/main.o
 .debug_abbrev  0x000007d0      0x1d6 build/MX795/production/usb_descriptors.o
 .debug_abbrev  0x000009a6       0x25 c:/program files (x86)/microchip/mplab c32 suite/bin/../lib/gcc/pic32mx/4.5.1/../../../../pic32mx/lib/size/mips16/no-float\libc.a(memset.o)
 .debug_abbrev  0x000009cb       0x25 c:/program files (x86)/microchip/mplab c32 suite/bin/../lib/gcc/pic32mx/4.5.1/../../../../pic32mx/lib/size/mips16/no-float\libc.a(default-general-exception-handler.o)
 .debug_abbrev  0x000009f0       0x25 c:/program files (x86)/microchip/mplab c32 suite/bin/../lib/gcc/pic32mx/4.5.1/../../../../pic32mx/lib/size/mips16/no-float\libc.a(default-bootstrap-exception-handler.o)
 .debug_abbrev  0x00000a15       0x25 c:/program files (x86)/microchip/mplab c32 suite/bin/../lib/gcc/pic32mx/4.5.1/../../../../pic32mx/lib/size/mips16/no-float\libc.a(default-on-reset.o)
 .debug_abbrev  0x00000a3a       0x25 c:/program files (x86)/microchip/mplab c32 suite/bin/../lib/gcc/pic32mx/4.5.1/../../../../pic32mx/lib/size/mips16/no-float\libc.a(default-on-bootstrap.o)
 .debug_abbrev  0x00000a5f       0x34 c:/program files (x86)/microchip/mplab c32 suite/bin/../lib/gcc/pic32mx/4.5.1/../../../../pic32mx/lib/size/mips16/no-float\libmchp_peripheral_32MX795F512L.a(soft_reset_lib.o)
 .debug_abbrev  0x00000a93       0x25 c:/program files (x86)/microchip/mplab c32 suite/bin/../lib/gcc/pic32mx/4.5.1/../../../../pic32mx/lib/size/mips16/no-float\libmchp_peripheral_32MX795F512L.a(int_disable_interrupts_lib.o)
 .debug_abbrev  0x00000ab8       0x25 c:/program files (x86)/microchip/mplab c32 suite/bin/../lib/gcc/pic32mx/4.5.1/../../../../pic32mx/lib/size/mips16/no-float\libmchp_peripheral_32MX795F512L.a(int_tbl_lib.o)
 .debug_abbrev  0x00000add       0x25 c:/program files (x86)/microchip/mplab c32 suite/bin/../lib/gcc/pic32mx/4.5.1/../../../../pic32mx/lib/size/mips16/no-float\libmchp_peripheral_32MX795F512L.a(nvm_erase_page_lib.o)
 .debug_abbrev  0x00000b02       0x34 c:/program files (x86)/microchip/mplab c32 suite/bin/../lib/gcc/pic32mx/4.5.1/../../../../pic32mx/lib/size/mips16/no-float\libmchp_peripheral_32MX795F512L.a(nvm_operation_lib.o)
 .debug_abbrev  0x00000b36       0x25 c:/program files (x86)/microchip/mplab c32 suite/bin/../lib/gcc/pic32mx/4.5.1/../../../../pic32mx/lib/size/mips16/no-float\libmchp_peripheral_32MX795F512L.a(nvm_write_word_lib.o)
 .debug_abbrev  0x00000b5b       0x25 c:/program files (x86)/microchip/mplab c32 suite/bin/../lib/gcc/pic32mx/4.5.1/../../../../pic32mx/lib/size/mips16/no-float\libmchp_peripheral_32MX795F512L.a(int_restore_interrupts_lib.o)

.debug_line     0x00000000     0x1575
 *(.debug_line)
 .debug_line    0x00000000      0x71e build/MX795/production/_ext/343710134/usb_device.o
 .debug_line    0x0000071e      0x234 build/MX795/production/_ext/1295437596/usb_function_hid.o
 .debug_line    0x00000952      0x3c5 build/MX795/production/main.o
 .debug_line    0x00000d17      0x1c4 build/MX795/production/usb_descriptors.o
 .debug_line    0x00000edb       0x87 c:/program files (x86)/microchip/mplab c32 suite/bin/../lib/gcc/pic32mx/4.5.1/../../../../pic32mx/lib/size/mips16/no-float\libc.a(memset.o)
 .debug_line    0x00000f62       0xa4 c:/program files (x86)/microchip/mplab c32 suite/bin/../lib/gcc/pic32mx/4.5.1/../../../../pic32mx/lib/size/mips16/no-float\libc.a(default-general-exception-handler.o)
 .debug_line    0x00001006       0xa6 c:/program files (x86)/microchip/mplab c32 suite/bin/../lib/gcc/pic32mx/4.5.1/../../../../pic32mx/lib/size/mips16/no-float\libc.a(default-bootstrap-exception-handler.o)
 .debug_line    0x000010ac       0x93 c:/program files (x86)/microchip/mplab c32 suite/bin/../lib/gcc/pic32mx/4.5.1/../../../../pic32mx/lib/size/mips16/no-float\libc.a(default-on-reset.o)
 .debug_line    0x0000113f       0x97 c:/program files (x86)/microchip/mplab c32 suite/bin/../lib/gcc/pic32mx/4.5.1/../../../../pic32mx/lib/size/mips16/no-float\libc.a(default-on-bootstrap.o)
 .debug_line    0x000011d6       0xbf c:/program files (x86)/microchip/mplab c32 suite/bin/../lib/gcc/pic32mx/4.5.1/../../../../pic32mx/lib/size/mips16/no-float\libmchp_peripheral_32MX795F512L.a(soft_reset_lib.o)
 .debug_line    0x00001295       0x73 c:/program files (x86)/microchip/mplab c32 suite/bin/../lib/gcc/pic32mx/4.5.1/../../../../pic32mx/lib/size/mips16/no-float\libmchp_peripheral_32MX795F512L.a(int_disable_interrupts_lib.o)
 .debug_line    0x00001308       0x64 c:/program files (x86)/microchip/mplab c32 suite/bin/../lib/gcc/pic32mx/4.5.1/../../../../pic32mx/lib/size/mips16/no-float\libmchp_peripheral_32MX795F512L.a(int_tbl_lib.o)
 .debug_line    0x0000136c       0x6b c:/program files (x86)/microchip/mplab c32 suite/bin/../lib/gcc/pic32mx/4.5.1/../../../../pic32mx/lib/size/mips16/no-float\libmchp_peripheral_32MX795F512L.a(nvm_erase_page_lib.o)
 .debug_line    0x000013d7       0xc0 c:/program files (x86)/microchip/mplab c32 suite/bin/../lib/gcc/pic32mx/4.5.1/../../../../pic32mx/lib/size/mips16/no-float\libmchp_peripheral_32MX795F512L.a(nvm_operation_lib.o)
 .debug_line    0x00001497       0x6b c:/program files (x86)/microchip/mplab c32 suite/bin/../lib/gcc/pic32mx/4.5.1/../../../../pic32mx/lib/size/mips16/no-float\libmchp_peripheral_32MX795F512L.a(nvm_write_word_lib.o)
 .debug_line    0x00001502       0x73 c:/program files (x86)/microchip/mplab c32 suite/bin/../lib/gcc/pic32mx/4.5.1/../../../../pic32mx/lib/size/mips16/no-float\libmchp_peripheral_32MX795F512L.a(int_restore_interrupts_lib.o)

.debug_frame    0x00000000      0x5f8
 *(.debug_frame)
 .debug_frame   0x00000000      0x250 build/MX795/production/_ext/343710134/usb_device.o
 .debug_frame   0x00000250       0x20 build/MX795/production/_ext/1295437596/usb_function_hid.o
 .debug_frame   0x00000270      0x168 build/MX795/production/main.o
 .debug_frame   0x000003d8       0x20 c:/program files (x86)/microchip/mplab c32 suite/bin/../lib/gcc/pic32mx/4.5.1/../../../../pic32mx/lib/size/mips16/no-float\libc.a(memset.o)
 .debug_frame   0x000003f8       0x20 c:/program files (x86)/microchip/mplab c32 suite/bin/../lib/gcc/pic32mx/4.5.1/../../../../pic32mx/lib/size/mips16/no-float\libc.a(default-general-exception-handler.o)
 .debug_frame   0x00000418       0x20 c:/program files (x86)/microchip/mplab c32 suite/bin/../lib/gcc/pic32mx/4.5.1/../../../../pic32mx/lib/size/mips16/no-float\libc.a(default-bootstrap-exception-handler.o)
 .debug_frame   0x00000438       0x20 c:/program files (x86)/microchip/mplab c32 suite/bin/../lib/gcc/pic32mx/4.5.1/../../../../pic32mx/lib/size/mips16/no-float\libc.a(default-on-reset.o)
 .debug_frame   0x00000458       0x20 c:/program files (x86)/microchip/mplab c32 suite/bin/../lib/gcc/pic32mx/4.5.1/../../../../pic32mx/lib/size/mips16/no-float\libc.a(default-on-bootstrap.o)
 .debug_frame   0x00000478       0x28 c:/program files (x86)/microchip/mplab c32 suite/bin/../lib/gcc/pic32mx/4.5.1/../../../../pic32mx/lib/size/mips16/no-float\libmchp_peripheral_32MX795F512L.a(soft_reset_lib.o)
 .debug_frame   0x000004a0       0x20 c:/program files (x86)/microchip/mplab c32 suite/bin/../lib/gcc/pic32mx/4.5.1/../../../../pic32mx/lib/size/mips16/no-float\libmchp_peripheral_32MX795F512L.a(int_disable_interrupts_lib.o)
 .debug_frame   0x000004c0       0xa0 c:/program files (x86)/microchip/mplab c32 suite/bin/../lib/gcc/pic32mx/4.5.1/../../../../pic32mx/lib/size/mips16/no-float\libmchp_peripheral_32MX795F512L.a(int_tbl_lib.o)
 .debug_frame   0x00000560       0x28 c:/program files (x86)/microchip/mplab c32 suite/bin/../lib/gcc/pic32mx/4.5.1/../../../../pic32mx/lib/size/mips16/no-float\libmchp_peripheral_32MX795F512L.a(nvm_erase_page_lib.o)
 .debug_frame   0x00000588       0x28 c:/program files (x86)/microchip/mplab c32 suite/bin/../lib/gcc/pic32mx/4.5.1/../../../../pic32mx/lib/size/mips16/no-float\libmchp_peripheral_32MX795F512L.a(nvm_operation_lib.o)
 .debug_frame   0x000005b0       0x28 c:/program files (x86)/microchip/mplab c32 suite/bin/../lib/gcc/pic32mx/4.5.1/../../../../pic32mx/lib/size/mips16/no-float\libmchp_peripheral_32MX795F512L.a(nvm_write_word_lib.o)
 .debug_frame   0x000005d8       0x20 c:/program files (x86)/microchip/mplab c32 suite/bin/../lib/gcc/pic32mx/4.5.1/../../../../pic32mx/lib/size/mips16/no-float\libmchp_peripheral_32MX795F512L.a(int_restore_interrupts_lib.o)

.debug_str      0x00000000      0x8f5
 *(.debug_str)
 .debug_str     0x00000000      0x394 build/MX795/production/_ext/343710134/usb_device.o
 .debug_str     0x00000394      0x193 build/MX795/production/_ext/1295437596/usb_function_hid.o
 .debug_str     0x00000527      0x275 build/MX795/production/main.o
 .debug_str     0x0000079c      0x159 build/MX795/production/usb_descriptors.o
 .debug_str     0x000008f5        0x0 c:/program files (x86)/microchip/mplab c32 suite/bin/../lib/gcc/pic32mx/4.5.1/../../../../pic32mx/lib/size/mips16/no-float\libc.a(memset.o)
 .debug_str     0x000008f5        0x0 c:/program files (x86)/microchip/mplab c32 suite/bin/../lib/gcc/pic32mx/4.5.1/../../../../pic32mx/lib/size/mips16/no-float\libc.a(default-general-exception-handler.o)
 .debug_str     0x000008f5        0x0 c:/program files (x86)/microchip/mplab c32 suite/bin/../lib/gcc/pic32mx/4.5.1/../../../../pic32mx/lib/size/mips16/no-float\libc.a(default-bootstrap-exception-handler.o)
 .debug_str     0x000008f5        0x0 c:/program files (x86)/microchip/mplab c32 suite/bin/../lib/gcc/pic32mx/4.5.1/../../../../pic32mx/lib/size/mips16/no-float\libc.a(default-on-reset.o)
 .debug_str     0x000008f5        0x0 c:/program files (x86)/microchip/mplab c32 suite/bin/../lib/gcc/pic32mx/4.5.1/../../../../pic32mx/lib/size/mips16/no-float\libc.a(default-on-bootstrap.o)
 .debug_str     0x000008f5        0x0 c:/program files (x86)/microchip/mplab c32 suite/bin/../lib/gcc/pic32mx/4.5.1/../../../../pic32mx/lib/size/mips16/no-float\libmchp_peripheral_32MX795F512L.a(soft_reset_lib.o)
 .debug_str     0x000008f5        0x0 c:/program files (x86)/microchip/mplab c32 suite/bin/../lib/gcc/pic32mx/4.5.1/../../../../pic32mx/lib/size/mips16/no-float\libmchp_peripheral_32MX795F512L.a(int_disable_interrupts_lib.o)
 .debug_str     0x000008f5        0x0 c:/program files (x86)/microchip/mplab c32 suite/bin/../lib/gcc/pic32mx/4.5.1/../../../../pic32mx/lib/size/mips16/no-float\libmchp_peripheral_32MX795F512L.a(int_tbl_lib.o)
 .debug_str     0x000008f5        0x0 c:/program files (x86)/microchip/mplab c32 suite/bin/../lib/gcc/pic32mx/4.5.1/../../../../pic32mx/lib/size/mips16/no-float\libmchp_peripheral_32MX795F512L.a(nvm_erase_page_lib.o)
 .debug_str     0x000008f5        0x0 c:/program files (x86)/microchip/mplab c32 suite/bin/../lib/gcc/pic32mx/4.5.1/../../../../pic32mx/lib/size/mips16/no-float\libmchp_peripheral_32MX795F512L.a(nvm_operation_lib.o)
 .debug_str     0x000008f5        0x0 c:/program files (x86)/microchip/mplab c32 suite/bin/../lib/gcc/pic32mx/4.5.1/../../../../pic32mx/lib/size/mips16/no-float\libmchp_peripheral_32MX795F512L.a(nvm_write_word_lib.o)
 .debug_str     0x000008f5        0x0 c:/program files (x86)/microchip/mplab c32 suite/bin/../lib/gcc/pic32mx/4.5.1/../../../../pic32mx/lib/size/mips16/no-float\libmchp_peripheral_32MX795F512L.a(int_restore_interrupts_lib.o)

.debug_loc      0x00000000      0x3e5
 *(.debug_loc)
 .debug_loc     0x00000000      0x2b5 build/MX795/production/_ext/343710134/usb_device.o
 .debug_loc     0x000002b5      0x130 build/MX795/production/main.o

.debug_macinfo
 *(.debug_macinfo)

.debug_weaknames
 *(.debug_weaknames)

.debug_funcnames
 *(.debug_funcnames)

.debug_typenames
 *(.debug_typenames)

.debug_varnames
 *(.debug_varnames)

.debug_pubtypes
                0x00000000      0x74f
 *(.debug_pubtypes)
 .debug_pubtypes
                0x00000000      0x2af build/MX795/production/_ext/343710134/usb_device.o
 .debug_pubtypes
                0x000002af      0x132 build/MX795/production/_ext/1295437596/usb_function_hid.o
 .debug_pubtypes
                0x000003e1      0x240 build/MX795/production/main.o
 .debug_pubtypes
                0x00000621      0x12e build/MX795/production/usb_descriptors.o

.debug_ranges   0x00000000      0x2b8
 *(.debug_ranges)
 .debug_ranges  0x00000000       0xe8 build/MX795/production/_ext/343710134/usb_device.o
 .debug_ranges  0x000000e8       0x10 build/MX795/production/_ext/1295437596/usb_function_hid.o
 .debug_ranges  0x000000f8       0xc0 build/MX795/production/main.o
 .debug_ranges  0x000001b8       0x10 c:/program files (x86)/microchip/mplab c32 suite/bin/../lib/gcc/pic32mx/4.5.1/../../../../pic32mx/lib/size/mips16/no-float\libc.a(memset.o)
 .debug_ranges  0x000001c8       0x10 c:/program files (x86)/microchip/mplab c32 suite/bin/../lib/gcc/pic32mx/4.5.1/../../../../pic32mx/lib/size/mips16/no-float\libc.a(default-general-exception-handler.o)
 .debug_ranges  0x000001d8       0x10 c:/program files (x86)/microchip/mplab c32 suite/bin/../lib/gcc/pic32mx/4.5.1/../../../../pic32mx/lib/size/mips16/no-float\libc.a(default-bootstrap-exception-handler.o)
 .debug_ranges  0x000001e8       0x10 c:/program files (x86)/microchip/mplab c32 suite/bin/../lib/gcc/pic32mx/4.5.1/../../../../pic32mx/lib/size/mips16/no-float\libc.a(default-on-reset.o)
 .debug_ranges  0x000001f8       0x10 c:/program files (x86)/microchip/mplab c32 suite/bin/../lib/gcc/pic32mx/4.5.1/../../../../pic32mx/lib/size/mips16/no-float\libc.a(default-on-bootstrap.o)
 .debug_ranges  0x00000208       0x10 c:/program files (x86)/microchip/mplab c32 suite/bin/../lib/gcc/pic32mx/4.5.1/../../../../pic32mx/lib/size/mips16/no-float\libmchp_peripheral_32MX795F512L.a(soft_reset_lib.o)
 .debug_ranges  0x00000218       0x10 c:/program files (x86)/microchip/mplab c32 suite/bin/../lib/gcc/pic32mx/4.5.1/../../../../pic32mx/lib/size/mips16/no-float\libmchp_peripheral_32MX795F512L.a(int_disable_interrupts_lib.o)
 .debug_ranges  0x00000228       0x50 c:/program files (x86)/microchip/mplab c32 suite/bin/../lib/gcc/pic32mx/4.5.1/../../../../pic32mx/lib/size/mips16/no-float\libmchp_peripheral_32MX795F512L.a(int_tbl_lib.o)
 .debug_ranges  0x00000278       0x10 c:/program files (x86)/microchip/mplab c32 suite/bin/../lib/gcc/pic32mx/4.5.1/../../../../pic32mx/lib/size/mips16/no-float\libmchp_peripheral_32MX795F512L.a(nvm_erase_page_lib.o)
 .debug_ranges  0x00000288       0x10 c:/program files (x86)/microchip/mplab c32 suite/bin/../lib/gcc/pic32mx/4.5.1/../../../../pic32mx/lib/size/mips16/no-float\libmchp_peripheral_32MX795F512L.a(nvm_operation_lib.o)
 .debug_ranges  0x00000298       0x10 c:/program files (x86)/microchip/mplab c32 suite/bin/../lib/gcc/pic32mx/4.5.1/../../../../pic32mx/lib/size/mips16/no-float\libmchp_peripheral_32MX795F512L.a(nvm_write_word_lib.o)
 .debug_ranges  0x000002a8       0x10 c:/program files (x86)/microchip/mplab c32 suite/bin/../lib/gcc/pic32mx/4.5.1/../../../../pic32mx/lib/size/mips16/no-float\libmchp_peripheral_32MX795F512L.a(int_restore_interrupts_lib.o)

.gnu.attributes
 *(.gnu.attributes)
OUTPUT(dist/MX795/production/HIDBoot.X.production.elf elf32-tradlittlemips)
LOAD stack
LOAD data_init

.stack          0xa00005a0      0x400
 .stack         0xa00005a0      0x400 stack

.rodata         0x9d0020d8      0x7d4
 .rodata        0x9d0020d8      0x7d4 c:/program files (x86)/microchip/mplab c32 suite/bin/../lib/gcc/pic32mx/4.5.1/../../../../pic32mx/lib/size/mips16/no-float\libmchp_peripheral_32MX795F512L.a(int_tbl_lib.o)
                0x9d0020d8                __IntSrcTbl
                0x9d0025f4                __IntVectorTbl

.text.BootApplication
                0x9d0028ac      0x294
 .text.BootApplication
                0x9d0028ac      0x294 build/MX795/production/main.o
                0x9d0028ad                BootApplication

.text.USBStdFeatureReqHandler
                0x9d002b40      0x268
 .text.USBStdFeatureReqHandler
                0x9d002b40      0x268 build/MX795/production/_ext/343710134/usb_device.o

.text.USBDeviceTasks
                0x9d002da8      0x1f8
 .text.USBDeviceTasks
                0x9d002da8      0x1f8 build/MX795/production/_ext/343710134/usb_device.o
                0x9d002da9                USBDeviceTasks

.text.USBDeviceInit
                0x9d002fa0      0x1a8
 .text.USBDeviceInit
                0x9d002fa0      0x1a8 build/MX795/production/_ext/343710134/usb_device.o
                0x9d002fa1                USBDeviceInit

.text.USBCtrlEPServiceComplete
                0x9d003148      0x144
 .text.USBCtrlEPServiceComplete
                0x9d003148      0x144 build/MX795/production/_ext/343710134/usb_device.o

.text.USBCtrlTrfRxService
                0x9d00328c      0x13c
 .text.USBCtrlTrfRxService
                0x9d00328c      0x13c build/MX795/production/_ext/343710134/usb_device.o

.text.BlinkUSBStatus
                0x9d0033c8      0x110
 .text.BlinkUSBStatus
                0x9d0033c8      0x110 build/MX795/production/main.o
                0x9d0033c9                BlinkUSBStatus

.text._NVMOperation
                0x9d0034d8      0x100
 .text._NVMOperation
                0x9d0034d8      0x100 c:/program files (x86)/microchip/mplab c32 suite/bin/../lib/gcc/pic32mx/4.5.1/../../../../pic32mx/lib/size/mips16/no-float\libmchp_peripheral_32MX795F512L.a(nvm_operation_lib.o)
                0x9d0034d8                _NVMOperation

.text.USBCtrlTrfInHandler
                0x9d0035d8       0xf4
 .text.USBCtrlTrfInHandler
                0x9d0035d8       0xf4 build/MX795/production/_ext/343710134/usb_device.o

.text.USBCtrlEPService
                0x9d0036cc       0xf0
 .text.USBCtrlEPService
                0x9d0036cc       0xf0 build/MX795/production/_ext/343710134/usb_device.o

.text.USBCtrlEPAllowStatusStage
                0x9d0037bc       0xe4
 .text.USBCtrlEPAllowStatusStage
                0x9d0037bc       0xe4 build/MX795/production/_ext/343710134/usb_device.o
                0x9d0037bd                USBCtrlEPAllowStatusStage

.text.USBCheckStdRequest
                0x9d0038a0       0xd4
 .text.USBCheckStdRequest
                0x9d0038a0       0xd4 build/MX795/production/_ext/343710134/usb_device.o

.text.USBCheckHIDRequest
                0x9d003974       0xd4
 .text.USBCheckHIDRequest
                0x9d003974       0xd4 build/MX795/production/_ext/1295437596/usb_function_hid.o
                0x9d003975                USBCheckHIDRequest

.text.USBCtrlTrfSetupHandler
                0x9d003a48       0xd0
 .text.USBCtrlTrfSetupHandler
                0x9d003a48       0xd0 build/MX795/production/_ext/343710134/usb_device.o

.text.general_exception
                0x9d003b18       0xd0
 .text.general_exception
                0x9d003b18       0xd0 c:/program files (x86)/microchip/mplab c32 suite/bin/../lib/gcc/pic32mx/4.5.1/../../../../pic32mx/lib/size/mips16/no-float\libc.a(general-exception.o)
                0x9d003b18                _general_exception_context

.text.USBCtrlEPAllowDataStage
                0x9d003be8       0xc8
 .text.USBCtrlEPAllowDataStage
                0x9d003be8       0xc8 build/MX795/production/_ext/343710134/usb_device.o
                0x9d003be9                USBCtrlEPAllowDataStage

.text.USBStdGetStatusHandler
                0x9d003cb0       0xc4
 .text.USBStdGetStatusHandler
                0x9d003cb0       0xc4 build/MX795/production/_ext/343710134/usb_device.o

.text.USBTransferOnePacket
                0x9d003d74       0xc4
 .text.USBTransferOnePacket
                0x9d003d74       0xc4 build/MX795/production/_ext/343710134/usb_device.o
                0x9d003d75                USBTransferOnePacket

.text.USBStdSetCfgHandler
                0x9d003e38       0xa4
 .text.USBStdSetCfgHandler
                0x9d003e38       0xa4 build/MX795/production/_ext/343710134/usb_device.o

.text.USBCtrlTrfTxService
                0x9d003edc       0x94
 .text.USBCtrlTrfTxService
                0x9d003edc       0x94 build/MX795/production/_ext/343710134/usb_device.o

.text.USBStdGetDscHandler
                0x9d003f70       0x84
 .text.USBStdGetDscHandler
                0x9d003f70       0x84 build/MX795/production/_ext/343710134/usb_device.o

.text.main      0x9d003ff4       0x84
 .text.main     0x9d003ff4       0x84 build/MX795/production/main.o
                0x9d003ff5                main

.text.USBCtrlTrfOutHandler
                0x9d004078       0x7c
 .text.USBCtrlTrfOutHandler
                0x9d004078       0x7c build/MX795/production/_ext/343710134/usb_device.o

.text.UserInit  0x9d0040f4       0x70
 .text.UserInit
                0x9d0040f4       0x70 build/MX795/production/main.o
                0x9d0040f5                UserInit

.text.USBStallHandler
                0x9d004164       0x60
 .text.USBStallHandler
                0x9d004164       0x60 build/MX795/production/_ext/343710134/usb_device.o

.text.SoftReset
                0x9d0041c4       0x60
 .text.SoftReset
                0x9d0041c4       0x60 c:/program files (x86)/microchip/mplab c32 suite/bin/../lib/gcc/pic32mx/4.5.1/../../../../pic32mx/lib/size/mips16/no-float\libmchp_peripheral_32MX795F512L.a(soft_reset_lib.o)
                0x9d0041c5                SoftReset

.dinit          0x9d004224       0x5c
 .dinit         0x9d004224       0x5c data_init

.text.USBConfigureEndpoint
                0x9d004280       0x40
 .text.USBConfigureEndpoint
                0x9d004280       0x40 build/MX795/production/_ext/343710134/usb_device.o

.text.USBEnableEndpoint
                0x9d0042c0       0x38
 .text.USBEnableEndpoint
                0x9d0042c0       0x38 build/MX795/production/_ext/343710134/usb_device.o
                0x9d0042c1                USBEnableEndpoint

.text.USBWakeFromSuspend
                0x9d0042f8       0x34
 .text.USBWakeFromSuspend
                0x9d0042f8       0x34 build/MX795/production/_ext/343710134/usb_device.o

.text.WriteFlashSubBlock
                0x9d00432c       0x34
 .text.WriteFlashSubBlock
                0x9d00432c       0x34 build/MX795/production/main.o
                0x9d00432d                WriteFlashSubBlock

.text.USBSuspend
                0x9d004360       0x30
 .text.USBSuspend
                0x9d004360       0x30 build/MX795/production/_ext/343710134/usb_device.o

.text.ProcessIO
                0x9d004390       0x30
 .text.ProcessIO
                0x9d004390       0x30 build/MX795/production/main.o
                0x9d004391                ProcessIO

.text.USER_USB_CALLBACK_EVENT_HANDLER
                0x9d0043c0       0x28
 .text.USER_USB_CALLBACK_EVENT_HANDLER
                0x9d0043c0       0x28 build/MX795/production/main.o
                0x9d0043c1                USER_USB_CALLBACK_EVENT_HANDLER

.text.NVMWriteWord
                0x9d0043e8       0x28
 .text.NVMWriteWord
                0x9d0043e8       0x28 c:/program files (x86)/microchip/mplab c32 suite/bin/../lib/gcc/pic32mx/4.5.1/../../../../pic32mx/lib/size/mips16/no-float\libmchp_peripheral_32MX795F512L.a(nvm_write_word_lib.o)
                0x9d0043e9                NVMWriteWord

.text.USBCBInitEP
                0x9d004410       0x24
 .text.USBCBInitEP
                0x9d004410       0x24 build/MX795/production/main.o
                0x9d004411                USBCBInitEP

.text.NVMErasePage
                0x9d004434       0x20
 .text.NVMErasePage
                0x9d004434       0x20 c:/program files (x86)/microchip/mplab c32 suite/bin/../lib/gcc/pic32mx/4.5.1/../../../../pic32mx/lib/size/mips16/no-float\libmchp_peripheral_32MX795F512L.a(nvm_erase_page_lib.o)
                0x9d004435                NVMErasePage

.text.INTRestoreInterrupts
                0x9d004454       0x1c
 .text.INTRestoreInterrupts
                0x9d004454       0x1c c:/program files (x86)/microchip/mplab c32 suite/bin/../lib/gcc/pic32mx/4.5.1/../../../../pic32mx/lib/size/mips16/no-float\libmchp_peripheral_32MX795F512L.a(int_restore_interrupts_lib.o)
                0x9d004454                INTRestoreInterrupts

.text           0x9d004470       0x18
 .text          0x9d004470       0x18 c:/program files (x86)/microchip/mplab c32 suite/bin/../lib/gcc/pic32mx/4.5.1/../../../../pic32mx/lib/size/mips16/no-float\libc.a(default-nmi-handler.o)
                0x9d004470                _nmi_handler

.text.INTClearFlag
                0x9d004488       0x18
 .text.INTClearFlag
                0x9d004488       0x18 c:/program files (x86)/microchip/mplab c32 suite/bin/../lib/gcc/pic32mx/4.5.1/../../../../pic32mx/lib/size/mips16/no-float\libmchp_peripheral_32MX795F512L.a(int_tbl_lib.o)
                0x9d004489                INTClearFlag

.text.InitializeSystem
                0x9d0044a0       0x14
 .text.InitializeSystem
                0x9d0044a0       0x14 build/MX795/production/main.o

.text           0x9d0044b4       0x10
 .text          0x9d0044b4       0x10 c:/program files (x86)/microchip/mplab c32 suite/bin/../lib/gcc/pic32mx/4.5.1/../../../../pic32mx/lib/size/mips16/no-float/crt0.o
                0x9d0044bc                __crt0_exit

.text.memset    0x9d0044c4       0x10
 .text.memset   0x9d0044c4       0x10 c:/program files (x86)/microchip/mplab c32 suite/bin/../lib/gcc/pic32mx/4.5.1/../../../../pic32mx/lib/size/mips16/no-float\libc.a(memset.o)
                0x9d0044c5                memset

.text.USBCBCheckOtherReq
                0x9d0044d4        0xc
 .text.USBCBCheckOtherReq
                0x9d0044d4        0xc build/MX795/production/main.o
                0x9d0044d5                USBCBCheckOtherReq

.text._general_exception_handler
                0x9d0044e0        0xc
 .text._general_exception_handler
                0x9d0044e0        0xc c:/program files (x86)/microchip/mplab c32 suite/bin/../lib/gcc/pic32mx/4.5.1/../../../../pic32mx/lib/size/mips16/no-float\libc.a(default-general-exception-handler.o)
                0x9d0044e0                _general_exception_handler

.text._bootstrap_exception_handler
                0x9d0044ec        0xc
 .text._bootstrap_exception_handler
                0x9d0044ec        0xc c:/program files (x86)/microchip/mplab c32 suite/bin/../lib/gcc/pic32mx/4.5.1/../../../../pic32mx/lib/size/mips16/no-float\libc.a(default-bootstrap-exception-handler.o)
                0x9d0044ec                _bootstrap_exception_handler

.text.INTDisableInterrupts
                0x9d0044f8        0x8
 .text.INTDisableInterrupts
                0x9d0044f8        0x8 c:/program files (x86)/microchip/mplab c32 suite/bin/../lib/gcc/pic32mx/4.5.1/../../../../pic32mx/lib/size/mips16/no-float\libmchp_peripheral_32MX795F512L.a(int_disable_interrupts_lib.o)
                0x9d0044f8                INTDisableInterrupts

.text._on_reset
                0x9d004500        0x4
 .text._on_reset
                0x9d004500        0x4 c:/program files (x86)/microchip/mplab c32 suite/bin/../lib/gcc/pic32mx/4.5.1/../../../../pic32mx/lib/size/mips16/no-float\libc.a(default-on-reset.o)
                0x9d004501                _on_reset

.text._on_bootstrap
                0x9d004504        0x4
 .text._on_bootstrap
                0x9d004504        0x4 c:/program files (x86)/microchip/mplab c32 suite/bin/../lib/gcc/pic32mx/4.5.1/../../../../pic32mx/lib/size/mips16/no-float\libc.a(default-on-bootstrap.o)
                0x9d004505                _on_bootstrap
