Archive member included because of file (symbol)

c:/program files (x86)/microchip/mplabc32/v2.02/bin/../lib/gcc/pic32mx/4.5.1/../../../../pic32mx/lib/no-float\libc.a(memset.o)
                              build/MX440_FD/production/_ext/343710134/usb_device.o (memset)
c:/program files (x86)/microchip/mplabc32/v2.02/bin/../lib/gcc/pic32mx/4.5.1/../../../../pic32mx/lib/no-float\libc.a(general-exception.o)
                              c:/program files (x86)/microchip/mplabc32/v2.02/bin/../lib/gcc/pic32mx/4.5.1/../../../../pic32mx/lib/no-float/crt0.o (_general_exception_context)
c:/program files (x86)/microchip/mplabc32/v2.02/bin/../lib/gcc/pic32mx/4.5.1/../../../../pic32mx/lib/no-float\libc.a(default-general-exception-handler.o)
                              c:/program files (x86)/microchip/mplabc32/v2.02/bin/../lib/gcc/pic32mx/4.5.1/../../../../pic32mx/lib/no-float\libc.a(general-exception.o) (_general_exception_handler)
c:/program files (x86)/microchip/mplabc32/v2.02/bin/../lib/gcc/pic32mx/4.5.1/../../../../pic32mx/lib/no-float\libc.a(default-bootstrap-exception-handler.o)
                              c:/program files (x86)/microchip/mplabc32/v2.02/bin/../lib/gcc/pic32mx/4.5.1/../../../../pic32mx/lib/no-float/crt0.o (_bootstrap_exception_handler)
c:/program files (x86)/microchip/mplabc32/v2.02/bin/../lib/gcc/pic32mx/4.5.1/../../../../pic32mx/lib/no-float\libc.a(default-on-reset.o)
                              c:/program files (x86)/microchip/mplabc32/v2.02/bin/../lib/gcc/pic32mx/4.5.1/../../../../pic32mx/lib/no-float/crt0.o (_on_reset)
c:/program files (x86)/microchip/mplabc32/v2.02/bin/../lib/gcc/pic32mx/4.5.1/../../../../pic32mx/lib/no-float\libc.a(default-on-bootstrap.o)
                              c:/program files (x86)/microchip/mplabc32/v2.02/bin/../lib/gcc/pic32mx/4.5.1/../../../../pic32mx/lib/no-float/crt0.o (_on_bootstrap)
c:/program files (x86)/microchip/mplabc32/v2.02/bin/../lib/gcc/pic32mx/4.5.1/../../../../pic32mx/lib/no-float\libc.a(default-nmi-handler.o)
                              c:/program files (x86)/microchip/mplabc32/v2.02/bin/../lib/gcc/pic32mx/4.5.1/../../../../pic32mx/lib/no-float/crt0.o (_nmi_handler)
c:/program files (x86)/microchip/mplabc32/v2.02/bin/../lib/gcc/pic32mx/4.5.1/../../../../pic32mx/lib/no-float\libmchp_peripheral_32MX440F256H.a(soft_reset_lib.o)
                              build/MX440_FD/production/main.o (SoftReset)
c:/program files (x86)/microchip/mplabc32/v2.02/bin/../lib/gcc/pic32mx/4.5.1/../../../../pic32mx/lib/no-float\libmchp_peripheral_32MX440F256H.a(int_disable_interrupts_lib.o)
                              c:/program files (x86)/microchip/mplabc32/v2.02/bin/../lib/gcc/pic32mx/4.5.1/../../../../pic32mx/lib/no-float\libmchp_peripheral_32MX440F256H.a(soft_reset_lib.o) (INTDisableInterrupts)
c:/program files (x86)/microchip/mplabc32/v2.02/bin/../lib/gcc/pic32mx/4.5.1/../../../../pic32mx/lib/no-float\libmchp_peripheral_32MX440F256H.a(int_tbl_lib.o)
                              build/MX440_FD/production/_ext/343710134/usb_device.o (INTClearFlag)
c:/program files (x86)/microchip/mplabc32/v2.02/bin/../lib/gcc/pic32mx/4.5.1/../../../../pic32mx/lib/no-float\libmchp_peripheral_32MX440F256H.a(nvm_erase_page_lib.o)
                              build/MX440_FD/production/main.o (NVMErasePage)
c:/program files (x86)/microchip/mplabc32/v2.02/bin/../lib/gcc/pic32mx/4.5.1/../../../../pic32mx/lib/no-float\libmchp_peripheral_32MX440F256H.a(nvm_operation_lib.o)
                              c:/program files (x86)/microchip/mplabc32/v2.02/bin/../lib/gcc/pic32mx/4.5.1/../../../../pic32mx/lib/no-float\libmchp_peripheral_32MX440F256H.a(nvm_erase_page_lib.o) (_NVMOperation)
c:/program files (x86)/microchip/mplabc32/v2.02/bin/../lib/gcc/pic32mx/4.5.1/../../../../pic32mx/lib/no-float\libmchp_peripheral_32MX440F256H.a(nvm_write_word_lib.o)
                              build/MX440_FD/production/main.o (NVMWriteWord)
c:/program files (x86)/microchip/mplabc32/v2.02/bin/../lib/gcc/pic32mx/4.5.1/../../../../pic32mx/lib/no-float\libmchp_peripheral_32MX440F256H.a(int_restore_interrupts_lib.o)
                              c:/program files (x86)/microchip/mplabc32/v2.02/bin/../lib/gcc/pic32mx/4.5.1/../../../../pic32mx/lib/no-float\libmchp_peripheral_32MX440F256H.a(nvm_operation_lib.o) (INTRestoreInterrupts)

Allocating common symbols
Common symbol       size              file

pDst                0x4               build/MX440_FD/production/_ext/343710134/usb_device.o
USBDeferINDataStagePackets
                    0x4               build/MX440_FD/production/_ext/343710134/usb_device.o
BDT                 0x40              build/MX440_FD/production/_ext/343710134/usb_device.o
ProgrammingBuffer   0x80              build/MX440_FD/production/main.o
CtrlTrfData         0x8               build/MX440_FD/production/_ext/343710134/usb_device.o
BootState           0x1               build/MX440_FD/production/main.o
USBDeferOUTDataStagePackets
[...]
Memory Configuration

Name             Origin             Length             Attributes
kseg0_program_mem 0x9d002000         0x00003fff         xr
kseg0_boot_mem   0x9d001490         0x00000970
exception_mem    0x9d000000         0x00001000
kseg1_boot_mem   0xbfc00000         0x00000490
debug_exec_mem   0xbfc02000         0x00000ff0
config3          0xbfc02ff0         0x00000004
config2          0xbfc02ff4         0x00000004
config1          0xbfc02ff8         0x00000004
config0          0xbfc02ffc         0x00000004
boot_software_key 0xa0000000         0x00000004
kseg1_data_mem   0xa0000004         0x00007f00         w !x
sfrs             0xbf800000         0x00100000
configsfrs       0xbfc02ff0         0x00000010
*default*        0x00000000         0xffffffff

Linker script and memory map

LOAD c:/program files (x86)/microchip/mplabc32/v2.02/bin/../lib/gcc/pic32mx/4.5.1/../../../../pic32mx/lib/no-float/crt0.o
LOAD build/MX440_FD/production/_ext/343710134/usb_device.o
LOAD build/MX440_FD/production/_ext/1295437596/usb_function_hid.o
LOAD build/MX440_FD/production/main.o
LOAD build/MX440_FD/production/usb_descriptors.o
                0x00000001                __MPLAB_BUILD = 0x1
LOAD c:/program files (x86)/microchip/mplabc32/v2.02/bin/../lib/gcc/pic32mx/4.5.1/no-float\libgcc.a
START GROUP
LOAD c:/program files (x86)/microchip/mplabc32/v2.02/bin/../lib/gcc/pic32mx/4.5.1/../../../../pic32mx/lib/no-float\libdebug.a
LOAD c:/program files (x86)/microchip/mplabc32/v2.02/bin/../lib/gcc/pic32mx/4.5.1/../../../../pic32mx/lib/no-float\libc.a
LOAD c:/program files (x86)/microchip/mplabc32/v2.02/bin/../lib/gcc/pic32mx/4.5.1/../../../../pic32mx/lib/no-float\libm.a
LOAD c:/program files (x86)/microchip/mplabc32/v2.02/bin/../lib/gcc/pic32mx/4.5.1/../../../../pic32mx/lib/no-float\libe.a
LOAD c:/program files (x86)/microchip/mplabc32/v2.02/bin/../lib/gcc/pic32mx/4.5.1/../../../../pic32mx/lib/no-float\libdsp.a
LOAD c:/program files (x86)/microchip/mplabc32/v2.02/bin/../lib/gcc/pic32mx/4.5.1/../../../../pic32mx/lib/no-float\libmchp_peripheral.a
LOAD c:/program files (x86)/microchip/mplabc32/v2.02/bin/../lib/gcc/pic32mx/4.5.1/../../../../pic32mx/lib/no-float\libmchp_peripheral_32MX440F256H.a
END GROUP
LOAD c:/program files (x86)/microchip/mplabc32/v2.02/bin/../lib/gcc/pic32mx/4.5.1/no-float\libgcc.a
                0x00000400                PROVIDE (_min_stack_size, 0x400)
                0x00000000                PROVIDE (_min_heap_size, 0x0)
LOAD c:/program files (x86)/microchip/mplabc32/v2.02/bin/../lib/gcc/pic32mx/4.5.1/../../../../pic32mx/lib/./proc/32MX440F256H\processor.o
                0x00000000                _ramfunc_begin = 0x0
                0x00000001                PROVIDE (_vector_spacing, 0x1)
                0x9d000000                _ebase_address = 0x9d000000
                0xbfc00000                _RESET_ADDR = 0xbfc00000
                0xbfc00380                _BEV_EXCPT_ADDR = 0xbfc00380
                0xbfc00480                _DBG_EXCPT_ADDR = 0xbfc00480
                0xbfc02000                _DBG_CODE_ADDR = 0xbfc02000
                0x00000ff0                _DBG_CODE_SIZE = 0xff0
                0x9d000180                _GEN_EXCPT_ADDR = (_ebase_address + 0x180)

.boot_software_key
 *(.boot_software_key)

.config_BFC02FF0
 *(.config_BFC02FF0)

.config_BFC02FF4
                0xbfc02ff4        0x4
 *(.config_BFC02FF4)
 .config_BFC02FF4
                0xbfc02ff4        0x4 build/MX440_FD/production/main.o

.config_BFC02FF8
                0xbfc02ff8        0x4
 *(.config_BFC02FF8)
 .config_BFC02FF8
                0xbfc02ff8        0x4 build/MX440_FD/production/main.o

.config_BFC02FFC
                0xbfc02ffc        0x4
 *(.config_BFC02FFC)
 .config_BFC02FFC
                0xbfc02ffc        0x4 build/MX440_FD/production/main.o
                0xbfc02000                PROVIDE (_DBG_CODE_ADDR, 0xbfc02000)
                0x00000ff0                PROVIDE (_DBG_CODE_SIZE, 0xff0)

.reset          0xbfc00000      0x1f4
 *(.reset)
 .reset         0xbfc00000       0x10 c:/program files (x86)/microchip/mplabc32/v2.02/bin/../lib/gcc/pic32mx/4.5.1/../../../../pic32mx/lib/no-float/crt0.o
                0xbfc00000                _reset
 *(.reset.startup)
 .reset.startup
                0xbfc00010      0x1e4 c:/program files (x86)/microchip/mplabc32/v2.02/bin/../lib/gcc/pic32mx/4.5.1/../../../../pic32mx/lib/no-float/crt0.o

.bev_excpt      0xbfc00380       0x10
 *(.bev_handler)
 .bev_handler   0xbfc00380       0x10 c:/program files (x86)/microchip/mplabc32/v2.02/bin/../lib/gcc/pic32mx/4.5.1/../../../../pic32mx/lib/no-float/crt0.o

.dbg_excpt      0xbfc00480        0x0
                0xbfc00480                . = (. + DEFINED (_DEBUGGER)?0x8:0x0)

.dbg_code       0xbfc02000        0x0
                0xbfc02000                . = (. + DEFINED (_DEBUGGER)?_DBG_CODE_SIZE:0x0)

.app_excpt      0x9d000180       0x10
 *(.gen_handler)
 .gen_handler   0x9d000180       0x10 c:/program files (x86)/microchip/mplabc32/v2.02/bin/../lib/gcc/pic32mx/4.5.1/../../../../pic32mx/lib/no-float/crt0.o

.vector_0       0x9d000200        0x0
 *(.vector_0)
                0x00000001                ASSERT (((_vector_spacing == 0x0) || (SIZEOF (.vector_0) <= (_vector_spacing << 0x5))), function at exception vector 0 too large)

.vector_1       0x9d000220        0x0
 *(.vector_1)
                0x00000001                ASSERT (((_vector_spacing == 0x0) || (SIZEOF (.vector_1) <= (_vector_spacing << 0x5))), function at exception vector 1 too large)

.vector_2       0x9d000240        0x0
 *(.vector_2)
                0x00000001                ASSERT (((_vector_spacing == 0x0) || (SIZEOF (.vector_2) <= (_vector_spacing << 0x5))), function at exception vector 2 too large)

.vector_3       0x9d000260        0x0
 *(.vector_3)
                0x00000001                ASSERT (((_vector_spacing == 0x0) || (SIZEOF (.vector_3) <= (_vector_spacing << 0x5))), function at exception vector 3 too large)

.vector_4       0x9d000280        0x0
 *(.vector_4)
                0x00000001                ASSERT (((_vector_spacing == 0x0) || (SIZEOF (.vector_4) <= (_vector_spacing << 0x5))), function at exception vector 4 too large)

.vector_5       0x9d0002a0        0x0
 *(.vector_5)
                0x00000001                ASSERT (((_vector_spacing == 0x0) || (SIZEOF (.vector_5) <= (_vector_spacing << 0x5))), function at exception vector 5 too large)

.vector_6       0x9d0002c0        0x0
 *(.vector_6)
                0x00000001                ASSERT (((_vector_spacing == 0x0) || (SIZEOF (.vector_6) <= (_vector_spacing << 0x5))), function at exception vector 6 too large)

.vector_7       0x9d0002e0        0x0
 *(.vector_7)
                0x00000001                ASSERT (((_vector_spacing == 0x0) || (SIZEOF (.vector_7) <= (_vector_spacing << 0x5))), function at exception vector 7 too large)

.vector_8       0x9d000300        0x0
 *(.vector_8)
                0x00000001                ASSERT (((_vector_spacing == 0x0) || (SIZEOF (.vector_8) <= (_vector_spacing << 0x5))), function at exception vector 8 too large)

.vector_9       0x9d000320        0x0
 *(.vector_9)
                0x00000001                ASSERT (((_vector_spacing == 0x0) || (SIZEOF (.vector_9) <= (_vector_spacing << 0x5))), function at exception vector 9 too large)

.vector_10      0x9d000340        0x0
 *(.vector_10)
                0x00000001                ASSERT (((_vector_spacing == 0x0) || (SIZEOF (.vector_10) <= (_vector_spacing << 0x5))), function at exception vector 10 too large)

.vector_11      0x9d000360        0x0
 *(.vector_11)
                0x00000001                ASSERT (((_vector_spacing == 0x0) || (SIZEOF (.vector_11) <= (_vector_spacing << 0x5))), function at exception vector 11 too large)

.vector_12      0x9d000380        0x0
 *(.vector_12)
                0x00000001                ASSERT (((_vector_spacing == 0x0) || (SIZEOF (.vector_12) <= (_vector_spacing << 0x5))), function at exception vector 12 too large)

.vector_13      0x9d0003a0        0x0
 *(.vector_13)
                0x00000001                ASSERT (((_vector_spacing == 0x0) || (SIZEOF (.vector_13) <= (_vector_spacing << 0x5))), function at exception vector 13 too large)

.vector_14      0x9d0003c0        0x0
 *(.vector_14)
                0x00000001                ASSERT (((_vector_spacing == 0x0) || (SIZEOF (.vector_14) <= (_vector_spacing << 0x5))), function at exception vector 14 too large)

.vector_15      0x9d0003e0        0x0
 *(.vector_15)
                0x00000001                ASSERT (((_vector_spacing == 0x0) || (SIZEOF (.vector_15) <= (_vector_spacing << 0x5))), function at exception vector 15 too large)

.vector_16      0x9d000400        0x0
 *(.vector_16)
                0x00000001                ASSERT (((_vector_spacing == 0x0) || (SIZEOF (.vector_16) <= (_vector_spacing << 0x5))), function at exception vector 16 too large)

.vector_17      0x9d000420        0x0
 *(.vector_17)
                0x00000001                ASSERT (((_vector_spacing == 0x0) || (SIZEOF (.vector_17) <= (_vector_spacing << 0x5))), function at exception vector 17 too large)

.vector_18      0x9d000440        0x0
 *(.vector_18)
                0x00000001                ASSERT (((_vector_spacing == 0x0) || (SIZEOF (.vector_18) <= (_vector_spacing << 0x5))), function at exception vector 18 too large)

.vector_19      0x9d000460        0x0
 *(.vector_19)
                0x00000001                ASSERT (((_vector_spacing == 0x0) || (SIZEOF (.vector_19) <= (_vector_spacing << 0x5))), function at exception vector 19 too large)

.vector_20      0x9d000480        0x0
 *(.vector_20)
                0x00000001                ASSERT (((_vector_spacing == 0x0) || (SIZEOF (.vector_20) <= (_vector_spacing << 0x5))), function at exception vector 20 too large)

.vector_21      0x9d0004a0        0x0
 *(.vector_21)
                0x00000001                ASSERT (((_vector_spacing == 0x0) || (SIZEOF (.vector_21) <= (_vector_spacing << 0x5))), function at exception vector 21 too large)

.vector_22      0x9d0004c0        0x0
 *(.vector_22)
                0x00000001                ASSERT (((_vector_spacing == 0x0) || (SIZEOF (.vector_22) <= (_vector_spacing << 0x5))), function at exception vector 22 too large)

.vector_23      0x9d0004e0        0x0
 *(.vector_23)
                0x00000001                ASSERT (((_vector_spacing == 0x0) || (SIZEOF (.vector_23) <= (_vector_spacing << 0x5))), function at exception vector 23 too large)

.vector_24      0x9d000500        0x0
 *(.vector_24)
                0x00000001                ASSERT (((_vector_spacing == 0x0) || (SIZEOF (.vector_24) <= (_vector_spacing << 0x5))), function at exception vector 24 too large)

.vector_25      0x9d000520        0x0
 *(.vector_25)
                0x00000001                ASSERT (((_vector_spacing == 0x0) || (SIZEOF (.vector_25) <= (_vector_spacing << 0x5))), function at exception vector 25 too large)

.vector_26      0x9d000540        0x0
 *(.vector_26)
                0x00000001                ASSERT (((_vector_spacing == 0x0) || (SIZEOF (.vector_26) <= (_vector_spacing << 0x5))), function at exception vector 26 too large)

.vector_27      0x9d000560        0x0
 *(.vector_27)
                0x00000001                ASSERT (((_vector_spacing == 0x0) || (SIZEOF (.vector_27) <= (_vector_spacing << 0x5))), function at exception vector 27 too large)

.vector_28      0x9d000580        0x0
 *(.vector_28)
                0x00000001                ASSERT (((_vector_spacing == 0x0) || (SIZEOF (.vector_28) <= (_vector_spacing << 0x5))), function at exception vector 28 too large)

.vector_29      0x9d0005a0        0x0
 *(.vector_29)
                0x00000001                ASSERT (((_vector_spacing == 0x0) || (SIZEOF (.vector_29) <= (_vector_spacing << 0x5))), function at exception vector 29 too large)

.vector_30      0x9d0005c0        0x0
 *(.vector_30)
                0x00000001                ASSERT (((_vector_spacing == 0x0) || (SIZEOF (.vector_30) <= (_vector_spacing << 0x5))), function at exception vector 30 too large)

.vector_31      0x9d0005e0        0x0
 *(.vector_31)
                0x00000001                ASSERT (((_vector_spacing == 0x0) || (SIZEOF (.vector_31) <= (_vector_spacing << 0x5))), function at exception vector 31 too large)

.vector_32      0x9d000600        0x0
 *(.vector_32)
                0x00000001                ASSERT (((_vector_spacing == 0x0) || (SIZEOF (.vector_32) <= (_vector_spacing << 0x5))), function at exception vector 32 too large)

.vector_33      0x9d000620        0x0
 *(.vector_33)
                0x00000001                ASSERT (((_vector_spacing == 0x0) || (SIZEOF (.vector_33) <= (_vector_spacing << 0x5))), function at exception vector 33 too large)

.vector_34      0x9d000640        0x0
 *(.vector_34)
                0x00000001                ASSERT (((_vector_spacing == 0x0) || (SIZEOF (.vector_34) <= (_vector_spacing << 0x5))), function at exception vector 34 too large)

.vector_35      0x9d000660        0x0
 *(.vector_35)
                0x00000001                ASSERT (((_vector_spacing == 0x0) || (SIZEOF (.vector_35) <= (_vector_spacing << 0x5))), function at exception vector 35 too large)

.vector_36      0x9d000680        0x0
 *(.vector_36)
                0x00000001                ASSERT (((_vector_spacing == 0x0) || (SIZEOF (.vector_36) <= (_vector_spacing << 0x5))), function at exception vector 36 too large)

.vector_37      0x9d0006a0        0x0
 *(.vector_37)
                0x00000001                ASSERT (((_vector_spacing == 0x0) || (SIZEOF (.vector_37) <= (_vector_spacing << 0x5))), function at exception vector 37 too large)

.vector_38      0x9d0006c0        0x0
 *(.vector_38)
                0x00000001                ASSERT (((_vector_spacing == 0x0) || (SIZEOF (.vector_38) <= (_vector_spacing << 0x5))), function at exception vector 38 too large)

.vector_39      0x9d0006e0        0x0
 *(.vector_39)
                0x00000001                ASSERT (((_vector_spacing == 0x0) || (SIZEOF (.vector_39) <= (_vector_spacing << 0x5))), function at exception vector 39 too large)

.vector_40      0x9d000700        0x0
 *(.vector_40)
                0x00000001                ASSERT (((_vector_spacing == 0x0) || (SIZEOF (.vector_40) <= (_vector_spacing << 0x5))), function at exception vector 40 too large)

.vector_41      0x9d000720        0x0
 *(.vector_41)
                0x00000001                ASSERT (((_vector_spacing == 0x0) || (SIZEOF (.vector_41) <= (_vector_spacing << 0x5))), function at exception vector 41 too large)

.vector_42      0x9d000740        0x0
 *(.vector_42)
                0x00000001                ASSERT (((_vector_spacing == 0x0) || (SIZEOF (.vector_42) <= (_vector_spacing << 0x5))), function at exception vector 42 too large)

.vector_43      0x9d000760        0x0
 *(.vector_43)
                0x00000001                ASSERT (((_vector_spacing == 0x0) || (SIZEOF (.vector_43) <= (_vector_spacing << 0x5))), function at exception vector 43 too large)

.vector_44      0x9d000780        0x0
 *(.vector_44)
                0x00000001                ASSERT (((_vector_spacing == 0x0) || (SIZEOF (.vector_44) <= (_vector_spacing << 0x5))), function at exception vector 44 too large)

.vector_45      0x9d0007a0        0x0
 *(.vector_45)
                0x00000001                ASSERT (((_vector_spacing == 0x0) || (SIZEOF (.vector_45) <= (_vector_spacing << 0x5))), function at exception vector 45 too large)

.vector_46      0x9d0007c0        0x0
 *(.vector_46)
                0x00000001                ASSERT (((_vector_spacing == 0x0) || (SIZEOF (.vector_46) <= (_vector_spacing << 0x5))), function at exception vector 46 too large)

.vector_47      0x9d0007e0        0x0
 *(.vector_47)
                0x00000001                ASSERT (((_vector_spacing == 0x0) || (SIZEOF (.vector_47) <= (_vector_spacing << 0x5))), function at exception vector 47 too large)

.vector_48      0x9d000800        0x0
 *(.vector_48)
                0x00000001                ASSERT (((_vector_spacing == 0x0) || (SIZEOF (.vector_48) <= (_vector_spacing << 0x5))), function at exception vector 48 too large)

.vector_49      0x9d000820        0x0
 *(.vector_49)
                0x00000001                ASSERT (((_vector_spacing == 0x0) || (SIZEOF (.vector_49) <= (_vector_spacing << 0x5))), function at exception vector 49 too large)

.vector_50      0x9d000840        0x0
 *(.vector_50)
                0x00000001                ASSERT (((_vector_spacing == 0x0) || (SIZEOF (.vector_50) <= (_vector_spacing << 0x5))), function at exception vector 50 too large)

.vector_51      0x9d000860        0x0
 *(.vector_51)
                0x00000001                ASSERT (((_vector_spacing == 0x0) || (SIZEOF (.vector_51) <= (_vector_spacing << 0x5))), function at exception vector 51 too large)

.vector_52      0x9d000880        0x0
 *(.vector_52)
                0x00000001                ASSERT (((_vector_spacing == 0x0) || (SIZEOF (.vector_52) <= (_vector_spacing << 0x5))), function at exception vector 52 too large)

.vector_53      0x9d0008a0        0x0
 *(.vector_53)
                0x00000001                ASSERT (((_vector_spacing == 0x0) || (SIZEOF (.vector_53) <= (_vector_spacing << 0x5))), function at exception vector 53 too large)

.vector_54      0x9d0008c0        0x0
 *(.vector_54)
                0x00000001                ASSERT (((_vector_spacing == 0x0) || (SIZEOF (.vector_54) <= (_vector_spacing << 0x5))), function at exception vector 54 too large)

.vector_55      0x9d0008e0        0x0
 *(.vector_55)
                0x00000001                ASSERT (((_vector_spacing == 0x0) || (SIZEOF (.vector_55) <= (_vector_spacing << 0x5))), function at exception vector 55 too large)

.vector_56      0x9d000900        0x0
 *(.vector_56)
                0x00000001                ASSERT (((_vector_spacing == 0x0) || (SIZEOF (.vector_56) <= (_vector_spacing << 0x5))), function at exception vector 56 too large)

.vector_57      0x9d000920        0x0
 *(.vector_57)
                0x00000001                ASSERT (((_vector_spacing == 0x0) || (SIZEOF (.vector_57) <= (_vector_spacing << 0x5))), function at exception vector 57 too large)

.vector_58      0x9d000940        0x0
 *(.vector_58)
                0x00000001                ASSERT (((_vector_spacing == 0x0) || (SIZEOF (.vector_58) <= (_vector_spacing << 0x5))), function at exception vector 58 too large)

.vector_59      0x9d000960        0x0
 *(.vector_59)
                0x00000001                ASSERT (((_vector_spacing == 0x0) || (SIZEOF (.vector_59) <= (_vector_spacing << 0x5))), function at exception vector 59 too large)

.vector_60      0x9d000980        0x0
 *(.vector_60)
                0x00000001                ASSERT (((_vector_spacing == 0x0) || (SIZEOF (.vector_60) <= (_vector_spacing << 0x5))), function at exception vector 60 too large)

.vector_61      0x9d0009a0        0x0
 *(.vector_61)
                0x00000001                ASSERT (((_vector_spacing == 0x0) || (SIZEOF (.vector_61) <= (_vector_spacing << 0x5))), function at exception vector 61 too large)

.vector_62      0x9d0009c0        0x0
 *(.vector_62)
                0x00000001                ASSERT (((_vector_spacing == 0x0) || (SIZEOF (.vector_62) <= (_vector_spacing << 0x5))), function at exception vector 62 too large)

.vector_63      0x9d0009e0        0x0
 *(.vector_63)
                0x00000001                ASSERT (((_vector_spacing == 0x0) || (SIZEOF (.vector_63) <= (_vector_spacing << 0x5))), function at exception vector 63 too large)

.startup
 *(.startup)

.text
 *(.stub .gnu.linkonce.t.*)
 *(.text.*personality*)
 *(.mips16.fn.*)
 *(.mips16.call.*)
 *(.gnu.warning)

.rodata         0x9d002000       0xd0
 *(.rodata.* .gnu.linkonce.r.*)
 .rodata.device_dsc
                0x9d002000       0x14 build/MX440_FD/production/usb_descriptors.o
                0x9d002000                device_dsc
 .rodata.configDescriptor1
                0x9d002014       0x2c build/MX440_FD/production/usb_descriptors.o
                0x9d002014                configDescriptor1
 .rodata.sd000  0x9d002040        0x4 build/MX440_FD/production/usb_descriptors.o
                0x9d002040                sd000
 .rodata.sd001  0x9d002044       0x34 build/MX440_FD/production/usb_descriptors.o
                0x9d002044                sd001
 .rodata.sd002  0x9d002078       0x28 build/MX440_FD/production/usb_descriptors.o
                0x9d002078                sd002
 .rodata.hid_rpt01
                0x9d0020a0       0x20 build/MX440_FD/production/usb_descriptors.o
                0x9d0020a0                hid_rpt01
 .rodata.USB_CD_Ptr
                0x9d0020c0        0x4 build/MX440_FD/production/usb_descriptors.o
                0x9d0020c0                USB_CD_Ptr
 .rodata.USB_SD_Ptr
                0x9d0020c4        0xc build/MX440_FD/production/usb_descriptors.o
                0x9d0020c4                USB_SD_Ptr
 *(.rodata1)
                0x9d0020d0                . = ALIGN (0x4)

.sdata2         0x9d0020d0        0x0
 *(.sdata2 .sdata2.* .gnu.linkonce.s2.*)
                0x9d0020d0                . = ALIGN (0x4)

.sbss2          0x9d0020d0        0x0
 *(.sbss2 .sbss2.* .gnu.linkonce.sb2.*)
                0x9d0020d0                . = ALIGN (0x4)

.eh_frame_hdr
 *(.eh_frame_hdr)

.eh_frame
 *(.eh_frame)

.dbg_data       0xa0000004        0x0
                0xa0000004                . = (. + DEFINED (_DEBUGGER)?0x200:0x0)

.persist        0xa0000004        0x0
                0xa0000004                _persist_begin = .
 *(.persist .persist.*)
                0xa0000004                . = ALIGN (0x4)
                0xa0000004                _persist_end = .

.eh_frame
 *(.eh_frame)
                0xa0000004                . = .
                0xa0008000                _gp = (ALIGN (0x10) + 0x7ff0)

.got
 *(.got.plt)
 *(.got)

.sdata          0xa0000004        0x4
                0xa0000004                _sdata_begin = .
 *(.sdata .sdata.* .gnu.linkonce.s.*)
 .sdata.blinkStatusValid
                0xa0000004        0x4 build/MX440_FD/production/main.o
                0xa0000004                blinkStatusValid
                0xa0000008                _sdata_end = .

.lit8
 *(.lit8)

.lit4
 *(.lit4)
                0xa0000008                . = ALIGN (0x4)
                0xa0000008                _data_end = .
                0xa0000008                _bss_begin = .

.sbss           0xa0000008       0x8f
                0xa0000008                _sbss_begin = .
 *(.dynsbss)
 *(.sbss .sbss.* .gnu.linkonce.sb.*)
 .sbss.USBOutHandle
                0xa0000008        0x4 build/MX440_FD/production/main.o
                0xa0000008                USBOutHandle
 .sbss.USBInHandle
                0xa000000c        0x4 build/MX440_FD/production/main.o
                0xa000000c                USBInHandle
 .sbss.SoftwareKey
                0xa0000010        0x4 build/MX440_FD/production/main.o
                0xa0000010                SoftwareKey
 .sbss.delay_count.11922
                0xa0000014        0x2 build/MX440_FD/production/main.o
 .sbss.led_count.11849
                0xa0000016        0x2 build/MX440_FD/production/main.o
 *(.scommon)
 .scommon       0xa0000018       0x6c build/MX440_FD/production/_ext/343710134/usb_device.o
                0xa0000018                pDst
                0xa000001c                USBDeferINDataStagePackets
                0xa0000020                CtrlTrfData
                0xa0000028                USBDeferOUTDataStagePackets
                0xa000002c                USBDeviceState
                0xa0000030                controlTransferState
                0xa0000031                endpoint_number
                0xa0000034                pBDTEntryIn
                0xa000003c                ep_data_out
                0xa0000040                USBStatusStageEnabledFlag1
                0xa0000044                USBStatusStageEnabledFlag2
                0xa0000048                pBDTEntryOut
                0xa0000050                BothEP0OutUOWNsSet
                0xa0000054                pBDTEntryEP0OutNext
                0xa0000058                USBBusIsSuspended
                0xa000005c                USBStatusStageTimeoutCounter
                0xa0000060                SetupPkt
                0xa0000068                ep_data_in
                0xa000006a                shortPacketStatus
                0xa000006c                pBDTEntryEP0OutCurrent
                0xa0000070                USBActiveConfiguration
                0xa0000074                RemoteWakeup
                0xa0000078                USTATcopy
                0xa000007c                USBAlternateInterface
                0xa0000080                USBDeferStatusStagePacket
 .scommon       0xa0000084        0x2 build/MX440_FD/production/_ext/1295437596/usb_function_hid.o
                0xa0000084                active_protocol
                0xa0000085                idle_rate
 *fill*         0xa0000086        0x2 00
 .scommon       0xa0000088        0xf build/MX440_FD/production/main.o
                0xa0000088                BootState
                0xa0000089                ConfigsProtected
                0xa000008c                ProgrammedPointer
                0xa0000090                ProgramMemStopAddress
                0xa0000094                MaxPageToErase
                0xa0000095                BufferedDataIndex
                0xa0000096                ErasePageTracker
                0xa0000097                _sbss_end = .

.bss            0xa0000200      0x19c
 *(.dynbss)
 *(COMMON)
 COMMON         0xa0000200       0x5b build/MX440_FD/production/_ext/343710134/usb_device.o
                0xa0000200                BDT
                0xa0000240                inPipes
                0xa0000250                outPipes
 *fill*         0xa000025b        0x1 00
 COMMON         0xa000025c      0x140 build/MX440_FD/production/main.o
                0xa000025c                ProgrammingBuffer
                0xa00002dc                PacketToPC
                0xa000031c                PacketFromPC
                0xa000035c                PacketFromPCBuffer
                0xa000039c                . = ALIGN (0x4)
                0xa000039c                . = ALIGN (0x4)
                0xa000039c                _end = .
                0xa000039c                _bss_end = .
                0x00007f00                _bmxdudba_address = 0x7f00
                0x00007f00                _bmxdupba_address = 0x7f00

/DISCARD/
 *(.pdr)
 *(.reginfo)
 *(.rel.dyn)
 *(.note.GNU-stack)
 *(.note.GNU-stack)
 *(.gnu_debuglink)
 *(.gnu.lto_*)
 *(.discard)

.stab
 *(.stab)

.stabstr
 *(.stabstr)

.stab.excl
 *(.stab.excl)

.stab.exclstr
 *(.stab.exclstr)

.stab.index
 *(.stab.index)

.stab.indexstr
 *(.stab.indexstr)

.comment        0x00000000       0xf7
 *(.comment)
 .comment       0x00000000       0x51 build/MX440_FD/production/_ext/343710134/usb_device.o
                                 0x52 (size before relaxing)
 .comment       0x00000000       0x52 build/MX440_FD/production/_ext/1295437596/usb_function_hid.o
 .comment       0x00000000       0x52 build/MX440_FD/production/main.o
 .comment       0x00000000       0x52 build/MX440_FD/production/usb_descriptors.o
 .comment       0x00000051       0x55 c:/program files (x86)/microchip/mplabc32/v2.02/bin/../lib/gcc/pic32mx/4.5.1/../../../../pic32mx/lib/no-float\libc.a(memset.o)
                                 0x56 (size before relaxing)
 .comment       0x00000000       0x52 c:/program files (x86)/microchip/mplabc32/v2.02/bin/../lib/gcc/pic32mx/4.5.1/../../../../pic32mx/lib/no-float\libc.a(default-general-exception-handler.o)
 .comment       0x00000000       0x52 c:/program files (x86)/microchip/mplabc32/v2.02/bin/../lib/gcc/pic32mx/4.5.1/../../../../pic32mx/lib/no-float\libc.a(default-bootstrap-exception-handler.o)
 .comment       0x00000000       0x52 c:/program files (x86)/microchip/mplabc32/v2.02/bin/../lib/gcc/pic32mx/4.5.1/../../../../pic32mx/lib/no-float\libc.a(default-on-reset.o)
 .comment       0x00000000       0x52 c:/program files (x86)/microchip/mplabc32/v2.02/bin/../lib/gcc/pic32mx/4.5.1/../../../../pic32mx/lib/no-float\libc.a(default-on-bootstrap.o)
 .comment       0x000000a6       0x51 c:/program files (x86)/microchip/mplabc32/v2.02/bin/../lib/gcc/pic32mx/4.5.1/../../../../pic32mx/lib/no-float\libmchp_peripheral_32MX440F256H.a(soft_reset_lib.o)
                                 0x52 (size before relaxing)
 .comment       0x00000000       0x52 c:/program files (x86)/microchip/mplabc32/v2.02/bin/../lib/gcc/pic32mx/4.5.1/../../../../pic32mx/lib/no-float\libmchp_peripheral_32MX440F256H.a(int_disable_interrupts_lib.o)
 .comment       0x00000000       0x52 c:/program files (x86)/microchip/mplabc32/v2.02/bin/../lib/gcc/pic32mx/4.5.1/../../../../pic32mx/lib/no-float\libmchp_peripheral_32MX440F256H.a(int_tbl_lib.o)
 .comment       0x00000000       0x52 c:/program files (x86)/microchip/mplabc32/v2.02/bin/../lib/gcc/pic32mx/4.5.1/../../../../pic32mx/lib/no-float\libmchp_peripheral_32MX440F256H.a(nvm_erase_page_lib.o)
 .comment       0x00000000       0x52 c:/program files (x86)/microchip/mplabc32/v2.02/bin/../lib/gcc/pic32mx/4.5.1/../../../../pic32mx/lib/no-float\libmchp_peripheral_32MX440F256H.a(nvm_operation_lib.o)
 .comment       0x00000000       0x52 c:/program files (x86)/microchip/mplabc32/v2.02/bin/../lib/gcc/pic32mx/4.5.1/../../../../pic32mx/lib/no-float\libmchp_peripheral_32MX440F256H.a(nvm_write_word_lib.o)
 .comment       0x00000000       0x52 c:/program files (x86)/microchip/mplabc32/v2.02/bin/../lib/gcc/pic32mx/4.5.1/../../../../pic32mx/lib/no-float\libmchp_peripheral_32MX440F256H.a(int_restore_interrupts_lib.o)

.debug
 *(.debug)

.line
 *(.line)

.debug_srcinfo
 *(.debug_srcinfo)

.debug_sfnames
 *(.debug_sfnames)

.debug_aranges  0x00000000      0x2c0
 *(.debug_aranges)
 .debug_aranges
                0x00000000       0x68 build/MX440_FD/production/_ext/343710134/usb_device.o
 .debug_aranges
                0x00000068       0x20 build/MX440_FD/production/_ext/1295437596/usb_function_hid.o
 .debug_aranges
                0x00000088       0x98 build/MX440_FD/production/main.o
 .debug_aranges
                0x00000120       0x20 c:/program files (x86)/microchip/mplabc32/v2.02/bin/../lib/gcc/pic32mx/4.5.1/../../../../pic32mx/lib/no-float\libc.a(default-general-exception-handler.o)
 .debug_aranges
                0x00000140       0x20 c:/program files (x86)/microchip/mplabc32/v2.02/bin/../lib/gcc/pic32mx/4.5.1/../../../../pic32mx/lib/no-float\libc.a(default-bootstrap-exception-handler.o)
 .debug_aranges
                0x00000160       0x20 c:/program files (x86)/microchip/mplabc32/v2.02/bin/../lib/gcc/pic32mx/4.5.1/../../../../pic32mx/lib/no-float\libc.a(default-on-reset.o)
 .debug_aranges
                0x00000180       0x20 c:/program files (x86)/microchip/mplabc32/v2.02/bin/../lib/gcc/pic32mx/4.5.1/../../../../pic32mx/lib/no-float\libc.a(default-on-bootstrap.o)
 .debug_aranges
                0x000001a0       0x20 c:/program files (x86)/microchip/mplabc32/v2.02/bin/../lib/gcc/pic32mx/4.5.1/../../../../pic32mx/lib/no-float\libmchp_peripheral_32MX440F256H.a(soft_reset_lib.o)
 .debug_aranges
                0x000001c0       0x20 c:/program files (x86)/microchip/mplabc32/v2.02/bin/../lib/gcc/pic32mx/4.5.1/../../../../pic32mx/lib/no-float\libmchp_peripheral_32MX440F256H.a(int_disable_interrupts_lib.o)
 .debug_aranges
                0x000001e0       0x60 c:/program files (x86)/microchip/mplabc32/v2.02/bin/../lib/gcc/pic32mx/4.5.1/../../../../pic32mx/lib/no-float\libmchp_peripheral_32MX440F256H.a(int_tbl_lib.o)
 .debug_aranges
                0x00000240       0x20 c:/program files (x86)/microchip/mplabc32/v2.02/bin/../lib/gcc/pic32mx/4.5.1/../../../../pic32mx/lib/no-float\libmchp_peripheral_32MX440F256H.a(nvm_erase_page_lib.o)
 .debug_aranges
                0x00000260       0x20 c:/program files (x86)/microchip/mplabc32/v2.02/bin/../lib/gcc/pic32mx/4.5.1/../../../../pic32mx/lib/no-float\libmchp_peripheral_32MX440F256H.a(nvm_operation_lib.o)
 .debug_aranges
                0x00000280       0x20 c:/program files (x86)/microchip/mplabc32/v2.02/bin/../lib/gcc/pic32mx/4.5.1/../../../../pic32mx/lib/no-float\libmchp_peripheral_32MX440F256H.a(nvm_write_word_lib.o)
 .debug_aranges
                0x000002a0       0x20 c:/program files (x86)/microchip/mplabc32/v2.02/bin/../lib/gcc/pic32mx/4.5.1/../../../../pic32mx/lib/no-float\libmchp_peripheral_32MX440F256H.a(int_restore_interrupts_lib.o)

.debug_pubnames
                0x00000000      0x8ad
 *(.debug_pubnames)
 .debug_pubnames
                0x00000000      0x312 build/MX440_FD/production/_ext/343710134/usb_device.o
 .debug_pubnames
                0x00000312       0x4b build/MX440_FD/production/_ext/1295437596/usb_function_hid.o
 .debug_pubnames
                0x0000035d      0x27d build/MX440_FD/production/main.o
 .debug_pubnames
                0x000005da       0x81 build/MX440_FD/production/usb_descriptors.o
 .debug_pubnames
                0x0000065b       0x31 c:/program files (x86)/microchip/mplabc32/v2.02/bin/../lib/gcc/pic32mx/4.5.1/../../../../pic32mx/lib/no-float\libc.a(default-general-exception-handler.o)
 .debug_pubnames
                0x0000068c       0x33 c:/program files (x86)/microchip/mplabc32/v2.02/bin/../lib/gcc/pic32mx/4.5.1/../../../../pic32mx/lib/no-float\libc.a(default-bootstrap-exception-handler.o)
 .debug_pubnames
                0x000006bf       0x20 c:/program files (x86)/microchip/mplabc32/v2.02/bin/../lib/gcc/pic32mx/4.5.1/../../../../pic32mx/lib/no-float\libc.a(default-on-reset.o)
 .debug_pubnames
                0x000006df       0x24 c:/program files (x86)/microchip/mplabc32/v2.02/bin/../lib/gcc/pic32mx/4.5.1/../../../../pic32mx/lib/no-float\libc.a(default-on-bootstrap.o)
 .debug_pubnames
                0x00000703       0x20 c:/program files (x86)/microchip/mplabc32/v2.02/bin/../lib/gcc/pic32mx/4.5.1/../../../../pic32mx/lib/no-float\libmchp_peripheral_32MX440F256H.a(soft_reset_lib.o)
 .debug_pubnames
                0x00000723       0x2b c:/program files (x86)/microchip/mplabc32/v2.02/bin/../lib/gcc/pic32mx/4.5.1/../../../../pic32mx/lib/no-float\libmchp_peripheral_32MX440F256H.a(int_disable_interrupts_lib.o)
 .debug_pubnames
                0x0000074e       0xca c:/program files (x86)/microchip/mplabc32/v2.02/bin/../lib/gcc/pic32mx/4.5.1/../../../../pic32mx/lib/no-float\libmchp_peripheral_32MX440F256H.a(int_tbl_lib.o)
 .debug_pubnames
                0x00000818       0x23 c:/program files (x86)/microchip/mplabc32/v2.02/bin/../lib/gcc/pic32mx/4.5.1/../../../../pic32mx/lib/no-float\libmchp_peripheral_32MX440F256H.a(nvm_erase_page_lib.o)
 .debug_pubnames
                0x0000083b       0x24 c:/program files (x86)/microchip/mplabc32/v2.02/bin/../lib/gcc/pic32mx/4.5.1/../../../../pic32mx/lib/no-float\libmchp_peripheral_32MX440F256H.a(nvm_operation_lib.o)
 .debug_pubnames
                0x0000085f       0x23 c:/program files (x86)/microchip/mplabc32/v2.02/bin/../lib/gcc/pic32mx/4.5.1/../../../../pic32mx/lib/no-float\libmchp_peripheral_32MX440F256H.a(nvm_write_word_lib.o)
 .debug_pubnames
                0x00000882       0x2b c:/program files (x86)/microchip/mplabc32/v2.02/bin/../lib/gcc/pic32mx/4.5.1/../../../../pic32mx/lib/no-float\libmchp_peripheral_32MX440F256H.a(int_restore_interrupts_lib.o)

.debug_info     0x00000000     0x9e91
 *(.debug_info .gnu.linkonce.wi.*)
 .debug_info    0x00000000     0x37ba build/MX440_FD/production/_ext/343710134/usb_device.o
 .debug_info    0x000037ba     0x1aab build/MX440_FD/production/_ext/1295437596/usb_function_hid.o
 .debug_info    0x00005265     0x2c0a build/MX440_FD/production/main.o
 .debug_info    0x00007e6f     0x15f8 build/MX440_FD/production/usb_descriptors.o
 .debug_info    0x00009467      0x102 c:/program files (x86)/microchip/mplabc32/v2.02/bin/../lib/gcc/pic32mx/4.5.1/../../../../pic32mx/lib/no-float\libc.a(default-general-exception-handler.o)
 .debug_info    0x00009569      0x106 c:/program files (x86)/microchip/mplabc32/v2.02/bin/../lib/gcc/pic32mx/4.5.1/../../../../pic32mx/lib/no-float\libc.a(default-bootstrap-exception-handler.o)
 .debug_info    0x0000966f       0xe0 c:/program files (x86)/microchip/mplabc32/v2.02/bin/../lib/gcc/pic32mx/4.5.1/../../../../pic32mx/lib/no-float\libc.a(default-on-reset.o)
 .debug_info    0x0000974f       0xe8 c:/program files (x86)/microchip/mplabc32/v2.02/bin/../lib/gcc/pic32mx/4.5.1/../../../../pic32mx/lib/no-float\libc.a(default-on-bootstrap.o)
 .debug_info    0x00009837       0xc7 c:/program files (x86)/microchip/mplabc32/v2.02/bin/../lib/gcc/pic32mx/4.5.1/../../../../pic32mx/lib/no-float\libmchp_peripheral_32MX440F256H.a(soft_reset_lib.o)
 .debug_info    0x000098fe       0xcb c:/program files (x86)/microchip/mplabc32/v2.02/bin/../lib/gcc/pic32mx/4.5.1/../../../../pic32mx/lib/no-float\libmchp_peripheral_32MX440F256H.a(int_disable_interrupts_lib.o)
 .debug_info    0x000099c9      0x1ab c:/program files (x86)/microchip/mplabc32/v2.02/bin/../lib/gcc/pic32mx/4.5.1/../../../../pic32mx/lib/no-float\libmchp_peripheral_32MX440F256H.a(int_tbl_lib.o)
 .debug_info    0x00009b74       0xbb c:/program files (x86)/microchip/mplabc32/v2.02/bin/../lib/gcc/pic32mx/4.5.1/../../../../pic32mx/lib/no-float\libmchp_peripheral_32MX440F256H.a(nvm_erase_page_lib.o)
 .debug_info    0x00009c2f       0xdc c:/program files (x86)/microchip/mplabc32/v2.02/bin/../lib/gcc/pic32mx/4.5.1/../../../../pic32mx/lib/no-float\libmchp_peripheral_32MX440F256H.a(nvm_operation_lib.o)
 .debug_info    0x00009d0b       0xbb c:/program files (x86)/microchip/mplabc32/v2.02/bin/../lib/gcc/pic32mx/4.5.1/../../../../pic32mx/lib/no-float\libmchp_peripheral_32MX440F256H.a(nvm_write_word_lib.o)
 .debug_info    0x00009dc6       0xcb c:/program files (x86)/microchip/mplabc32/v2.02/bin/../lib/gcc/pic32mx/4.5.1/../../../../pic32mx/lib/no-float\libmchp_peripheral_32MX440F256H.a(int_restore_interrupts_lib.o)

.debug_abbrev   0x00000000      0xbea
 *(.debug_abbrev)
 .debug_abbrev  0x00000000      0x395 build/MX440_FD/production/_ext/343710134/usb_device.o
 .debug_abbrev  0x00000395      0x1e5 build/MX440_FD/production/_ext/1295437596/usb_function_hid.o
 .debug_abbrev  0x0000057a      0x2e5 build/MX440_FD/production/main.o
 .debug_abbrev  0x0000085f      0x1d6 build/MX440_FD/production/usb_descriptors.o
 .debug_abbrev  0x00000a35       0x25 c:/program files (x86)/microchip/mplabc32/v2.02/bin/../lib/gcc/pic32mx/4.5.1/../../../../pic32mx/lib/no-float\libc.a(default-general-exception-handler.o)
 .debug_abbrev  0x00000a5a       0x25 c:/program files (x86)/microchip/mplabc32/v2.02/bin/../lib/gcc/pic32mx/4.5.1/../../../../pic32mx/lib/no-float\libc.a(default-bootstrap-exception-handler.o)
 .debug_abbrev  0x00000a7f       0x25 c:/program files (x86)/microchip/mplabc32/v2.02/bin/../lib/gcc/pic32mx/4.5.1/../../../../pic32mx/lib/no-float\libc.a(default-on-reset.o)
 .debug_abbrev  0x00000aa4       0x25 c:/program files (x86)/microchip/mplabc32/v2.02/bin/../lib/gcc/pic32mx/4.5.1/../../../../pic32mx/lib/no-float\libc.a(default-on-bootstrap.o)
 .debug_abbrev  0x00000ac9       0x34 c:/program files (x86)/microchip/mplabc32/v2.02/bin/../lib/gcc/pic32mx/4.5.1/../../../../pic32mx/lib/no-float\libmchp_peripheral_32MX440F256H.a(soft_reset_lib.o)
 .debug_abbrev  0x00000afd       0x25 c:/program files (x86)/microchip/mplabc32/v2.02/bin/../lib/gcc/pic32mx/4.5.1/../../../../pic32mx/lib/no-float\libmchp_peripheral_32MX440F256H.a(int_disable_interrupts_lib.o)
 .debug_abbrev  0x00000b22       0x25 c:/program files (x86)/microchip/mplabc32/v2.02/bin/../lib/gcc/pic32mx/4.5.1/../../../../pic32mx/lib/no-float\libmchp_peripheral_32MX440F256H.a(int_tbl_lib.o)
 .debug_abbrev  0x00000b47       0x25 c:/program files (x86)/microchip/mplabc32/v2.02/bin/../lib/gcc/pic32mx/4.5.1/../../../../pic32mx/lib/no-float\libmchp_peripheral_32MX440F256H.a(nvm_erase_page_lib.o)
 .debug_abbrev  0x00000b6c       0x34 c:/program files (x86)/microchip/mplabc32/v2.02/bin/../lib/gcc/pic32mx/4.5.1/../../../../pic32mx/lib/no-float\libmchp_peripheral_32MX440F256H.a(nvm_operation_lib.o)
 .debug_abbrev  0x00000ba0       0x25 c:/program files (x86)/microchip/mplabc32/v2.02/bin/../lib/gcc/pic32mx/4.5.1/../../../../pic32mx/lib/no-float\libmchp_peripheral_32MX440F256H.a(nvm_write_word_lib.o)
 .debug_abbrev  0x00000bc5       0x25 c:/program files (x86)/microchip/mplabc32/v2.02/bin/../lib/gcc/pic32mx/4.5.1/../../../../pic32mx/lib/no-float\libmchp_peripheral_32MX440F256H.a(int_restore_interrupts_lib.o)

.debug_line     0x00000000     0x140e
 *(.debug_line)
 .debug_line    0x00000000      0x65e build/MX440_FD/production/_ext/343710134/usb_device.o
 .debug_line    0x0000065e      0x24a build/MX440_FD/production/_ext/1295437596/usb_function_hid.o
 .debug_line    0x000008a8      0x399 build/MX440_FD/production/main.o
 .debug_line    0x00000c41      0x1c2 build/MX440_FD/production/usb_descriptors.o
 .debug_line    0x00000e03       0xa4 c:/program files (x86)/microchip/mplabc32/v2.02/bin/../lib/gcc/pic32mx/4.5.1/../../../../pic32mx/lib/no-float\libc.a(default-general-exception-handler.o)
 .debug_line    0x00000ea7       0xa6 c:/program files (x86)/microchip/mplabc32/v2.02/bin/../lib/gcc/pic32mx/4.5.1/../../../../pic32mx/lib/no-float\libc.a(default-bootstrap-exception-handler.o)
 .debug_line    0x00000f4d       0x93 c:/program files (x86)/microchip/mplabc32/v2.02/bin/../lib/gcc/pic32mx/4.5.1/../../../../pic32mx/lib/no-float\libc.a(default-on-reset.o)
 .debug_line    0x00000fe0       0x97 c:/program files (x86)/microchip/mplabc32/v2.02/bin/../lib/gcc/pic32mx/4.5.1/../../../../pic32mx/lib/no-float\libc.a(default-on-bootstrap.o)
 .debug_line    0x00001077       0xbb c:/program files (x86)/microchip/mplabc32/v2.02/bin/../lib/gcc/pic32mx/4.5.1/../../../../pic32mx/lib/no-float\libmchp_peripheral_32MX440F256H.a(soft_reset_lib.o)
 .debug_line    0x00001132       0x73 c:/program files (x86)/microchip/mplabc32/v2.02/bin/../lib/gcc/pic32mx/4.5.1/../../../../pic32mx/lib/no-float\libmchp_peripheral_32MX440F256H.a(int_disable_interrupts_lib.o)
 .debug_line    0x000011a5       0x64 c:/program files (x86)/microchip/mplabc32/v2.02/bin/../lib/gcc/pic32mx/4.5.1/../../../../pic32mx/lib/no-float\libmchp_peripheral_32MX440F256H.a(int_tbl_lib.o)
 .debug_line    0x00001209       0x6b c:/program files (x86)/microchip/mplabc32/v2.02/bin/../lib/gcc/pic32mx/4.5.1/../../../../pic32mx/lib/no-float\libmchp_peripheral_32MX440F256H.a(nvm_erase_page_lib.o)
 .debug_line    0x00001274       0xbc c:/program files (x86)/microchip/mplabc32/v2.02/bin/../lib/gcc/pic32mx/4.5.1/../../../../pic32mx/lib/no-float\libmchp_peripheral_32MX440F256H.a(nvm_operation_lib.o)
 .debug_line    0x00001330       0x6b c:/program files (x86)/microchip/mplabc32/v2.02/bin/../lib/gcc/pic32mx/4.5.1/../../../../pic32mx/lib/no-float\libmchp_peripheral_32MX440F256H.a(nvm_write_word_lib.o)
 .debug_line    0x0000139b       0x73 c:/program files (x86)/microchip/mplabc32/v2.02/bin/../lib/gcc/pic32mx/4.5.1/../../../../pic32mx/lib/no-float\libmchp_peripheral_32MX440F256H.a(int_restore_interrupts_lib.o)

.debug_frame    0x00000000      0x454
 *(.debug_frame)
 .debug_frame   0x00000000       0xe0 build/MX440_FD/production/_ext/343710134/usb_device.o
 .debug_frame   0x000000e0       0x20 build/MX440_FD/production/_ext/1295437596/usb_function_hid.o
 .debug_frame   0x00000100      0x154 build/MX440_FD/production/main.o
 .debug_frame   0x00000254       0x20 c:/program files (x86)/microchip/mplabc32/v2.02/bin/../lib/gcc/pic32mx/4.5.1/../../../../pic32mx/lib/no-float\libc.a(default-general-exception-handler.o)
 .debug_frame   0x00000274       0x20 c:/program files (x86)/microchip/mplabc32/v2.02/bin/../lib/gcc/pic32mx/4.5.1/../../../../pic32mx/lib/no-float\libc.a(default-bootstrap-exception-handler.o)
 .debug_frame   0x00000294       0x20 c:/program files (x86)/microchip/mplabc32/v2.02/bin/../lib/gcc/pic32mx/4.5.1/../../../../pic32mx/lib/no-float\libc.a(default-on-reset.o)
 .debug_frame   0x000002b4       0x20 c:/program files (x86)/microchip/mplabc32/v2.02/bin/../lib/gcc/pic32mx/4.5.1/../../../../pic32mx/lib/no-float\libc.a(default-on-bootstrap.o)
 .debug_frame   0x000002d4       0x28 c:/program files (x86)/microchip/mplabc32/v2.02/bin/../lib/gcc/pic32mx/4.5.1/../../../../pic32mx/lib/no-float\libmchp_peripheral_32MX440F256H.a(soft_reset_lib.o)
 .debug_frame   0x000002fc       0x20 c:/program files (x86)/microchip/mplabc32/v2.02/bin/../lib/gcc/pic32mx/4.5.1/../../../../pic32mx/lib/no-float\libmchp_peripheral_32MX440F256H.a(int_disable_interrupts_lib.o)
 .debug_frame   0x0000031c       0xa0 c:/program files (x86)/microchip/mplabc32/v2.02/bin/../lib/gcc/pic32mx/4.5.1/../../../../pic32mx/lib/no-float\libmchp_peripheral_32MX440F256H.a(int_tbl_lib.o)
 .debug_frame   0x000003bc       0x28 c:/program files (x86)/microchip/mplabc32/v2.02/bin/../lib/gcc/pic32mx/4.5.1/../../../../pic32mx/lib/no-float\libmchp_peripheral_32MX440F256H.a(nvm_erase_page_lib.o)
 .debug_frame   0x000003e4       0x28 c:/program files (x86)/microchip/mplabc32/v2.02/bin/../lib/gcc/pic32mx/4.5.1/../../../../pic32mx/lib/no-float\libmchp_peripheral_32MX440F256H.a(nvm_operation_lib.o)
 .debug_frame   0x0000040c       0x28 c:/program files (x86)/microchip/mplabc32/v2.02/bin/../lib/gcc/pic32mx/4.5.1/../../../../pic32mx/lib/no-float\libmchp_peripheral_32MX440F256H.a(nvm_write_word_lib.o)
 .debug_frame   0x00000434       0x20 c:/program files (x86)/microchip/mplabc32/v2.02/bin/../lib/gcc/pic32mx/4.5.1/../../../../pic32mx/lib/no-float\libmchp_peripheral_32MX440F256H.a(int_restore_interrupts_lib.o)

.debug_str      0x00000000      0x7c1
 *(.debug_str)
 .debug_str     0x00000000      0x347 build/MX440_FD/production/_ext/343710134/usb_device.o
 .debug_str     0x00000347      0x146 build/MX440_FD/production/_ext/1295437596/usb_function_hid.o
 .debug_str     0x0000048d      0x228 build/MX440_FD/production/main.o
 .debug_str     0x000006b5      0x10c build/MX440_FD/production/usb_descriptors.o
 .debug_str     0x000007c1        0x0 c:/program files (x86)/microchip/mplabc32/v2.02/bin/../lib/gcc/pic32mx/4.5.1/../../../../pic32mx/lib/no-float\libc.a(default-general-exception-handler.o)
 .debug_str     0x000007c1        0x0 c:/program files (x86)/microchip/mplabc32/v2.02/bin/../lib/gcc/pic32mx/4.5.1/../../../../pic32mx/lib/no-float\libc.a(default-bootstrap-exception-handler.o)
 .debug_str     0x000007c1        0x0 c:/program files (x86)/microchip/mplabc32/v2.02/bin/../lib/gcc/pic32mx/4.5.1/../../../../pic32mx/lib/no-float\libc.a(default-on-reset.o)
 .debug_str     0x000007c1        0x0 c:/program files (x86)/microchip/mplabc32/v2.02/bin/../lib/gcc/pic32mx/4.5.1/../../../../pic32mx/lib/no-float\libc.a(default-on-bootstrap.o)
 .debug_str     0x000007c1        0x0 c:/program files (x86)/microchip/mplabc32/v2.02/bin/../lib/gcc/pic32mx/4.5.1/../../../../pic32mx/lib/no-float\libmchp_peripheral_32MX440F256H.a(soft_reset_lib.o)
 .debug_str     0x000007c1        0x0 c:/program files (x86)/microchip/mplabc32/v2.02/bin/../lib/gcc/pic32mx/4.5.1/../../../../pic32mx/lib/no-float\libmchp_peripheral_32MX440F256H.a(int_disable_interrupts_lib.o)
 .debug_str     0x000007c1        0x0 c:/program files (x86)/microchip/mplabc32/v2.02/bin/../lib/gcc/pic32mx/4.5.1/../../../../pic32mx/lib/no-float\libmchp_peripheral_32MX440F256H.a(int_tbl_lib.o)
 .debug_str     0x000007c1        0x0 c:/program files (x86)/microchip/mplabc32/v2.02/bin/../lib/gcc/pic32mx/4.5.1/../../../../pic32mx/lib/no-float\libmchp_peripheral_32MX440F256H.a(nvm_erase_page_lib.o)
 .debug_str     0x000007c1        0x0 c:/program files (x86)/microchip/mplabc32/v2.02/bin/../lib/gcc/pic32mx/4.5.1/../../../../pic32mx/lib/no-float\libmchp_peripheral_32MX440F256H.a(nvm_operation_lib.o)
 .debug_str     0x000007c1        0x0 c:/program files (x86)/microchip/mplabc32/v2.02/bin/../lib/gcc/pic32mx/4.5.1/../../../../pic32mx/lib/no-float\libmchp_peripheral_32MX440F256H.a(nvm_write_word_lib.o)
 .debug_str     0x000007c1        0x0 c:/program files (x86)/microchip/mplabc32/v2.02/bin/../lib/gcc/pic32mx/4.5.1/../../../../pic32mx/lib/no-float\libmchp_peripheral_32MX440F256H.a(int_restore_interrupts_lib.o)

.debug_loc      0x00000000      0x3f6
 *(.debug_loc)
 .debug_loc     0x00000000      0x2d9 build/MX440_FD/production/_ext/343710134/usb_device.o
 .debug_loc     0x000002d9      0x11d build/MX440_FD/production/main.o

.debug_macinfo
 *(.debug_macinfo)

.debug_weaknames
 *(.debug_weaknames)

.debug_funcnames
 *(.debug_funcnames)

.debug_typenames
 *(.debug_typenames)

.debug_varnames
 *(.debug_varnames)

.debug_pubtypes
                0x00000000      0x6a7
 *(.debug_pubtypes)
 .debug_pubtypes
                0x00000000      0x285 build/MX440_FD/production/_ext/343710134/usb_device.o
 .debug_pubtypes
                0x00000285      0x108 build/MX440_FD/production/_ext/1295437596/usb_function_hid.o
 .debug_pubtypes
                0x0000038d      0x216 build/MX440_FD/production/main.o
 .debug_pubtypes
                0x000005a3      0x104 build/MX440_FD/production/usb_descriptors.o

.debug_ranges   0x00000000      0x270
 *(.debug_ranges)
 .debug_ranges  0x00000000       0xd0 build/MX440_FD/production/_ext/343710134/usb_device.o
 .debug_ranges  0x000000d0       0x10 build/MX440_FD/production/_ext/1295437596/usb_function_hid.o
 .debug_ranges  0x000000e0       0xa0 build/MX440_FD/production/main.o
 .debug_ranges  0x00000180       0x10 c:/program files (x86)/microchip/mplabc32/v2.02/bin/../lib/gcc/pic32mx/4.5.1/../../../../pic32mx/lib/no-float\libc.a(default-general-exception-handler.o)
 .debug_ranges  0x00000190       0x10 c:/program files (x86)/microchip/mplabc32/v2.02/bin/../lib/gcc/pic32mx/4.5.1/../../../../pic32mx/lib/no-float\libc.a(default-bootstrap-exception-handler.o)
 .debug_ranges  0x000001a0       0x10 c:/program files (x86)/microchip/mplabc32/v2.02/bin/../lib/gcc/pic32mx/4.5.1/../../../../pic32mx/lib/no-float\libc.a(default-on-reset.o)
 .debug_ranges  0x000001b0       0x10 c:/program files (x86)/microchip/mplabc32/v2.02/bin/../lib/gcc/pic32mx/4.5.1/../../../../pic32mx/lib/no-float\libc.a(default-on-bootstrap.o)
 .debug_ranges  0x000001c0       0x10 c:/program files (x86)/microchip/mplabc32/v2.02/bin/../lib/gcc/pic32mx/4.5.1/../../../../pic32mx/lib/no-float\libmchp_peripheral_32MX440F256H.a(soft_reset_lib.o)
 .debug_ranges  0x000001d0       0x10 c:/program files (x86)/microchip/mplabc32/v2.02/bin/../lib/gcc/pic32mx/4.5.1/../../../../pic32mx/lib/no-float\libmchp_peripheral_32MX440F256H.a(int_disable_interrupts_lib.o)
 .debug_ranges  0x000001e0       0x50 c:/program files (x86)/microchip/mplabc32/v2.02/bin/../lib/gcc/pic32mx/4.5.1/../../../../pic32mx/lib/no-float\libmchp_peripheral_32MX440F256H.a(int_tbl_lib.o)
 .debug_ranges  0x00000230       0x10 c:/program files (x86)/microchip/mplabc32/v2.02/bin/../lib/gcc/pic32mx/4.5.1/../../../../pic32mx/lib/no-float\libmchp_peripheral_32MX440F256H.a(nvm_erase_page_lib.o)
 .debug_ranges  0x00000240       0x10 c:/program files (x86)/microchip/mplabc32/v2.02/bin/../lib/gcc/pic32mx/4.5.1/../../../../pic32mx/lib/no-float\libmchp_peripheral_32MX440F256H.a(nvm_operation_lib.o)
 .debug_ranges  0x00000250       0x10 c:/program files (x86)/microchip/mplabc32/v2.02/bin/../lib/gcc/pic32mx/4.5.1/../../../../pic32mx/lib/no-float\libmchp_peripheral_32MX440F256H.a(nvm_write_word_lib.o)
 .debug_ranges  0x00000260       0x10 c:/program files (x86)/microchip/mplabc32/v2.02/bin/../lib/gcc/pic32mx/4.5.1/../../../../pic32mx/lib/no-float\libmchp_peripheral_32MX440F256H.a(int_restore_interrupts_lib.o)

.gnu.attributes
 *(.gnu.attributes)
OUTPUT(dist/MX440_FD/production/HIDBoot.X.production.elf elf32-tradlittlemips)
LOAD stack
LOAD data_init

.stack          0xa00003b8      0x400
 .stack         0xa00003b8      0x400 stack

.bss%z1         0x00000000        0x0
 .bss           0x00000000        0x0 c:/program files (x86)/microchip/mplabc32/v2.02/bin/../lib/gcc/pic32mx/4.5.1/../../../../pic32mx/lib/./proc/32MX440F256H\processor.o

.data%z2        0x00000000        0x0
 .data          0x00000000        0x0 c:/program files (x86)/microchip/mplabc32/v2.02/bin/../lib/gcc/pic32mx/4.5.1/../../../../pic32mx/lib/./proc/32MX440F256H\processor.o

.mdebug.abi32%z3
                0x00000000        0x0
 .mdebug.abi32  0x00000000        0x0 c:/program files (x86)/microchip/mplabc32/v2.02/bin/../lib/gcc/pic32mx/4.5.1/../../../../pic32mx/lib/no-float\libmchp_peripheral_32MX440F256H.a(int_restore_interrupts_lib.o)

.bss%z4         0x00000000        0x0
 .bss           0x00000000        0x0 c:/program files (x86)/microchip/mplabc32/v2.02/bin/../lib/gcc/pic32mx/4.5.1/../../../../pic32mx/lib/no-float\libmchp_peripheral_32MX440F256H.a(int_restore_interrupts_lib.o)

.data%z5        0x00000000        0x0
 .data          0x00000000        0x0 c:/program files (x86)/microchip/mplabc32/v2.02/bin/../lib/gcc/pic32mx/4.5.1/../../../../pic32mx/lib/no-float\libmchp_peripheral_32MX440F256H.a(int_restore_interrupts_lib.o)

.mdebug.abi32%z6
                0x00000000        0x0
 .mdebug.abi32  0x00000000        0x0 c:/program files (x86)/microchip/mplabc32/v2.02/bin/../lib/gcc/pic32mx/4.5.1/../../../../pic32mx/lib/no-float\libmchp_peripheral_32MX440F256H.a(nvm_write_word_lib.o)

.bss%z7         0x00000000        0x0
 .bss           0x00000000        0x0 c:/program files (x86)/microchip/mplabc32/v2.02/bin/../lib/gcc/pic32mx/4.5.1/../../../../pic32mx/lib/no-float\libmchp_peripheral_32MX440F256H.a(nvm_write_word_lib.o)

.data%z8        0x00000000        0x0
 .data          0x00000000        0x0 c:/program files (x86)/microchip/mplabc32/v2.02/bin/../lib/gcc/pic32mx/4.5.1/../../../../pic32mx/lib/no-float\libmchp_peripheral_32MX440F256H.a(nvm_write_word_lib.o)

.mdebug.abi32%z9
                0x00000000        0x0
 .mdebug.abi32  0x00000000        0x0 c:/program files (x86)/microchip/mplabc32/v2.02/bin/../lib/gcc/pic32mx/4.5.1/../../../../pic32mx/lib/no-float\libmchp_peripheral_32MX440F256H.a(nvm_operation_lib.o)

.bss%z10        0x00000000        0x0
 .bss           0x00000000        0x0 c:/program files (x86)/microchip/mplabc32/v2.02/bin/../lib/gcc/pic32mx/4.5.1/../../../../pic32mx/lib/no-float\libmchp_peripheral_32MX440F256H.a(nvm_operation_lib.o)

.data%z11       0x00000000        0x0
 .data          0x00000000        0x0 c:/program files (x86)/microchip/mplabc32/v2.02/bin/../lib/gcc/pic32mx/4.5.1/../../../../pic32mx/lib/no-float\libmchp_peripheral_32MX440F256H.a(nvm_operation_lib.o)

.mdebug.abi32%z12
                0x00000000        0x0
 .mdebug.abi32  0x00000000        0x0 c:/program files (x86)/microchip/mplabc32/v2.02/bin/../lib/gcc/pic32mx/4.5.1/../../../../pic32mx/lib/no-float\libmchp_peripheral_32MX440F256H.a(nvm_erase_page_lib.o)

.bss%z13        0x00000000        0x0
 .bss           0x00000000        0x0 c:/program files (x86)/microchip/mplabc32/v2.02/bin/../lib/gcc/pic32mx/4.5.1/../../../../pic32mx/lib/no-float\libmchp_peripheral_32MX440F256H.a(nvm_erase_page_lib.o)

.data%z14       0x00000000        0x0
 .data          0x00000000        0x0 c:/program files (x86)/microchip/mplabc32/v2.02/bin/../lib/gcc/pic32mx/4.5.1/../../../../pic32mx/lib/no-float\libmchp_peripheral_32MX440F256H.a(nvm_erase_page_lib.o)

.mdebug.abi32%z15
                0x00000000        0x0
 .mdebug.abi32  0x00000000        0x0 c:/program files (x86)/microchip/mplabc32/v2.02/bin/../lib/gcc/pic32mx/4.5.1/../../../../pic32mx/lib/no-float\libmchp_peripheral_32MX440F256H.a(int_tbl_lib.o)

.bss%z16        0x00000000        0x0
 .bss           0x00000000        0x0 c:/program files (x86)/microchip/mplabc32/v2.02/bin/../lib/gcc/pic32mx/4.5.1/../../../../pic32mx/lib/no-float\libmchp_peripheral_32MX440F256H.a(int_tbl_lib.o)

.data%z17       0x00000000        0x0
 .data          0x00000000        0x0 c:/program files (x86)/microchip/mplabc32/v2.02/bin/../lib/gcc/pic32mx/4.5.1/../../../../pic32mx/lib/no-float\libmchp_peripheral_32MX440F256H.a(int_tbl_lib.o)

.mdebug.abi32%z18
                0x00000000        0x0
 .mdebug.abi32  0x00000000        0x0 c:/program files (x86)/microchip/mplabc32/v2.02/bin/../lib/gcc/pic32mx/4.5.1/../../../../pic32mx/lib/no-float\libmchp_peripheral_32MX440F256H.a(int_disable_interrupts_lib.o)

.bss%z19        0x00000000        0x0
 .bss           0x00000000        0x0 c:/program files (x86)/microchip/mplabc32/v2.02/bin/../lib/gcc/pic32mx/4.5.1/../../../../pic32mx/lib/no-float\libmchp_peripheral_32MX440F256H.a(int_disable_interrupts_lib.o)

.data%z20       0x00000000        0x0
 .data          0x00000000        0x0 c:/program files (x86)/microchip/mplabc32/v2.02/bin/../lib/gcc/pic32mx/4.5.1/../../../../pic32mx/lib/no-float\libmchp_peripheral_32MX440F256H.a(int_disable_interrupts_lib.o)

.mdebug.abi32%z21
                0x00000000        0x0
 .mdebug.abi32  0x00000000        0x0 c:/program files (x86)/microchip/mplabc32/v2.02/bin/../lib/gcc/pic32mx/4.5.1/../../../../pic32mx/lib/no-float\libmchp_peripheral_32MX440F256H.a(soft_reset_lib.o)

.bss%z22        0x00000000        0x0
 .bss           0x00000000        0x0 c:/program files (x86)/microchip/mplabc32/v2.02/bin/../lib/gcc/pic32mx/4.5.1/../../../../pic32mx/lib/no-float\libmchp_peripheral_32MX440F256H.a(soft_reset_lib.o)

.data%z23       0x00000000        0x0
 .data          0x00000000        0x0 c:/program files (x86)/microchip/mplabc32/v2.02/bin/../lib/gcc/pic32mx/4.5.1/../../../../pic32mx/lib/no-float\libmchp_peripheral_32MX440F256H.a(soft_reset_lib.o)

.bss%z24        0x00000000        0x0
 .bss           0x00000000        0x0 c:/program files (x86)/microchip/mplabc32/v2.02/bin/../lib/gcc/pic32mx/4.5.1/../../../../pic32mx/lib/no-float\libc.a(default-nmi-handler.o)

.data%z25       0x00000000        0x0
 .data          0x00000000        0x0 c:/program files (x86)/microchip/mplabc32/v2.02/bin/../lib/gcc/pic32mx/4.5.1/../../../../pic32mx/lib/no-float\libc.a(default-nmi-handler.o)

.mdebug.abi32%z26
                0x00000000        0x0
 .mdebug.abi32  0x00000000        0x0 c:/program files (x86)/microchip/mplabc32/v2.02/bin/../lib/gcc/pic32mx/4.5.1/../../../../pic32mx/lib/no-float\libc.a(default-on-bootstrap.o)

.bss%z27        0x00000000        0x0
 .bss           0x00000000        0x0 c:/program files (x86)/microchip/mplabc32/v2.02/bin/../lib/gcc/pic32mx/4.5.1/../../../../pic32mx/lib/no-float\libc.a(default-on-bootstrap.o)

.data%z28       0x00000000        0x0
 .data          0x00000000        0x0 c:/program files (x86)/microchip/mplabc32/v2.02/bin/../lib/gcc/pic32mx/4.5.1/../../../../pic32mx/lib/no-float\libc.a(default-on-bootstrap.o)

.mdebug.abi32%z29
                0x00000000        0x0
 .mdebug.abi32  0x00000000        0x0 c:/program files (x86)/microchip/mplabc32/v2.02/bin/../lib/gcc/pic32mx/4.5.1/../../../../pic32mx/lib/no-float\libc.a(default-on-reset.o)

.bss%z30        0x00000000        0x0
 .bss           0x00000000        0x0 c:/program files (x86)/microchip/mplabc32/v2.02/bin/../lib/gcc/pic32mx/4.5.1/../../../../pic32mx/lib/no-float\libc.a(default-on-reset.o)

.data%z31       0x00000000        0x0
 .data          0x00000000        0x0 c:/program files (x86)/microchip/mplabc32/v2.02/bin/../lib/gcc/pic32mx/4.5.1/../../../../pic32mx/lib/no-float\libc.a(default-on-reset.o)

.mdebug.abi32%z32
                0x00000000        0x0
 .mdebug.abi32  0x00000000        0x0 c:/program files (x86)/microchip/mplabc32/v2.02/bin/../lib/gcc/pic32mx/4.5.1/../../../../pic32mx/lib/no-float\libc.a(default-bootstrap-exception-handler.o)

.bss%z33        0x00000000        0x0
 .bss           0x00000000        0x0 c:/program files (x86)/microchip/mplabc32/v2.02/bin/../lib/gcc/pic32mx/4.5.1/../../../../pic32mx/lib/no-float\libc.a(default-bootstrap-exception-handler.o)

.data%z34       0x00000000        0x0
 .data          0x00000000        0x0 c:/program files (x86)/microchip/mplabc32/v2.02/bin/../lib/gcc/pic32mx/4.5.1/../../../../pic32mx/lib/no-float\libc.a(default-bootstrap-exception-handler.o)

.mdebug.abi32%z35
                0x00000000        0x0
 .mdebug.abi32  0x00000000        0x0 c:/program files (x86)/microchip/mplabc32/v2.02/bin/../lib/gcc/pic32mx/4.5.1/../../../../pic32mx/lib/no-float\libc.a(default-general-exception-handler.o)

.bss%z36        0x00000000        0x0
 .bss           0x00000000        0x0 c:/program files (x86)/microchip/mplabc32/v2.02/bin/../lib/gcc/pic32mx/4.5.1/../../../../pic32mx/lib/no-float\libc.a(default-general-exception-handler.o)

.data%z37       0x00000000        0x0
 .data          0x00000000        0x0 c:/program files (x86)/microchip/mplabc32/v2.02/bin/../lib/gcc/pic32mx/4.5.1/../../../../pic32mx/lib/no-float\libc.a(default-general-exception-handler.o)

.bss%z38        0x00000000        0x0
 .bss           0x00000000        0x0 c:/program files (x86)/microchip/mplabc32/v2.02/bin/../lib/gcc/pic32mx/4.5.1/../../../../pic32mx/lib/no-float\libc.a(general-exception.o)

.data%z39       0x00000000        0x0
 .data          0x00000000        0x0 c:/program files (x86)/microchip/mplabc32/v2.02/bin/../lib/gcc/pic32mx/4.5.1/../../../../pic32mx/lib/no-float\libc.a(general-exception.o)

.bss%z40        0x00000000        0x0
 .bss           0x00000000        0x0 c:/program files (x86)/microchip/mplabc32/v2.02/bin/../lib/gcc/pic32mx/4.5.1/../../../../pic32mx/lib/no-float\libc.a(memset.o)

.data%z41       0x00000000        0x0
 .data          0x00000000        0x0 c:/program files (x86)/microchip/mplabc32/v2.02/bin/../lib/gcc/pic32mx/4.5.1/../../../../pic32mx/lib/no-float\libc.a(memset.o)

.mdebug.abi32%z42
                0x00000000        0x0
 .mdebug.abi32  0x00000000        0x0 build/MX440_FD/production/usb_descriptors.o

.bss%z43        0x00000000        0x0
 .bss           0x00000000        0x0 build/MX440_FD/production/usb_descriptors.o

.data%z44       0x00000000        0x0
 .data          0x00000000        0x0 build/MX440_FD/production/usb_descriptors.o

.mdebug.abi32%z45
                0x00000000        0x0
 .mdebug.abi32  0x00000000        0x0 build/MX440_FD/production/main.o

.bss%z46        0x00000000        0x0
 .bss           0x00000000        0x0 build/MX440_FD/production/main.o

.data%z47       0x00000000        0x0
 .data          0x00000000        0x0 build/MX440_FD/production/main.o

.mdebug.abi32%z48
                0x00000000        0x0
 .mdebug.abi32  0x00000000        0x0 build/MX440_FD/production/_ext/1295437596/usb_function_hid.o

.bss%z49        0x00000000        0x0
 .bss           0x00000000        0x0 build/MX440_FD/production/_ext/1295437596/usb_function_hid.o

.data%z50       0x00000000        0x0
 .data          0x00000000        0x0 build/MX440_FD/production/_ext/1295437596/usb_function_hid.o

.mdebug.abi32%z51
                0x00000000        0x0
 .mdebug.abi32  0x00000000        0x0 build/MX440_FD/production/_ext/343710134/usb_device.o

.bss%z52        0x00000000        0x0
 .bss           0x00000000        0x0 build/MX440_FD/production/_ext/343710134/usb_device.o

.data%z53       0x00000000        0x0
 .data          0x00000000        0x0 build/MX440_FD/production/_ext/343710134/usb_device.o

.bss%z54        0x00000000        0x0
 .bss           0x00000000        0x0 c:/program files (x86)/microchip/mplabc32/v2.02/bin/../lib/gcc/pic32mx/4.5.1/../../../../pic32mx/lib/no-float/crt0.o

.data%z55       0x00000000        0x0
 .data          0x00000000        0x0 c:/program files (x86)/microchip/mplabc32/v2.02/bin/../lib/gcc/pic32mx/4.5.1/../../../../pic32mx/lib/no-float/crt0.o

.text.USBDeviceTasks
                0x9d0020d8     0x1414
 .text.USBDeviceTasks
                0x9d0020d8     0x1414 build/MX440_FD/production/_ext/343710134/usb_device.o
                0x9d0020d8                USBDeviceTasks

.rodata         0x9d0034ec      0x528
 .rodata        0x9d0034ec      0x528 c:/program files (x86)/microchip/mplabc32/v2.02/bin/../lib/gcc/pic32mx/4.5.1/../../../../pic32mx/lib/no-float\libmchp_peripheral_32MX440F256H.a(int_tbl_lib.o)
                0x9d0034ec                __IntSrcTbl
                0x9d0037ec                __IntVectorTbl

.text.BootApplication
                0x9d003a14      0x478
 .text.BootApplication
                0x9d003a14      0x478 build/MX440_FD/production/main.o
                0x9d003a14                BootApplication

.text.USBDeviceInit
                0x9d003e8c      0x1e0
 .text.USBDeviceInit
                0x9d003e8c      0x1e0 build/MX440_FD/production/_ext/343710134/usb_device.o
                0x9d003e8c                USBDeviceInit

.text.USBCancelIO
                0x9d00406c      0x1bc
 .text.USBCancelIO
                0x9d00406c      0x1bc build/MX440_FD/production/_ext/343710134/usb_device.o
                0x9d00406c                USBCancelIO

.text.USBCheckHIDRequest
                0x9d004228      0x174
 .text.USBCheckHIDRequest
                0x9d004228      0x174 build/MX440_FD/production/_ext/1295437596/usb_function_hid.o
                0x9d004228                USBCheckHIDRequest

.text.USBCtrlEPAllowStatusStage
                0x9d00439c      0x148
 .text.USBCtrlEPAllowStatusStage
                0x9d00439c      0x148 build/MX440_FD/production/_ext/343710134/usb_device.o
                0x9d00439c                USBCtrlEPAllowStatusStage

.text.BlinkUSBStatus
                0x9d0044e4      0x12c
 .text.BlinkUSBStatus
                0x9d0044e4      0x12c build/MX440_FD/production/main.o
                0x9d0044e4                BlinkUSBStatus

.text.USBTransferOnePacket
                0x9d004610      0x118
 .text.USBTransferOnePacket
                0x9d004610      0x118 build/MX440_FD/production/_ext/343710134/usb_device.o
                0x9d004610                USBTransferOnePacket

.text.USBCtrlEPAllowDataStage
                0x9d004728      0x118
 .text.USBCtrlEPAllowDataStage
                0x9d004728      0x118 build/MX440_FD/production/_ext/343710134/usb_device.o
                0x9d004728                USBCtrlEPAllowDataStage

.text._NVMOperation
                0x9d004840      0x114
 .text._NVMOperation
                0x9d004840      0x114 c:/program files (x86)/microchip/mplabc32/v2.02/bin/../lib/gcc/pic32mx/4.5.1/../../../../pic32mx/lib/no-float\libmchp_peripheral_32MX440F256H.a(nvm_operation_lib.o)
                0x9d004840                _NVMOperation

.text.USBCtrlTrfTxService
                0x9d004954      0x108
 .text.USBCtrlTrfTxService
                0x9d004954      0x108 build/MX440_FD/production/_ext/343710134/usb_device.o

.text.USBStallEndpoint
                0x9d004a5c      0x104
 .text.USBStallEndpoint
                0x9d004a5c      0x104 build/MX440_FD/production/_ext/343710134/usb_device.o
                0x9d004a5c                USBStallEndpoint

.text.general_exception
                0x9d004b60       0xd0
 .text.general_exception
                0x9d004b60       0xd0 c:/program files (x86)/microchip/mplabc32/v2.02/bin/../lib/gcc/pic32mx/4.5.1/../../../../pic32mx/lib/no-float\libc.a(general-exception.o)
                0x9d004b60                _general_exception_context

.text.main      0x9d004c30       0xc4
 .text.main     0x9d004c30       0xc4 build/MX440_FD/production/main.o
                0x9d004c30                main

.text           0x9d004cf4       0xa8
 .text          0x9d004cf4       0xa8 c:/program files (x86)/microchip/mplabc32/v2.02/bin/../lib/gcc/pic32mx/4.5.1/../../../../pic32mx/lib/no-float\libc.a(memset.o)
                0x9d004cf4                memset

.text.USBEnableEndpoint
                0x9d004d9c       0x78
 .text.USBEnableEndpoint
                0x9d004d9c       0x78 build/MX440_FD/production/_ext/343710134/usb_device.o
                0x9d004d9c                USBEnableEndpoint

.text.UserInit  0x9d004e14       0x78
 .text.UserInit
                0x9d004e14       0x78 build/MX440_FD/production/main.o
                0x9d004e14                UserInit

.text.SoftReset
                0x9d004e8c       0x78
 .text.SoftReset
                0x9d004e8c       0x78 c:/program files (x86)/microchip/mplabc32/v2.02/bin/../lib/gcc/pic32mx/4.5.1/../../../../pic32mx/lib/no-float\libmchp_peripheral_32MX440F256H.a(soft_reset_lib.o)
                0x9d004e8c                SoftReset

.text.USBConfigureEndpoint
                0x9d004f04       0x6c
 .text.USBConfigureEndpoint
                0x9d004f04       0x6c build/MX440_FD/production/_ext/343710134/usb_device.o

.dinit          0x9d004f70       0x68
 .dinit         0x9d004f70       0x68 data_init

.text.WriteFlashSubBlock
                0x9d004fd8       0x5c
 .text.WriteFlashSubBlock
                0x9d004fd8       0x5c build/MX440_FD/production/main.o
                0x9d004fd8                WriteFlashSubBlock

.text.USER_USB_CALLBACK_EVENT_HANDLER
                0x9d005034       0x58
 .text.USER_USB_CALLBACK_EVENT_HANDLER
                0x9d005034       0x58 build/MX440_FD/production/main.o
                0x9d005034                USER_USB_CALLBACK_EVENT_HANDLER

.text.INTEnable
                0x9d00508c       0x58
 .text.INTEnable
                0x9d00508c       0x58 c:/program files (x86)/microchip/mplabc32/v2.02/bin/../lib/gcc/pic32mx/4.5.1/../../../../pic32mx/lib/no-float\libmchp_peripheral_32MX440F256H.a(int_tbl_lib.o)
                0x9d00508c                INTEnable

.text.ProcessIO
                0x9d0050e4       0x50
 .text.ProcessIO
                0x9d0050e4       0x50 build/MX440_FD/production/main.o
                0x9d0050e4                ProcessIO

.text.USBCBSendResume
                0x9d005134       0x44
 .text.USBCBSendResume
                0x9d005134       0x44 build/MX440_FD/production/main.o
                0x9d005134                USBCBSendResume

.text.USBCBInitEP
                0x9d005178       0x3c
 .text.USBCBInitEP
                0x9d005178       0x3c build/MX440_FD/production/main.o
                0x9d005178                USBCBInitEP

.text.INTSetVectorPriority
                0x9d0051b4       0x3c
 .text.INTSetVectorPriority
                0x9d0051b4       0x3c c:/program files (x86)/microchip/mplabc32/v2.02/bin/../lib/gcc/pic32mx/4.5.1/../../../../pic32mx/lib/no-float\libmchp_peripheral_32MX440F256H.a(int_tbl_lib.o)
                0x9d0051b4                INTSetVectorPriority

.text.INTSetVectorSubPriority
                0x9d0051f0       0x3c
 .text.INTSetVectorSubPriority
                0x9d0051f0       0x3c c:/program files (x86)/microchip/mplabc32/v2.02/bin/../lib/gcc/pic32mx/4.5.1/../../../../pic32mx/lib/no-float\libmchp_peripheral_32MX440F256H.a(int_tbl_lib.o)
                0x9d0051f0                INTSetVectorSubPriority

.text.NVMWriteWord
                0x9d00522c       0x34
 .text.NVMWriteWord
                0x9d00522c       0x34 c:/program files (x86)/microchip/mplabc32/v2.02/bin/../lib/gcc/pic32mx/4.5.1/../../../../pic32mx/lib/no-float\libmchp_peripheral_32MX440F256H.a(nvm_write_word_lib.o)
                0x9d00522c                NVMWriteWord

.text.INTGetVectorPriority
                0x9d005260       0x30
 .text.INTGetVectorPriority
                0x9d005260       0x30 c:/program files (x86)/microchip/mplabc32/v2.02/bin/../lib/gcc/pic32mx/4.5.1/../../../../pic32mx/lib/no-float\libmchp_peripheral_32MX440F256H.a(int_tbl_lib.o)
                0x9d005260                INTGetVectorPriority

.text.INTGetVectorSubPriority
                0x9d005290       0x30
 .text.INTGetVectorSubPriority
                0x9d005290       0x30 c:/program files (x86)/microchip/mplabc32/v2.02/bin/../lib/gcc/pic32mx/4.5.1/../../../../pic32mx/lib/no-float\libmchp_peripheral_32MX440F256H.a(int_tbl_lib.o)
                0x9d005290                INTGetVectorSubPriority

.text.INTClearFlag
                0x9d0052c0       0x2c
 .text.INTClearFlag
                0x9d0052c0       0x2c c:/program files (x86)/microchip/mplabc32/v2.02/bin/../lib/gcc/pic32mx/4.5.1/../../../../pic32mx/lib/no-float\libmchp_peripheral_32MX440F256H.a(int_tbl_lib.o)
                0x9d0052c0                INTClearFlag

.text.INTSetFlag
                0x9d0052ec       0x2c
 .text.INTSetFlag
                0x9d0052ec       0x2c c:/program files (x86)/microchip/mplabc32/v2.02/bin/../lib/gcc/pic32mx/4.5.1/../../../../pic32mx/lib/no-float\libmchp_peripheral_32MX440F256H.a(int_tbl_lib.o)
                0x9d0052ec                INTSetFlag

.text.INTGetFlag
                0x9d005318       0x2c
 .text.INTGetFlag
                0x9d005318       0x2c c:/program files (x86)/microchip/mplabc32/v2.02/bin/../lib/gcc/pic32mx/4.5.1/../../../../pic32mx/lib/no-float\libmchp_peripheral_32MX440F256H.a(int_tbl_lib.o)
                0x9d005318                INTGetFlag

.text.INTGetEnable
                0x9d005344       0x2c
 .text.INTGetEnable
                0x9d005344       0x2c c:/program files (x86)/microchip/mplabc32/v2.02/bin/../lib/gcc/pic32mx/4.5.1/../../../../pic32mx/lib/no-float\libmchp_peripheral_32MX440F256H.a(int_tbl_lib.o)
                0x9d005344                INTGetEnable

.text.NVMErasePage
                0x9d005370       0x2c
 .text.NVMErasePage
                0x9d005370       0x2c c:/program files (x86)/microchip/mplabc32/v2.02/bin/../lib/gcc/pic32mx/4.5.1/../../../../pic32mx/lib/no-float\libmchp_peripheral_32MX440F256H.a(nvm_erase_page_lib.o)
                0x9d005370                NVMErasePage

.text.USBCBCheckOtherReq
                0x9d00539c       0x1c
 .text.USBCBCheckOtherReq
                0x9d00539c       0x1c build/MX440_FD/production/main.o
                0x9d00539c                USBCBCheckOtherReq

.text.INTRestoreInterrupts
                0x9d0053b8       0x1c
 .text.INTRestoreInterrupts
                0x9d0053b8       0x1c c:/program files (x86)/microchip/mplabc32/v2.02/bin/../lib/gcc/pic32mx/4.5.1/../../../../pic32mx/lib/no-float\libmchp_peripheral_32MX440F256H.a(int_restore_interrupts_lib.o)
                0x9d0053b8                INTRestoreInterrupts

.text           0x9d0053d4       0x28
 .text          0x9d0053d4       0x18 c:/program files (x86)/microchip/mplabc32/v2.02/bin/../lib/gcc/pic32mx/4.5.1/../../../../pic32mx/lib/no-float\libc.a(default-nmi-handler.o)
                0x9d0053d4                _nmi_handler
 .text          0x9d0053ec       0x10 c:/program files (x86)/microchip/mplabc32/v2.02/bin/../lib/gcc/pic32mx/4.5.1/../../../../pic32mx/lib/no-float/crt0.o
                0x9d0053f4                __crt0_exit

.text._general_exception_handler
                0x9d0053fc        0xc
 .text._general_exception_handler
                0x9d0053fc        0xc c:/program files (x86)/microchip/mplabc32/v2.02/bin/../lib/gcc/pic32mx/4.5.1/../../../../pic32mx/lib/no-float\libc.a(default-general-exception-handler.o)
                0x9d0053fc                _general_exception_handler

.text._bootstrap_exception_handler
                0x9d005408        0xc
 .text._bootstrap_exception_handler
                0x9d005408        0xc c:/program files (x86)/microchip/mplabc32/v2.02/bin/../lib/gcc/pic32mx/4.5.1/../../../../pic32mx/lib/no-float\libc.a(default-bootstrap-exception-handler.o)
                0x9d005408                _bootstrap_exception_handler

.text.ReadProgramMemory
                0x9d005414        0x8
 .text.ReadProgramMemory
                0x9d005414        0x8 build/MX440_FD/production/main.o
                0x9d005414                ReadProgramMemory

.text.USBCBSuspend
                0x9d00541c        0x8
 .text.USBCBSuspend
                0x9d00541c        0x8 build/MX440_FD/production/main.o
                0x9d00541c                USBCBSuspend

.text.USBCBWakeFromSuspend
                0x9d005424        0x8
 .text.USBCBWakeFromSuspend
                0x9d005424        0x8 build/MX440_FD/production/main.o
                0x9d005424                USBCBWakeFromSuspend

.text.USBCB_SOF_Handler
                0x9d00542c        0x8
 .text.USBCB_SOF_Handler
                0x9d00542c        0x8 build/MX440_FD/production/main.o
                0x9d00542c                USBCB_SOF_Handler

.text.USBCBErrorHandler
                0x9d005434        0x8
 .text.USBCBErrorHandler
                0x9d005434        0x8 build/MX440_FD/production/main.o
                0x9d005434                USBCBErrorHandler

.text.USBCBStdSetDscHandler
                0x9d00543c        0x8
 .text.USBCBStdSetDscHandler
                0x9d00543c        0x8 build/MX440_FD/production/main.o
                0x9d00543c                USBCBStdSetDscHandler

.text._on_reset
                0x9d005444        0x8
 .text._on_reset
                0x9d005444        0x8 c:/program files (x86)/microchip/mplabc32/v2.02/bin/../lib/gcc/pic32mx/4.5.1/../../../../pic32mx/lib/no-float\libc.a(default-on-reset.o)
                0x9d005444                _on_reset

.text._on_bootstrap
                0x9d00544c        0x8
 .text._on_bootstrap
                0x9d00544c        0x8 c:/program files (x86)/microchip/mplabc32/v2.02/bin/../lib/gcc/pic32mx/4.5.1/../../../../pic32mx/lib/no-float\libc.a(default-on-bootstrap.o)
                0x9d00544c                _on_bootstrap

.text.INTDisableInterrupts
                0x9d005454        0x8
 .text.INTDisableInterrupts
                0x9d005454        0x8 c:/program files (x86)/microchip/mplabc32/v2.02/bin/../lib/gcc/pic32mx/4.5.1/../../../../pic32mx/lib/no-float\libmchp_peripheral_32MX440F256H.a(int_disable_interrupts_lib.o)
                0x9d005454                INTDisableInterrupts

.text%z56       0x00000000        0x0
 .text          0x00000000        0x0 c:/program files (x86)/microchip/mplabc32/v2.02/bin/../lib/gcc/pic32mx/4.5.1/../../../../pic32mx/lib/./proc/32MX440F256H\processor.o

.text%z57       0x00000000        0x0
 .text          0x00000000        0x0 c:/program files (x86)/microchip/mplabc32/v2.02/bin/../lib/gcc/pic32mx/4.5.1/../../../../pic32mx/lib/no-float\libmchp_peripheral_32MX440F256H.a(int_restore_interrupts_lib.o)

.text%z58       0x00000000        0x0
 .text          0x00000000        0x0 c:/program files (x86)/microchip/mplabc32/v2.02/bin/../lib/gcc/pic32mx/4.5.1/../../../../pic32mx/lib/no-float\libmchp_peripheral_32MX440F256H.a(nvm_write_word_lib.o)

.text%z59       0x00000000        0x0
 .text          0x00000000        0x0 c:/program files (x86)/microchip/mplabc32/v2.02/bin/../lib/gcc/pic32mx/4.5.1/../../../../pic32mx/lib/no-float\libmchp_peripheral_32MX440F256H.a(nvm_operation_lib.o)

.text%z60       0x00000000        0x0
 .text          0x00000000        0x0 c:/program files (x86)/microchip/mplabc32/v2.02/bin/../lib/gcc/pic32mx/4.5.1/../../../../pic32mx/lib/no-float\libmchp_peripheral_32MX440F256H.a(nvm_erase_page_lib.o)

.text%z61       0x00000000        0x0
 .text          0x00000000        0x0 c:/program files (x86)/microchip/mplabc32/v2.02/bin/../lib/gcc/pic32mx/4.5.1/../../../../pic32mx/lib/no-float\libmchp_peripheral_32MX440F256H.a(int_tbl_lib.o)

.text%z62       0x00000000        0x0
 .text          0x00000000        0x0 c:/program files (x86)/microchip/mplabc32/v2.02/bin/../lib/gcc/pic32mx/4.5.1/../../../../pic32mx/lib/no-float\libmchp_peripheral_32MX440F256H.a(int_disable_interrupts_lib.o)

.text%z63       0x00000000        0x0
 .text          0x00000000        0x0 c:/program files (x86)/microchip/mplabc32/v2.02/bin/../lib/gcc/pic32mx/4.5.1/../../../../pic32mx/lib/no-float\libmchp_peripheral_32MX440F256H.a(soft_reset_lib.o)

.text%z64       0x00000000        0x0
 .text          0x00000000        0x0 c:/program files (x86)/microchip/mplabc32/v2.02/bin/../lib/gcc/pic32mx/4.5.1/../../../../pic32mx/lib/no-float\libc.a(default-on-bootstrap.o)

.text%z65       0x00000000        0x0
 .text          0x00000000        0x0 c:/program files (x86)/microchip/mplabc32/v2.02/bin/../lib/gcc/pic32mx/4.5.1/../../../../pic32mx/lib/no-float\libc.a(default-on-reset.o)

.text%z66       0x00000000        0x0
 .text          0x00000000        0x0 c:/program files (x86)/microchip/mplabc32/v2.02/bin/../lib/gcc/pic32mx/4.5.1/../../../../pic32mx/lib/no-float\libc.a(default-bootstrap-exception-handler.o)

.text%z67       0x00000000        0x0
 .text          0x00000000        0x0 c:/program files (x86)/microchip/mplabc32/v2.02/bin/../lib/gcc/pic32mx/4.5.1/../../../../pic32mx/lib/no-float\libc.a(default-general-exception-handler.o)

.text%z68       0x00000000        0x0
 .text          0x00000000        0x0 c:/program files (x86)/microchip/mplabc32/v2.02/bin/../lib/gcc/pic32mx/4.5.1/../../../../pic32mx/lib/no-float\libc.a(general-exception.o)

.text%z69       0x00000000        0x0
 .text          0x00000000        0x0 build/MX440_FD/production/usb_descriptors.o

.text%z70       0x00000000        0x0
 .text          0x00000000        0x0 build/MX440_FD/production/main.o

.text%z71       0x00000000        0x0
 .text          0x00000000        0x0 build/MX440_FD/production/_ext/1295437596/usb_function_hid.o

.text%z72       0x00000000        0x0
 .text          0x00000000        0x0 build/MX440_FD/production/_ext/343710134/usb_device.o
