Archive member included because of file (symbol)

c:/program files (x86)/microchip/mplabc32/v2.02/bin/../lib/gcc/pic32mx/4.5.1/../../../../pic32mx/lib\libc.a(memset.o)
                              build/MX795_APP_BL/production/_ext/343710134/usb_device.o (memset)
c:/program files (x86)/microchip/mplabc32/v2.02/bin/../lib/gcc/pic32mx/4.5.1/../../../../pic32mx/lib\libc.a(general-exception.o)
                              c:/program files (x86)/microchip/mplabc32/v2.02/bin/../lib/gcc/pic32mx/4.5.1/../../../../pic32mx/lib/crt0.o (_general_exception_context)
c:/program files (x86)/microchip/mplabc32/v2.02/bin/../lib/gcc/pic32mx/4.5.1/../../../../pic32mx/lib\libc.a(ctypef.o)
                              build/MX795_APP_BL/production/D32.o (toupper)
c:/program files (x86)/microchip/mplabc32/v2.02/bin/../lib/gcc/pic32mx/4.5.1/../../../../pic32mx/lib\libc.a(puts.o)
                              build/MX795_APP_BL/production/D32.o (puts)
c:/program files (x86)/microchip/mplabc32/v2.02/bin/../lib/gcc/pic32mx/4.5.1/../../../../pic32mx/lib\libc.a(printf_cdnopuxX.eo)
                              build/MX795_APP_BL/production/Test.o (_printf_cdnopuxX)
c:/program files (x86)/microchip/mplabc32/v2.02/bin/../lib/gcc/pic32mx/4.5.1/../../../../pic32mx/lib\libc.a(printf.o)
                              build/MX795_APP_BL/production/D32.o (printf)
c:/program files (x86)/microchip/mplabc32/v2.02/bin/../lib/gcc/pic32mx/4.5.1/../../../../pic32mx/lib\libc.a(sscanf_fF.eo)
                              build/MX795_APP_BL/production/D32.o (_sscanf_fF)
c:/program files (x86)/microchip/mplabc32/v2.02/bin/../lib/gcc/pic32mx/4.5.1/../../../../pic32mx/lib\libc.a(default-general-exception-handler.o)
                              c:/program files (x86)/microchip/mplabc32/v2.02/bin/../lib/gcc/pic32mx/4.5.1/../../../../pic32mx/lib\libc.a(general-exception.o) (_general_exception_handler)
c:/program files (x86)/microchip/mplabc32/v2.02/bin/../lib/gcc/pic32mx/4.5.1/../../../../pic32mx/lib\libc.a(default-bootstrap-exception-handler.o)
                              c:/program files (x86)/microchip/mplabc32/v2.02/bin/../lib/gcc/pic32mx/4.5.1/../../../../pic32mx/lib/crt0.o (_bootstrap_exception_handler)
c:/program files (x86)/microchip/mplabc32/v2.02/bin/../lib/gcc/pic32mx/4.5.1/../../../../pic32mx/lib\libc.a(default-on-reset.o)
                              c:/program files (x86)/microchip/mplabc32/v2.02/bin/../lib/gcc/pic32mx/4.5.1/../../../../pic32mx/lib/crt0.o (_on_reset)
c:/program files (x86)/microchip/mplabc32/v2.02/bin/../lib/gcc/pic32mx/4.5.1/../../../../pic32mx/lib\libc.a(default-on-bootstrap.o)
                              c:/program files (x86)/microchip/mplabc32/v2.02/bin/../lib/gcc/pic32mx/4.5.1/../../../../pic32mx/lib/crt0.o (_on_bootstrap)
c:/program files (x86)/microchip/mplabc32/v2.02/bin/../lib/gcc/pic32mx/4.5.1/../../../../pic32mx/lib\libc.a(default-nmi-handler.o)
                              c:/program files (x86)/microchip/mplabc32/v2.02/bin/../lib/gcc/pic32mx/4.5.1/../../../../pic32mx/lib/crt0.o (_nmi_handler)
c:/program files (x86)/microchip/mplabc32/v2.02/bin/../lib/gcc/pic32mx/4.5.1/../../../../pic32mx/lib\libc.a(strlen.o)
                              c:/program files (x86)/microchip/mplabc32/v2.02/bin/../lib/gcc/pic32mx/4.5.1/../../../../pic32mx/lib\libc.a(sscanf_fF.eo) (strlen)
c:/program files (x86)/microchip/mplabc32/v2.02/bin/../lib/gcc/pic32mx/4.5.1/../../../../pic32mx/lib\libc.a(_iob.o)
                              c:/program files (x86)/microchip/mplabc32/v2.02/bin/../lib/gcc/pic32mx/4.5.1/../../../../pic32mx/lib\libc.a(puts.o) (_iob)
c:/program files (x86)/microchip/mplabc32/v2.02/bin/../lib/gcc/pic32mx/4.5.1/../../../../pic32mx/lib\libc.a(_fputc_simple.o)
                              c:/program files (x86)/microchip/mplabc32/v2.02/bin/../lib/gcc/pic32mx/4.5.1/../../../../pic32mx/lib\libc.a(puts.o) (fputc)
c:/program files (x86)/microchip/mplabc32/v2.02/bin/../lib/gcc/pic32mx/4.5.1/../../../../pic32mx/lib\libc.a(ctype.o)
                              c:/program files (x86)/microchip/mplabc32/v2.02/bin/../lib/gcc/pic32mx/4.5.1/../../../../pic32mx/lib\libc.a(ctypef.o) (_ctype)
c:/program files (x86)/microchip/mplabc32/v2.02/bin/../lib/gcc/pic32mx/4.5.1/../../../../pic32mx/lib\libc.a(doprnt_cdnopuxX.eo)
                              c:/program files (x86)/microchip/mplabc32/v2.02/bin/../lib/gcc/pic32mx/4.5.1/../../../../pic32mx/lib\libc.a(printf_cdnopuxX.eo) (_vfprintf_cdnopuxX)
c:/program files (x86)/microchip/mplabc32/v2.02/bin/../lib/gcc/pic32mx/4.5.1/../../../../pic32mx/lib\libc.a(doprnt.o)
                              c:/program files (x86)/microchip/mplabc32/v2.02/bin/../lib/gcc/pic32mx/4.5.1/../../../../pic32mx/lib\libc.a(printf.o) (vfprintf)
c:/program files (x86)/microchip/mplabc32/v2.02/bin/../lib/gcc/pic32mx/4.5.1/../../../../pic32mx/lib\libc.a(doscan_fF.eo)
[...]
Memory Configuration

Name             Origin             Length             Attributes
kseg0_program_mem 0x9d006a00         0x0007a600         xr
kseg0_boot_mem   0x9d006490         0x00000970
exception_mem    0x9d005000         0x00001000
kseg1_boot_mem   0x9d006000         0x00000490
debug_exec_mem   0xbfc02000         0x00000ff0
config3          0xbfc02ff0         0x00000004
config2          0xbfc02ff4         0x00000004
config1          0xbfc02ff8         0x00000004
config0          0xbfc02ffc         0x00000004
boot_software_key 0xa0000000         0x00000004
kseg1_data_mem   0xa0000004         0x00007ffc         w !x
sfrs             0xbf800000         0x00100000
*default*        0x00000000         0xffffffff

Linker script and memory map

LOAD c:/program files (x86)/microchip/mplabc32/v2.02/bin/../lib/gcc/pic32mx/4.5.1/../../../../pic32mx/lib/crt0.o
LOAD build/MX795_APP_BL/production/_ext/343710134/usb_device.o
LOAD build/MX795_APP_BL/production/_ext/131024517/usb_function_cdc.o
LOAD build/MX795_APP_BL/production/D32.o
LOAD build/MX795_APP_BL/production/Stepper.o
LOAD build/MX795_APP_BL/production/Test.o
LOAD build/MX795_APP_BL/production/main.o
LOAD build/MX795_APP_BL/production/usb_descriptors.o
                0x00000001                __MPLAB_BUILD = 0x1
                0x00000400                PROVIDE (_min_stack_size, 0x400)
                0x00000000                PROVIDE (_min_heap_size, 0x0)
LOAD c:/program files (x86)/microchip/mplabc32/v2.02/bin/../lib/gcc/pic32mx/4.5.1/../../../../pic32mx/lib/./proc/32MX795F512L\processor.o
                0x00000001                PROVIDE (_vector_spacing, 0x1)
                0x9d005000                _ebase_address = 0x9d005000
                0x9d006000                _RESET_ADDR = 0x9d006000
                0x9d006380                _BEV_EXCPT_ADDR = 0x9d006380
                0x9d006480                _DBG_EXCPT_ADDR = 0x9d006480
                0xbfc02000                _DBG_CODE_ADDR = 0xbfc02000
                0x9d005180                _GEN_EXCPT_ADDR = (_ebase_address + 0x180)

.boot_software_key_sec
 *(.boot_software_key_sec)

.config_BFC02FF0
 *(.config_BFC02FF0)

.config_BFC02FF4
 *(.config_BFC02FF4)

.config_BFC02FF8
 *(.config_BFC02FF8)

.config_BFC02FFC
 *(.config_BFC02FFC)
                0xbfc02000                PROVIDE (_DBG_CODE_ADDR, 0xbfc02000)
                0x00000ff0                PROVIDE (_DBG_CODE_SIZE, 0xff0)

.reset          0x9d006000      0x1f4
 *(.reset)
 .reset         0x9d006000       0x10 c:/program files (x86)/microchip/mplabc32/v2.02/bin/../lib/gcc/pic32mx/4.5.1/../../../../pic32mx/lib/crt0.o
                0x9d006000                _reset
 *(.reset.startup)
 .reset.startup
                0x9d006010      0x1e4 c:/program files (x86)/microchip/mplabc32/v2.02/bin/../lib/gcc/pic32mx/4.5.1/../../../../pic32mx/lib/crt0.o

.bev_excpt      0x9d006380       0x10
 *(.bev_handler)
 .bev_handler   0x9d006380       0x10 c:/program files (x86)/microchip/mplabc32/v2.02/bin/../lib/gcc/pic32mx/4.5.1/../../../../pic32mx/lib/crt0.o

.dbg_excpt      0x9d006480        0x0
                0x9d006480                . = (. + DEFINED (_DEBUGGER)?0x8:0x0)

.dbg_code       0xbfc02000        0x0
                0xbfc02000                . = (. + DEFINED (_DEBUGGER)?_DBG_CODE_SIZE:0x0)

.app_excpt      0x9d005180       0x10
 *(.gen_handler)
 .gen_handler   0x9d005180       0x10 c:/program files (x86)/microchip/mplabc32/v2.02/bin/../lib/gcc/pic32mx/4.5.1/../../../../pic32mx/lib/crt0.o

.vector_0       0x9d005200        0x8
 *(.vector_0)
 .vector_0      0x9d005200        0x8 build/MX795_APP_BL/production/D32.o
                0x00000001                ASSERT (((_vector_spacing == 0x0) || (SIZEOF (.vector_0) <= (_vector_spacing << 0x5))), function at exception vector 0 too large)

.vector_1       0x9d005220        0x0
 *(.vector_1)
                0x00000001                ASSERT (((_vector_spacing == 0x0) || (SIZEOF (.vector_1) <= (_vector_spacing << 0x5))), function at exception vector 1 too large)

.vector_2       0x9d005240        0x0
 *(.vector_2)
                0x00000001                ASSERT (((_vector_spacing == 0x0) || (SIZEOF (.vector_2) <= (_vector_spacing << 0x5))), function at exception vector 2 too large)

.vector_3       0x9d005260        0x0
 *(.vector_3)
                0x00000001                ASSERT (((_vector_spacing == 0x0) || (SIZEOF (.vector_3) <= (_vector_spacing << 0x5))), function at exception vector 3 too large)

.vector_4       0x9d005280        0x0
 *(.vector_4)
                0x00000001                ASSERT (((_vector_spacing == 0x0) || (SIZEOF (.vector_4) <= (_vector_spacing << 0x5))), function at exception vector 4 too large)

.vector_5       0x9d0052a0        0x0
 *(.vector_5)
                0x00000001                ASSERT (((_vector_spacing == 0x0) || (SIZEOF (.vector_5) <= (_vector_spacing << 0x5))), function at exception vector 5 too large)

.vector_6       0x9d0052c0        0x0
 *(.vector_6)
                0x00000001                ASSERT (((_vector_spacing == 0x0) || (SIZEOF (.vector_6) <= (_vector_spacing << 0x5))), function at exception vector 6 too large)

.vector_7       0x9d0052e0        0x0
 *(.vector_7)
                0x00000001                ASSERT (((_vector_spacing == 0x0) || (SIZEOF (.vector_7) <= (_vector_spacing << 0x5))), function at exception vector 7 too large)

.vector_8       0x9d005300        0x0
 *(.vector_8)
                0x00000001                ASSERT (((_vector_spacing == 0x0) || (SIZEOF (.vector_8) <= (_vector_spacing << 0x5))), function at exception vector 8 too large)

.vector_9       0x9d005320        0x0
 *(.vector_9)
                0x00000001                ASSERT (((_vector_spacing == 0x0) || (SIZEOF (.vector_9) <= (_vector_spacing << 0x5))), function at exception vector 9 too large)

.vector_10      0x9d005340        0x0
 *(.vector_10)
                0x00000001                ASSERT (((_vector_spacing == 0x0) || (SIZEOF (.vector_10) <= (_vector_spacing << 0x5))), function at exception vector 10 too large)

.vector_11      0x9d005360        0x0
 *(.vector_11)
                0x00000001                ASSERT (((_vector_spacing == 0x0) || (SIZEOF (.vector_11) <= (_vector_spacing << 0x5))), function at exception vector 11 too large)

.vector_12      0x9d005380        0x8
 *(.vector_12)
 .vector_12     0x9d005380        0x8 build/MX795_APP_BL/production/Stepper.o
                0x00000001                ASSERT (((_vector_spacing == 0x0) || (SIZEOF (.vector_12) <= (_vector_spacing << 0x5))), function at exception vector 12 too large)

.vector_13      0x9d0053a0        0x0
 *(.vector_13)
                0x00000001                ASSERT (((_vector_spacing == 0x0) || (SIZEOF (.vector_13) <= (_vector_spacing << 0x5))), function at exception vector 13 too large)

.vector_14      0x9d0053c0        0x0
 *(.vector_14)
                0x00000001                ASSERT (((_vector_spacing == 0x0) || (SIZEOF (.vector_14) <= (_vector_spacing << 0x5))), function at exception vector 14 too large)

.vector_15      0x9d0053e0        0x0
 *(.vector_15)
                0x00000001                ASSERT (((_vector_spacing == 0x0) || (SIZEOF (.vector_15) <= (_vector_spacing << 0x5))), function at exception vector 15 too large)

.vector_16      0x9d005400        0x0
 *(.vector_16)
                0x00000001                ASSERT (((_vector_spacing == 0x0) || (SIZEOF (.vector_16) <= (_vector_spacing << 0x5))), function at exception vector 16 too large)

.vector_17      0x9d005420        0x0
 *(.vector_17)
                0x00000001                ASSERT (((_vector_spacing == 0x0) || (SIZEOF (.vector_17) <= (_vector_spacing << 0x5))), function at exception vector 17 too large)

.vector_18      0x9d005440        0x0
 *(.vector_18)
                0x00000001                ASSERT (((_vector_spacing == 0x0) || (SIZEOF (.vector_18) <= (_vector_spacing << 0x5))), function at exception vector 18 too large)

.vector_19      0x9d005460        0x0
 *(.vector_19)
                0x00000001                ASSERT (((_vector_spacing == 0x0) || (SIZEOF (.vector_19) <= (_vector_spacing << 0x5))), function at exception vector 19 too large)

.vector_20      0x9d005480        0x0
 *(.vector_20)
                0x00000001                ASSERT (((_vector_spacing == 0x0) || (SIZEOF (.vector_20) <= (_vector_spacing << 0x5))), function at exception vector 20 too large)

.vector_21      0x9d0054a0        0x0
 *(.vector_21)
                0x00000001                ASSERT (((_vector_spacing == 0x0) || (SIZEOF (.vector_21) <= (_vector_spacing << 0x5))), function at exception vector 21 too large)

.vector_22      0x9d0054c0        0x0
 *(.vector_22)
                0x00000001                ASSERT (((_vector_spacing == 0x0) || (SIZEOF (.vector_22) <= (_vector_spacing << 0x5))), function at exception vector 22 too large)

.vector_23      0x9d0054e0        0x0
 *(.vector_23)
                0x00000001                ASSERT (((_vector_spacing == 0x0) || (SIZEOF (.vector_23) <= (_vector_spacing << 0x5))), function at exception vector 23 too large)

.vector_24      0x9d005500        0x0
 *(.vector_24)
                0x00000001                ASSERT (((_vector_spacing == 0x0) || (SIZEOF (.vector_24) <= (_vector_spacing << 0x5))), function at exception vector 24 too large)

.vector_25      0x9d005520        0x0
 *(.vector_25)
                0x00000001                ASSERT (((_vector_spacing == 0x0) || (SIZEOF (.vector_25) <= (_vector_spacing << 0x5))), function at exception vector 25 too large)

.vector_26      0x9d005540        0x0
 *(.vector_26)
                0x00000001                ASSERT (((_vector_spacing == 0x0) || (SIZEOF (.vector_26) <= (_vector_spacing << 0x5))), function at exception vector 26 too large)

.vector_27      0x9d005560        0x0
 *(.vector_27)
                0x00000001                ASSERT (((_vector_spacing == 0x0) || (SIZEOF (.vector_27) <= (_vector_spacing << 0x5))), function at exception vector 27 too large)

.vector_28      0x9d005580        0x0
 *(.vector_28)
                0x00000001                ASSERT (((_vector_spacing == 0x0) || (SIZEOF (.vector_28) <= (_vector_spacing << 0x5))), function at exception vector 28 too large)

.vector_29      0x9d0055a0        0x0
 *(.vector_29)
                0x00000001                ASSERT (((_vector_spacing == 0x0) || (SIZEOF (.vector_29) <= (_vector_spacing << 0x5))), function at exception vector 29 too large)

.vector_30      0x9d0055c0        0x0
 *(.vector_30)
                0x00000001                ASSERT (((_vector_spacing == 0x0) || (SIZEOF (.vector_30) <= (_vector_spacing << 0x5))), function at exception vector 30 too large)

.vector_31      0x9d0055e0        0x0
 *(.vector_31)
                0x00000001                ASSERT (((_vector_spacing == 0x0) || (SIZEOF (.vector_31) <= (_vector_spacing << 0x5))), function at exception vector 31 too large)

.vector_32      0x9d005600        0x0
 *(.vector_32)
                0x00000001                ASSERT (((_vector_spacing == 0x0) || (SIZEOF (.vector_32) <= (_vector_spacing << 0x5))), function at exception vector 32 too large)

.vector_33      0x9d005620        0x0
 *(.vector_33)
                0x00000001                ASSERT (((_vector_spacing == 0x0) || (SIZEOF (.vector_33) <= (_vector_spacing << 0x5))), function at exception vector 33 too large)

.vector_34      0x9d005640        0x0
 *(.vector_34)
                0x00000001                ASSERT (((_vector_spacing == 0x0) || (SIZEOF (.vector_34) <= (_vector_spacing << 0x5))), function at exception vector 34 too large)

.vector_35      0x9d005660        0x0
 *(.vector_35)
                0x00000001                ASSERT (((_vector_spacing == 0x0) || (SIZEOF (.vector_35) <= (_vector_spacing << 0x5))), function at exception vector 35 too large)

.vector_36      0x9d005680        0x0
 *(.vector_36)
                0x00000001                ASSERT (((_vector_spacing == 0x0) || (SIZEOF (.vector_36) <= (_vector_spacing << 0x5))), function at exception vector 36 too large)

.vector_37      0x9d0056a0        0x0
 *(.vector_37)
                0x00000001                ASSERT (((_vector_spacing == 0x0) || (SIZEOF (.vector_37) <= (_vector_spacing << 0x5))), function at exception vector 37 too large)

.vector_38      0x9d0056c0        0x0
 *(.vector_38)
                0x00000001                ASSERT (((_vector_spacing == 0x0) || (SIZEOF (.vector_38) <= (_vector_spacing << 0x5))), function at exception vector 38 too large)

.vector_39      0x9d0056e0        0x0
 *(.vector_39)
                0x00000001                ASSERT (((_vector_spacing == 0x0) || (SIZEOF (.vector_39) <= (_vector_spacing << 0x5))), function at exception vector 39 too large)

.vector_40      0x9d005700        0x0
 *(.vector_40)
                0x00000001                ASSERT (((_vector_spacing == 0x0) || (SIZEOF (.vector_40) <= (_vector_spacing << 0x5))), function at exception vector 40 too large)

.vector_41      0x9d005720        0x0
 *(.vector_41)
                0x00000001                ASSERT (((_vector_spacing == 0x0) || (SIZEOF (.vector_41) <= (_vector_spacing << 0x5))), function at exception vector 41 too large)

.vector_42      0x9d005740        0x0
 *(.vector_42)
                0x00000001                ASSERT (((_vector_spacing == 0x0) || (SIZEOF (.vector_42) <= (_vector_spacing << 0x5))), function at exception vector 42 too large)

.vector_43      0x9d005760        0x0
 *(.vector_43)
                0x00000001                ASSERT (((_vector_spacing == 0x0) || (SIZEOF (.vector_43) <= (_vector_spacing << 0x5))), function at exception vector 43 too large)

.vector_44      0x9d005780        0x0
 *(.vector_44)
                0x00000001                ASSERT (((_vector_spacing == 0x0) || (SIZEOF (.vector_44) <= (_vector_spacing << 0x5))), function at exception vector 44 too large)

.vector_45      0x9d0057a0        0x0
 *(.vector_45)
                0x00000001                ASSERT (((_vector_spacing == 0x0) || (SIZEOF (.vector_45) <= (_vector_spacing << 0x5))), function at exception vector 45 too large)

.vector_46      0x9d0057c0        0x0
 *(.vector_46)
                0x00000001                ASSERT (((_vector_spacing == 0x0) || (SIZEOF (.vector_46) <= (_vector_spacing << 0x5))), function at exception vector 46 too large)

.vector_47      0x9d0057e0        0x0
 *(.vector_47)
                0x00000001                ASSERT (((_vector_spacing == 0x0) || (SIZEOF (.vector_47) <= (_vector_spacing << 0x5))), function at exception vector 47 too large)

.vector_48      0x9d005800        0x0
 *(.vector_48)
                0x00000001                ASSERT (((_vector_spacing == 0x0) || (SIZEOF (.vector_48) <= (_vector_spacing << 0x5))), function at exception vector 48 too large)

.vector_49      0x9d005820        0x0
 *(.vector_49)
                0x00000001                ASSERT (((_vector_spacing == 0x0) || (SIZEOF (.vector_49) <= (_vector_spacing << 0x5))), function at exception vector 49 too large)

.vector_50      0x9d005840        0x0
 *(.vector_50)
                0x00000001                ASSERT (((_vector_spacing == 0x0) || (SIZEOF (.vector_50) <= (_vector_spacing << 0x5))), function at exception vector 50 too large)

.vector_51      0x9d005860        0x0
 *(.vector_51)
                0x00000001                ASSERT (((_vector_spacing == 0x0) || (SIZEOF (.vector_51) <= (_vector_spacing << 0x5))), function at exception vector 51 too large)

.vector_52      0x9d005880        0x0
 *(.vector_52)
                0x00000001                ASSERT (((_vector_spacing == 0x0) || (SIZEOF (.vector_52) <= (_vector_spacing << 0x5))), function at exception vector 52 too large)

.vector_53      0x9d0058a0        0x0
 *(.vector_53)
                0x00000001                ASSERT (((_vector_spacing == 0x0) || (SIZEOF (.vector_53) <= (_vector_spacing << 0x5))), function at exception vector 53 too large)

.vector_54      0x9d0058c0        0x0
 *(.vector_54)
                0x00000001                ASSERT (((_vector_spacing == 0x0) || (SIZEOF (.vector_54) <= (_vector_spacing << 0x5))), function at exception vector 54 too large)

.vector_55      0x9d0058e0        0x0
 *(.vector_55)
                0x00000001                ASSERT (((_vector_spacing == 0x0) || (SIZEOF (.vector_55) <= (_vector_spacing << 0x5))), function at exception vector 55 too large)

.vector_56      0x9d005900        0x0
 *(.vector_56)
                0x00000001                ASSERT (((_vector_spacing == 0x0) || (SIZEOF (.vector_56) <= (_vector_spacing << 0x5))), function at exception vector 56 too large)

.vector_57      0x9d005920        0x0
 *(.vector_57)
                0x00000001                ASSERT (((_vector_spacing == 0x0) || (SIZEOF (.vector_57) <= (_vector_spacing << 0x5))), function at exception vector 57 too large)

.vector_58      0x9d005940        0x0
 *(.vector_58)
                0x00000001                ASSERT (((_vector_spacing == 0x0) || (SIZEOF (.vector_58) <= (_vector_spacing << 0x5))), function at exception vector 58 too large)

.vector_59      0x9d005960        0x0
 *(.vector_59)
                0x00000001                ASSERT (((_vector_spacing == 0x0) || (SIZEOF (.vector_59) <= (_vector_spacing << 0x5))), function at exception vector 59 too large)

.vector_60      0x9d005980        0x0
 *(.vector_60)
                0x00000001                ASSERT (((_vector_spacing == 0x0) || (SIZEOF (.vector_60) <= (_vector_spacing << 0x5))), function at exception vector 60 too large)

.vector_61      0x9d0059a0        0x0
 *(.vector_61)
                0x00000001                ASSERT (((_vector_spacing == 0x0) || (SIZEOF (.vector_61) <= (_vector_spacing << 0x5))), function at exception vector 61 too large)

.vector_62      0x9d0059c0        0x0
 *(.vector_62)
                0x00000001                ASSERT (((_vector_spacing == 0x0) || (SIZEOF (.vector_62) <= (_vector_spacing << 0x5))), function at exception vector 62 too large)

.vector_63      0x9d0059e0        0x0
 *(.vector_63)
                0x00000001                ASSERT (((_vector_spacing == 0x0) || (SIZEOF (.vector_63) <= (_vector_spacing << 0x5))), function at exception vector 63 too large)

.startup
 *(.startup)

.text
 *(.stub .gnu.linkonce.t.*)
 *(.text.*personality*)
 *(.mips16.fn.*)
 *(.mips16.call.*)
 *(.gnu.warning)

.rodata         0x9d006a00      0x50c
 *(.rodata.* .gnu.linkonce.r.*)
 .rodata.st_OK  0x9d006a00        0x8 build/MX795_APP_BL/production/D32.o
                0x9d006a00                st_OK
 .rodata.st_LFCR
                0x9d006a08        0x4 build/MX795_APP_BL/production/D32.o
                0x9d006a08                st_LFCR
 .rodata.st_version
                0x9d006a0c       0x14 build/MX795_APP_BL/production/D32.o
                0x9d006a0c                st_version
 .rodata.ErrorStrings
                0x9d006a20      0x140 build/MX795_APP_BL/production/D32.o
                0x9d006a20                ErrorStrings
 .rodata.LATPtr
                0x9d006b60       0x1c build/MX795_APP_BL/production/D32.o
                0x9d006b60                LATPtr
 .rodata.LATSetPtr
                0x9d006b7c       0x1c build/MX795_APP_BL/production/D32.o
                0x9d006b7c                LATSetPtr
 .rodata.LATClrPtr
                0x9d006b98       0x1c build/MX795_APP_BL/production/D32.o
                0x9d006b98                LATClrPtr
 .rodata.PORTPtr
                0x9d006bb4       0x1c build/MX795_APP_BL/production/D32.o
                0x9d006bb4                PORTPtr
 .rodata.TRISPtr
                0x9d006bd0       0x1c build/MX795_APP_BL/production/D32.o
                0x9d006bd0                TRISPtr
 .rodata.ODCPtr
                0x9d006bec       0x1c build/MX795_APP_BL/production/D32.o
                0x9d006bec                ODCPtr
 .rodata.ADC1BUFPtr
                0x9d006c08       0x40 build/MX795_APP_BL/production/D32.o
                0x9d006c08                ADC1BUFPtr
 .rodata.CommandList
                0x9d006c48       0xc0 build/MX795_APP_BL/production/D32.o
                0x9d006c48                CommandList
 .rodata.PinArray
                0x9d006d08       0xa0 build/MX795_APP_BL/production/Test.o
                0x9d006d08                PinArray
 .rodata.T2PinArray
                0x9d006da8       0x50 build/MX795_APP_BL/production/Test.o
                0x9d006da8                T2PinArray
 .rodata.device_dsc
                0x9d006df8       0x14 build/MX795_APP_BL/production/usb_descriptors.o
                0x9d006df8                device_dsc
 .rodata.configDescriptor1
                0x9d006e0c       0x44 build/MX795_APP_BL/production/usb_descriptors.o
                0x9d006e0c                configDescriptor1
 .rodata.sd000  0x9d006e50        0x4 build/MX795_APP_BL/production/usb_descriptors.o
                0x9d006e50                sd000
 .rodata.sd001  0x9d006e54       0x24 build/MX795_APP_BL/production/usb_descriptors.o
                0x9d006e54                sd001
 .rodata.sd002  0x9d006e78       0x24 build/MX795_APP_BL/production/usb_descriptors.o
                0x9d006e78                sd002
 .rodata.USB_CD_Ptr
                0x9d006e9c        0x4 build/MX795_APP_BL/production/usb_descriptors.o
                0x9d006e9c                USB_CD_Ptr
 .rodata.USB_SD_Ptr
                0x9d006ea0        0xc build/MX795_APP_BL/production/usb_descriptors.o
                0x9d006ea0                USB_SD_Ptr
 .rodata.f5pow  0x9d006eac       0x48 c:/program files (x86)/microchip/mplabc32/v2.02/bin/../lib/gcc/pic32mx/4.5.1/../../../../pic32mx/lib\libe.a(_strtod.o)
 .rodata.f5pow  0x9d006ef4       0x18 c:/program files (x86)/microchip/mplabc32/v2.02/bin/../lib/gcc/pic32mx/4.5.1/../../../../pic32mx/lib\libe.a(_strtof.o)
 *(.rodata1)
                0x9d006f0c                . = ALIGN (0x4)

.sdata2         0x9d006f0c        0x0
 *(.sdata2 .sdata2.* .gnu.linkonce.s2.*)
                0x9d006f0c                . = ALIGN (0x4)

.sbss2          0x9d006f0c        0x0
 *(.sbss2 .sbss2.* .gnu.linkonce.sb2.*)
                0x9d006f0c                . = ALIGN (0x4)

.eh_frame_hdr
 *(.eh_frame_hdr)

.eh_frame
 *(.eh_frame)

.dbg_data       0xa0000004        0x0
                0xa0000004                . = (. + DEFINED (_DEBUGGER)?0x200:0x0)

.persist        0xa0000004        0x0
                0xa0000004                _persist_begin = .
 *(.persist .persist.*)
                0xa0000004                . = ALIGN (0x4)
                0xa0000004                _persist_end = .

.eh_frame       0xa0000004       0x3c
 *(.eh_frame)
 .eh_frame      0xa0000004       0x28 c:/program files (x86)/microchip/mplabc32/v2.02/bin/../lib/gcc/pic32mx/4.5.1\libgcc.a(_udivdi3.o)
 .eh_frame      0xa000002c       0x14 c:/program files (x86)/microchip/mplabc32/v2.02/bin/../lib/gcc/pic32mx/4.5.1\libgcc.a(_umoddi3.o)
                                 0x28 (size before relaxing)
                0xa0000040                . = .
                0xa0008030                _gp = (ALIGN (0x10) + 0x7ff0)

.got
 *(.got.plt)
 *(.got)

.sdata          0xa0000040        0x8
                0xa0000040                _sdata_begin = .
 *(.sdata .sdata.* .gnu.linkonce.s.*)
 .sdata         0xa0000040        0x4 c:/program files (x86)/microchip/mplabc32/v2.02/bin/../lib/gcc/pic32mx/4.5.1/../../../../pic32mx/lib\libc.a(_iob.o)
                0xa0000040                _Files
 .sdata         0xa0000044        0x4 c:/program files (x86)/microchip/mplabc32/v2.02/bin/../lib/gcc/pic32mx/4.5.1/../../../../pic32mx/lib\libc.a(c32_uart.o)
                0xa0000044                __C32_UART
                0xa0000048                _sdata_end = .

.lit8
 *(.lit8)

.lit4
 *(.lit4)
                0xa0000048                . = ALIGN (0x4)
                0xa0000048                _data_end = .
                0xa0000048                _bss_begin = .

.sbss           0xa0000048       0xf4
                0xa0000048                _sbss_begin = .
 *(.dynsbss)
 *(.sbss .sbss.* .gnu.linkonce.sb.*)
 .sbss.SoftwareKey
                0xa0000048        0x4 build/MX795_APP_BL/production/D32.o
                0xa0000048                SoftwareKey
 .sbss.TimerRunning.23313
                0xa000004c        0x4 build/MX795_APP_BL/production/D32.o
 .sbss.in_cr.23067
                0xa0000050        0x4 build/MX795_APP_BL/production/D32.o
 .sbss.old_swProgram
                0xa0000054        0x2 build/MX795_APP_BL/production/D32.o
 .sbss.old_swUser
                0xa0000056        0x2 build/MX795_APP_BL/production/D32.o
 .sbss.SP_Running_State.23037
                0xa0000058        0x4 build/MX795_APP_BL/production/D32.o
 .sbss.delay_count.22849
                0xa000005c        0x2 build/MX795_APP_BL/production/main.o
 .sbss.led_count.22824
                0xa000005e        0x2 build/MX795_APP_BL/production/main.o
 .sbss          0xa0000060        0x1 c:/program files (x86)/microchip/mplabc32/v2.02/bin/../lib/gcc/pic32mx/4.5.1/../../../../pic32mx/lib\libc.a(_iob.o)
                0xa0000060                _outdone
 *fill*         0xa0000061        0x3 00
 .sbss          0xa0000064        0x4 c:/program files (x86)/microchip/mplabc32/v2.02/bin/../lib/gcc/pic32mx/4.5.1/../../../../pic32mx/lib\libc.a(errno.o)
                0xa0000064                errno
 *(.scommon)
 .scommon       0xa0000068       0x5a build/MX795_APP_BL/production/_ext/343710134/usb_device.o
                0xa0000068                ep_data_in
                0xa000006c                USBDeferStatusStagePacket
                0xa0000070                USTATcopy
                0xa0000074                CtrlTrfData
                0xa000007c                RemoteWakeup
                0xa0000080                controlTransferState
                0xa0000081                USBStatusStageTimeoutCounter
                0xa0000084                pDst
                0xa0000088                USBDeferINDataStagePackets
                0xa000008c                ep_data_out
                0xa0000090                SetupPkt
                0xa0000098                pBDTEntryEP0OutNext
                0xa000009c                USBAlternateInterface
                0xa00000a0                USBStatusStageEnabledFlag2
                0xa00000a4                BothEP0OutUOWNsSet
                0xa00000a8                USBBusIsSuspended
                0xa00000ac                USBDeferOUTDataStagePackets
                0xa00000b0                USBActiveConfiguration
                0xa00000b4                USBStatusStageEnabledFlag1
                0xa00000b8                USBDeviceState
                0xa00000bc                pBDTEntryEP0OutCurrent
                0xa00000c0                shortPacketStatus
                0xa00000c1                endpoint_number
 *fill*         0xa00000c2        0x2 00
 .scommon       0xa00000c4       0x3c build/MX795_APP_BL/production/_ext/131024517/usb_function_cdc.o
                0xa00000c4                control_signal_bitmap
                0xa00000c8                cdc_tx_len
                0xa00000c9                cdc_trf_state
                0xa00000cc                cdc_notice
                0xa00000d4                cdc_mem_type
                0xa00000d8                CDCDataInHandle
                0xa00000dc                pCDCSrc
                0xa00000e0                cdc_rx_len
                0xa00000e4                BaudRateGen
                0xa00000e8                pCDCDst
                0xa00000ec                line_coding
                0xa00000f4                CDCDataOutHandle
                0xa00000f8                dummy_encapsulated_cmd_response
 .scommon       0xa0000100       0x3c build/MX795_APP_BL/production/D32.o
                0xa0000100                g_USART_TX_buf_out
                0xa0000104                g_RX_buf_out
                0xa0000108                T1_timer
                0xa000010c                SP_Rollover_Value
                0xa0000110                T1_Core_Multiplier
                0xa0000114                g_echo_enable
                0xa0000118                SP_Command_Running_Toggle
                0xa000011c                SP_ISR_Counter
                0xa0000120                g_USART_RX_buf_out
                0xa0000121                g_TX_buf_length
                0xa0000124                SP_Max_Channel_Used
                0xa0000128                g_TX_buf_out
                0xa0000129                g_USART_RX_buf_in
                0xa000012a                g_USART_TX_buf_in
                0xa000012c                SP_Command_Running
                0xa0000130                g_RX_buf_in
                0xa0000134                g_TX_buf_in
                0xa0000135                error_byte
                0xa0000138                g_ack_enable
                0xa000013c                _sbss_end = .

.bss            0xa0000200      0x9d0
 *(.dynbss)
 *(COMMON)
 COMMON         0xa0000200      0x280 build/MX795_APP_BL/production/_ext/343710134/usb_device.o
                0xa0000200                inPipes
                0xa0000210                outPipes
                0xa000021c                pBDTEntryOut
                0xa000022c                pBDTEntryIn
                0xa0000400                BDT
 COMMON         0xa0000480       0x80 build/MX795_APP_BL/production/_ext/131024517/usb_function_cdc.o
                0xa0000480                cdc_data_tx
                0xa00004c0                cdc_data_rx
 COMMON         0xa0000500      0x6d0 build/MX795_APP_BL/production/D32.o
                0xa0000500                g_USART_RX_buf
                0xa0000540                g_USART_TX_buf
                0xa0000580                SP_PWM_Enables
                0xa0000684                g_TX_buf
                0xa00006c4                SP_Pin_Map
                0xa00007c8                SP_PWM_Values_Buffer
                0xa00008cc                g_RX_buf
                0xa0000acc                SP_PWM_Values
                0xa0000bd0                . = ALIGN (0x4)
                0xa0000bd0                . = ALIGN (0x4)
                0xa0000bd0                _end = .
                0xa0000bd0                _bss_end = .
                0x00007ffc                _bmxdudba_address = 0x7ffc
                0x00007ffc                _bmxdupba_address = 0x7ffc

/DISCARD/
 *(.pdr)
 *(.reginfo)
 *(.rel.dyn)
 *(.note.GNU-stack)
 *(.note.GNU-stack)
 *(.gnu_debuglink)
 *(.gnu.lto_*)
 *(.discard)

.stab
 *(.stab)

.stabstr
 *(.stabstr)

.stab.excl
 *(.stab.excl)

.stab.exclstr
 *(.stab.exclstr)

.stab.index
 *(.stab.index)

.stab.indexstr
 *(.stab.indexstr)

.comment        0x00000000      0x54c
 *(.comment)
 .comment       0x00000000       0x51 build/MX795_APP_BL/production/_ext/343710134/usb_device.o
                                 0x52 (size before relaxing)
 .comment       0x00000000       0x52 build/MX795_APP_BL/production/_ext/131024517/usb_function_cdc.o
 .comment       0x00000000       0x52 build/MX795_APP_BL/production/D32.o
 .comment       0x00000000       0x52 build/MX795_APP_BL/production/Stepper.o
 .comment       0x00000000       0x52 build/MX795_APP_BL/production/Test.o
 .comment       0x00000000       0x52 build/MX795_APP_BL/production/main.o
 .comment       0x00000000       0x52 build/MX795_APP_BL/production/usb_descriptors.o
 .comment       0x00000051       0x55 c:/program files (x86)/microchip/mplabc32/v2.02/bin/../lib/gcc/pic32mx/4.5.1/../../../../pic32mx/lib\libc.a(memset.o)
                                 0x56 (size before relaxing)
 .comment       0x000000a6       0x4f c:/program files (x86)/microchip/mplabc32/v2.02/bin/../lib/gcc/pic32mx/4.5.1/../../../../pic32mx/lib\libc.a(ctypef.o)
                                 0xa1 (size before relaxing)
 .comment       0x00000000       0x52 c:/program files (x86)/microchip/mplabc32/v2.02/bin/../lib/gcc/pic32mx/4.5.1/../../../../pic32mx/lib\libc.a(puts.o)
 .comment       0x00000000       0x52 c:/program files (x86)/microchip/mplabc32/v2.02/bin/../lib/gcc/pic32mx/4.5.1/../../../../pic32mx/lib\libc.a(printf_cdnopuxX.eo)
 .comment       0x00000000       0x52 c:/program files (x86)/microchip/mplabc32/v2.02/bin/../lib/gcc/pic32mx/4.5.1/../../../../pic32mx/lib\libc.a(printf.o)
 .comment       0x00000000       0x52 c:/program files (x86)/microchip/mplabc32/v2.02/bin/../lib/gcc/pic32mx/4.5.1/../../../../pic32mx/lib\libc.a(sscanf_fF.eo)
 .comment       0x00000000       0x52 c:/program files (x86)/microchip/mplabc32/v2.02/bin/../lib/gcc/pic32mx/4.5.1/../../../../pic32mx/lib\libc.a(default-general-exception-handler.o)
 .comment       0x00000000       0x52 c:/program files (x86)/microchip/mplabc32/v2.02/bin/../lib/gcc/pic32mx/4.5.1/../../../../pic32mx/lib\libc.a(default-bootstrap-exception-handler.o)
 .comment       0x00000000       0x52 c:/program files (x86)/microchip/mplabc32/v2.02/bin/../lib/gcc/pic32mx/4.5.1/../../../../pic32mx/lib\libc.a(default-on-reset.o)
 .comment       0x00000000       0x52 c:/program files (x86)/microchip/mplabc32/v2.02/bin/../lib/gcc/pic32mx/4.5.1/../../../../pic32mx/lib\libc.a(default-on-bootstrap.o)
 .comment       0x000000f5       0x55 c:/program files (x86)/microchip/mplabc32/v2.02/bin/../lib/gcc/pic32mx/4.5.1/../../../../pic32mx/lib\libc.a(strlen.o)
                                 0x56 (size before relaxing)
 .comment       0x00000000       0x52 c:/program files (x86)/microchip/mplabc32/v2.02/bin/../lib/gcc/pic32mx/4.5.1/../../../../pic32mx/lib\libc.a(_iob.o)
 .comment       0x00000000       0x52 c:/program files (x86)/microchip/mplabc32/v2.02/bin/../lib/gcc/pic32mx/4.5.1/../../../../pic32mx/lib\libc.a(_fputc_simple.o)
 .comment       0x0000014a       0x4e c:/program files (x86)/microchip/mplabc32/v2.02/bin/../lib/gcc/pic32mx/4.5.1/../../../../pic32mx/lib\libc.a(ctype.o)
                                 0xa0 (size before relaxing)
 .comment       0x00000000       0x52 c:/program files (x86)/microchip/mplabc32/v2.02/bin/../lib/gcc/pic32mx/4.5.1/../../../../pic32mx/lib\libc.a(doprnt_cdnopuxX.eo)
 .comment       0x00000000       0x52 c:/program files (x86)/microchip/mplabc32/v2.02/bin/../lib/gcc/pic32mx/4.5.1/../../../../pic32mx/lib\libc.a(doprnt.o)
 .comment       0x00000000       0x52 c:/program files (x86)/microchip/mplabc32/v2.02/bin/../lib/gcc/pic32mx/4.5.1/../../../../pic32mx/lib\libc.a(doscan_fF.eo)
 .comment       0x00000000       0x52 c:/program files (x86)/microchip/mplabc32/v2.02/bin/../lib/gcc/pic32mx/4.5.1/../../../../pic32mx/lib\libc.a(write.o)
 .comment       0x00000000       0x52 c:/program files (x86)/microchip/mplabc32/v2.02/bin/../lib/gcc/pic32mx/4.5.1/../../../../pic32mx/lib\libc.a(_flsbuf_simple.o)
 .comment       0x00000000       0x52 c:/program files (x86)/microchip/mplabc32/v2.02/bin/../lib/gcc/pic32mx/4.5.1/../../../../pic32mx/lib\libc.a(fgetc.o)
 .comment       0x00000000       0x52 c:/program files (x86)/microchip/mplabc32/v2.02/bin/../lib/gcc/pic32mx/4.5.1/../../../../pic32mx/lib\libc.a(atoi.o)
 .comment       0x00000000       0x52 c:/program files (x86)/microchip/mplabc32/v2.02/bin/../lib/gcc/pic32mx/4.5.1/../../../../pic32mx/lib\libc.a(powers.o)
 .comment       0x00000000       0x52 c:/program files (x86)/microchip/mplabc32/v2.02/bin/../lib/gcc/pic32mx/4.5.1/../../../../pic32mx/lib\libc.a(strtof.o)
 .comment       0x00000000       0x52 c:/program files (x86)/microchip/mplabc32/v2.02/bin/../lib/gcc/pic32mx/4.5.1/../../../../pic32mx/lib\libc.a(strtod.o)
 .comment       0x00000000       0x52 c:/program files (x86)/microchip/mplabc32/v2.02/bin/../lib/gcc/pic32mx/4.5.1/../../../../pic32mx/lib\libc.a(ungetc.o)
 .comment       0x00000000       0x52 c:/program files (x86)/microchip/mplabc32/v2.02/bin/../lib/gcc/pic32mx/4.5.1/../../../../pic32mx/lib\libc.a(filbuf.o)
 .comment       0x00000000       0x52 c:/program files (x86)/microchip/mplabc32/v2.02/bin/../lib/gcc/pic32mx/4.5.1/../../../../pic32mx/lib\libc.a(fflush.o)
 .comment       0x00000000       0x52 c:/program files (x86)/microchip/mplabc32/v2.02/bin/../lib/gcc/pic32mx/4.5.1/../../../../pic32mx/lib\libc.a(read.o)
 .comment       0x00000000       0x52 c:/program files (x86)/microchip/mplabc32/v2.02/bin/../lib/gcc/pic32mx/4.5.1/../../../../pic32mx/lib\libc.a(c32_uart.o)
 .comment       0x00000198       0x9e c:/program files (x86)/microchip/mplabc32/v2.02/bin/../lib/gcc/pic32mx/4.5.1/../../../../pic32mx/lib\libe.a(_floatdisf.o)
                                 0xf0 (size before relaxing)
 .comment       0x00000236       0x4f c:/program files (x86)/microchip/mplabc32/v2.02/bin/../lib/gcc/pic32mx/4.5.1/../../../../pic32mx/lib\libe.a(_strtod.o)
                                 0xef (size before relaxing)
 .comment       0x00000285       0x4f c:/program files (x86)/microchip/mplabc32/v2.02/bin/../lib/gcc/pic32mx/4.5.1/../../../../pic32mx/lib\libe.a(_strtof.o)
                                 0xef (size before relaxing)
 .comment       0x000002d4       0x4e c:/program files (x86)/microchip/mplabc32/v2.02/bin/../lib/gcc/pic32mx/4.5.1/../../../../pic32mx/lib\libe.a(_divdf3.o)
                                 0xee (size before relaxing)
 .comment       0x00000322       0x4e c:/program files (x86)/microchip/mplabc32/v2.02/bin/../lib/gcc/pic32mx/4.5.1/../../../../pic32mx/lib\libe.a(_muldf3.o)
                                 0xee (size before relaxing)
 .comment       0x00000370       0x4e c:/program files (x86)/microchip/mplabc32/v2.02/bin/../lib/gcc/pic32mx/4.5.1/../../../../pic32mx/lib\libe.a(_negdf2.o)
                                 0xee (size before relaxing)
 .comment       0x000003be       0x4e c:/program files (x86)/microchip/mplabc32/v2.02/bin/../lib/gcc/pic32mx/4.5.1/../../../../pic32mx/lib\libe.a(_adddf3.o)
                                 0xee (size before relaxing)
 .comment       0x0000040c       0x4f c:/program files (x86)/microchip/mplabc32/v2.02/bin/../lib/gcc/pic32mx/4.5.1/../../../../pic32mx/lib\libe.a(_floatsidf.o)
                                 0xef (size before relaxing)
 .comment       0x0000045b       0x50 c:/program files (x86)/microchip/mplabc32/v2.02/bin/../lib/gcc/pic32mx/4.5.1/../../../../pic32mx/lib\libe.a(_ldexp.o)
                                 0xf0 (size before relaxing)
 .comment       0x000004ab       0x50 c:/program files (x86)/microchip/mplabc32/v2.02/bin/../lib/gcc/pic32mx/4.5.1/../../../../pic32mx/lib\libe.a(_ldexpf.o)
                                 0xf0 (size before relaxing)
 .comment       0x000004fb       0x51 c:/program files (x86)/microchip/mplabc32/v2.02/bin/../lib/gcc/pic32mx/4.5.1/../../../../pic32mx/lib\libmchp_peripheral.a(open_core_timer_lib.o)
                                 0x52 (size before relaxing)
 .comment       0x00000000       0x52 c:/program files (x86)/microchip/mplabc32/v2.02/bin/../lib/gcc/pic32mx/4.5.1/../../../../pic32mx/lib\libmchp_peripheral.a(update_core_timer_lib.o)
 .comment       0x00000000       0x52 c:/program files (x86)/microchip/mplabc32/v2.02/bin/../lib/gcc/pic32mx/4.5.1/../../../../pic32mx/lib\libmchp_peripheral_32MX795F512L.a(pcache.o)
 .comment       0x00000000       0x52 c:/program files (x86)/microchip/mplabc32/v2.02/bin/../lib/gcc/pic32mx/4.5.1/../../../../pic32mx/lib\libmchp_peripheral_32MX795F512L.a(int_disable_interrupts_lib.o)
 .comment       0x00000000       0x52 c:/program files (x86)/microchip/mplabc32/v2.02/bin/../lib/gcc/pic32mx/4.5.1/../../../../pic32mx/lib\libmchp_peripheral_32MX795F512L.a(int_restore_interrupts_lib.o)
 .comment       0x00000000       0x52 c:/program files (x86)/microchip/mplabc32/v2.02/bin/../lib/gcc/pic32mx/4.5.1/../../../../pic32mx/lib\libmchp_peripheral_32MX795F512L.a(int_enable_mv_int_lib.o)
 .comment       0x00000000       0x52 c:/program files (x86)/microchip/mplabc32/v2.02/bin/../lib/gcc/pic32mx/4.5.1/../../../../pic32mx/lib\libmchp_peripheral_32MX795F512L.a(int_tbl_lib.o)
 .comment       0x00000000       0x52 c:/program files (x86)/microchip/mplabc32/v2.02/bin/../lib/gcc/pic32mx/4.5.1/../../../../pic32mx/lib\libmchp_peripheral_32MX795F512L.a(int_enable_interrupts_lib.o)
 .comment       0x00000000       0x52 c:/program files (x86)/microchip/mplabc32/v2.02/bin/../lib/gcc/pic32mx/4.5.1/../../../../pic32mx/lib\libc.a(errno.o)
 .comment       0x00000000       0x52 c:/program files (x86)/microchip/mplabc32/v2.02/bin/../lib/gcc/pic32mx/4.5.1\libgcc.a(_lshrdi3.o)
 .comment       0x00000000       0x52 c:/program files (x86)/microchip/mplabc32/v2.02/bin/../lib/gcc/pic32mx/4.5.1\libgcc.a(_ashldi3.o)
 .comment       0x00000000       0x52 c:/program files (x86)/microchip/mplabc32/v2.02/bin/../lib/gcc/pic32mx/4.5.1\libgcc.a(_floatundisf.o)
 .comment       0x00000000       0x52 c:/program files (x86)/microchip/mplabc32/v2.02/bin/../lib/gcc/pic32mx/4.5.1\libgcc.a(_udivdi3.o)
 .comment       0x00000000       0x52 c:/program files (x86)/microchip/mplabc32/v2.02/bin/../lib/gcc/pic32mx/4.5.1\libgcc.a(_umoddi3.o)
 .comment       0x00000000       0x52 c:/program files (x86)/microchip/mplabc32/v2.02/bin/../lib/gcc/pic32mx/4.5.1\libgcc.a(floatunsisf.o)

.debug
 *(.debug)

.line
 *(.line)

.debug_srcinfo
 *(.debug_srcinfo)

.debug_sfnames
 *(.debug_sfnames)

.debug_aranges  0x00000000      0xaa0
 *(.debug_aranges)
 .debug_aranges
                0x00000000       0x68 build/MX795_APP_BL/production/_ext/343710134/usb_device.o
 .debug_aranges
                0x00000068       0x58 build/MX795_APP_BL/production/_ext/131024517/usb_function_cdc.o
 .debug_aranges
                0x000000c0      0x1f8 build/MX795_APP_BL/production/D32.o
 .debug_aranges
                0x000002b8       0x50 build/MX795_APP_BL/production/Stepper.o
 .debug_aranges
                0x00000308       0x40 build/MX795_APP_BL/production/Test.o
 .debug_aranges
                0x00000348       0x70 build/MX795_APP_BL/production/main.o
 .debug_aranges
                0x000003b8       0xa0 c:/program files (x86)/microchip/mplabc32/v2.02/bin/../lib/gcc/pic32mx/4.5.1/../../../../pic32mx/lib\libc.a(ctypef.o)
 .debug_aranges
                0x00000458       0x28 c:/program files (x86)/microchip/mplabc32/v2.02/bin/../lib/gcc/pic32mx/4.5.1/../../../../pic32mx/lib\libc.a(puts.o)
 .debug_aranges
                0x00000480       0x20 c:/program files (x86)/microchip/mplabc32/v2.02/bin/../lib/gcc/pic32mx/4.5.1/../../../../pic32mx/lib\libc.a(printf_cdnopuxX.eo)
 .debug_aranges
                0x000004a0       0x20 c:/program files (x86)/microchip/mplabc32/v2.02/bin/../lib/gcc/pic32mx/4.5.1/../../../../pic32mx/lib\libc.a(printf.o)
 .debug_aranges
                0x000004c0       0x20 c:/program files (x86)/microchip/mplabc32/v2.02/bin/../lib/gcc/pic32mx/4.5.1/../../../../pic32mx/lib\libc.a(sscanf_fF.eo)
 .debug_aranges
                0x000004e0       0x20 c:/program files (x86)/microchip/mplabc32/v2.02/bin/../lib/gcc/pic32mx/4.5.1/../../../../pic32mx/lib\libc.a(default-general-exception-handler.o)
 .debug_aranges
                0x00000500       0x20 c:/program files (x86)/microchip/mplabc32/v2.02/bin/../lib/gcc/pic32mx/4.5.1/../../../../pic32mx/lib\libc.a(default-bootstrap-exception-handler.o)
 .debug_aranges
                0x00000520       0x20 c:/program files (x86)/microchip/mplabc32/v2.02/bin/../lib/gcc/pic32mx/4.5.1/../../../../pic32mx/lib\libc.a(default-on-reset.o)
 .debug_aranges
                0x00000540       0x20 c:/program files (x86)/microchip/mplabc32/v2.02/bin/../lib/gcc/pic32mx/4.5.1/../../../../pic32mx/lib\libc.a(default-on-bootstrap.o)
 .debug_aranges
                0x00000560       0x20 c:/program files (x86)/microchip/mplabc32/v2.02/bin/../lib/gcc/pic32mx/4.5.1/../../../../pic32mx/lib\libc.a(_fputc_simple.o)
 .debug_aranges
                0x00000580       0x20 c:/program files (x86)/microchip/mplabc32/v2.02/bin/../lib/gcc/pic32mx/4.5.1/../../../../pic32mx/lib\libc.a(doprnt_cdnopuxX.eo)
 .debug_aranges
                0x000005a0       0x30 c:/program files (x86)/microchip/mplabc32/v2.02/bin/../lib/gcc/pic32mx/4.5.1/../../../../pic32mx/lib\libc.a(doprnt.o)
 .debug_aranges
                0x000005d0       0x30 c:/program files (x86)/microchip/mplabc32/v2.02/bin/../lib/gcc/pic32mx/4.5.1/../../../../pic32mx/lib\libc.a(doscan_fF.eo)
 .debug_aranges
                0x00000600       0x20 c:/program files (x86)/microchip/mplabc32/v2.02/bin/../lib/gcc/pic32mx/4.5.1/../../../../pic32mx/lib\libc.a(write.o)
 .debug_aranges
                0x00000620       0x20 c:/program files (x86)/microchip/mplabc32/v2.02/bin/../lib/gcc/pic32mx/4.5.1/../../../../pic32mx/lib\libc.a(_flsbuf_simple.o)
 .debug_aranges
                0x00000640       0x20 c:/program files (x86)/microchip/mplabc32/v2.02/bin/../lib/gcc/pic32mx/4.5.1/../../../../pic32mx/lib\libc.a(fgetc.o)
 .debug_aranges
                0x00000660       0x20 c:/program files (x86)/microchip/mplabc32/v2.02/bin/../lib/gcc/pic32mx/4.5.1/../../../../pic32mx/lib\libc.a(atoi.o)
 .debug_aranges
                0x00000680       0x28 c:/program files (x86)/microchip/mplabc32/v2.02/bin/../lib/gcc/pic32mx/4.5.1/../../../../pic32mx/lib\libc.a(strtof.o)
 .debug_aranges
                0x000006a8       0x28 c:/program files (x86)/microchip/mplabc32/v2.02/bin/../lib/gcc/pic32mx/4.5.1/../../../../pic32mx/lib\libc.a(strtod.o)
 .debug_aranges
                0x000006d0       0x20 c:/program files (x86)/microchip/mplabc32/v2.02/bin/../lib/gcc/pic32mx/4.5.1/../../../../pic32mx/lib\libc.a(ungetc.o)
 .debug_aranges
                0x000006f0       0x20 c:/program files (x86)/microchip/mplabc32/v2.02/bin/../lib/gcc/pic32mx/4.5.1/../../../../pic32mx/lib\libc.a(filbuf.o)
 .debug_aranges
                0x00000710       0x20 c:/program files (x86)/microchip/mplabc32/v2.02/bin/../lib/gcc/pic32mx/4.5.1/../../../../pic32mx/lib\libc.a(fflush.o)
 .debug_aranges
                0x00000730       0x20 c:/program files (x86)/microchip/mplabc32/v2.02/bin/../lib/gcc/pic32mx/4.5.1/../../../../pic32mx/lib\libc.a(read.o)
 .debug_aranges
                0x00000750       0x20 c:/program files (x86)/microchip/mplabc32/v2.02/bin/../lib/gcc/pic32mx/4.5.1/../../../../pic32mx/lib\libe.a(_floatdisf.o)
 .debug_aranges
                0x00000770       0x20 c:/program files (x86)/microchip/mplabc32/v2.02/bin/../lib/gcc/pic32mx/4.5.1/../../../../pic32mx/lib\libe.a(_strtod.o)
 .debug_aranges
                0x00000790       0x20 c:/program files (x86)/microchip/mplabc32/v2.02/bin/../lib/gcc/pic32mx/4.5.1/../../../../pic32mx/lib\libe.a(_strtof.o)
 .debug_aranges
                0x000007b0       0x20 c:/program files (x86)/microchip/mplabc32/v2.02/bin/../lib/gcc/pic32mx/4.5.1/../../../../pic32mx/lib\libe.a(_divdf3.o)
 .debug_aranges
                0x000007d0       0x20 c:/program files (x86)/microchip/mplabc32/v2.02/bin/../lib/gcc/pic32mx/4.5.1/../../../../pic32mx/lib\libe.a(_muldf3.o)
 .debug_aranges
                0x000007f0       0x20 c:/program files (x86)/microchip/mplabc32/v2.02/bin/../lib/gcc/pic32mx/4.5.1/../../../../pic32mx/lib\libe.a(_negdf2.o)
 .debug_aranges
                0x00000810       0x28 c:/program files (x86)/microchip/mplabc32/v2.02/bin/../lib/gcc/pic32mx/4.5.1/../../../../pic32mx/lib\libe.a(_adddf3.o)
 .debug_aranges
                0x00000838       0x20 c:/program files (x86)/microchip/mplabc32/v2.02/bin/../lib/gcc/pic32mx/4.5.1/../../../../pic32mx/lib\libe.a(_floatsidf.o)
 .debug_aranges
                0x00000858       0x20 c:/program files (x86)/microchip/mplabc32/v2.02/bin/../lib/gcc/pic32mx/4.5.1/../../../../pic32mx/lib\libe.a(_ldexp.o)
 .debug_aranges
                0x00000878       0x20 c:/program files (x86)/microchip/mplabc32/v2.02/bin/../lib/gcc/pic32mx/4.5.1/../../../../pic32mx/lib\libe.a(_ldexpf.o)
 .debug_aranges
                0x00000898       0x20 c:/program files (x86)/microchip/mplabc32/v2.02/bin/../lib/gcc/pic32mx/4.5.1/../../../../pic32mx/lib\libmchp_peripheral.a(open_core_timer_lib.o)
 .debug_aranges
                0x000008b8       0x20 c:/program files (x86)/microchip/mplabc32/v2.02/bin/../lib/gcc/pic32mx/4.5.1/../../../../pic32mx/lib\libmchp_peripheral.a(update_core_timer_lib.o)
 .debug_aranges
                0x000008d8       0x28 c:/program files (x86)/microchip/mplabc32/v2.02/bin/../lib/gcc/pic32mx/4.5.1/../../../../pic32mx/lib\libmchp_peripheral_32MX795F512L.a(pcache.o)
 .debug_aranges
                0x00000900       0x20 c:/program files (x86)/microchip/mplabc32/v2.02/bin/../lib/gcc/pic32mx/4.5.1/../../../../pic32mx/lib\libmchp_peripheral_32MX795F512L.a(int_disable_interrupts_lib.o)
 .debug_aranges
                0x00000920       0x20 c:/program files (x86)/microchip/mplabc32/v2.02/bin/../lib/gcc/pic32mx/4.5.1/../../../../pic32mx/lib\libmchp_peripheral_32MX795F512L.a(int_restore_interrupts_lib.o)
 .debug_aranges
                0x00000940       0x20 c:/program files (x86)/microchip/mplabc32/v2.02/bin/../lib/gcc/pic32mx/4.5.1/../../../../pic32mx/lib\libmchp_peripheral_32MX795F512L.a(int_enable_mv_int_lib.o)
 .debug_aranges
                0x00000960       0x60 c:/program files (x86)/microchip/mplabc32/v2.02/bin/../lib/gcc/pic32mx/4.5.1/../../../../pic32mx/lib\libmchp_peripheral_32MX795F512L.a(int_tbl_lib.o)
 .debug_aranges
                0x000009c0       0x20 c:/program files (x86)/microchip/mplabc32/v2.02/bin/../lib/gcc/pic32mx/4.5.1/../../../../pic32mx/lib\libmchp_peripheral_32MX795F512L.a(int_enable_interrupts_lib.o)
 .debug_aranges
                0x000009e0       0x20 c:/program files (x86)/microchip/mplabc32/v2.02/bin/../lib/gcc/pic32mx/4.5.1\libgcc.a(_lshrdi3.o)
 .debug_aranges
                0x00000a00       0x20 c:/program files (x86)/microchip/mplabc32/v2.02/bin/../lib/gcc/pic32mx/4.5.1\libgcc.a(_ashldi3.o)
 .debug_aranges
                0x00000a20       0x20 c:/program files (x86)/microchip/mplabc32/v2.02/bin/../lib/gcc/pic32mx/4.5.1\libgcc.a(_floatundisf.o)
 .debug_aranges
                0x00000a40       0x20 c:/program files (x86)/microchip/mplabc32/v2.02/bin/../lib/gcc/pic32mx/4.5.1\libgcc.a(_udivdi3.o)
 .debug_aranges
                0x00000a60       0x20 c:/program files (x86)/microchip/mplabc32/v2.02/bin/../lib/gcc/pic32mx/4.5.1\libgcc.a(_umoddi3.o)
 .debug_aranges
                0x00000a80       0x20 c:/program files (x86)/microchip/mplabc32/v2.02/bin/../lib/gcc/pic32mx/4.5.1\libgcc.a(floatunsisf.o)

.debug_pubnames
                0x00000000     0x1687
 *(.debug_pubnames)
 .debug_pubnames
                0x00000000      0x312 build/MX795_APP_BL/production/_ext/343710134/usb_device.o
 .debug_pubnames
                0x00000312      0x1b2 build/MX795_APP_BL/production/_ext/131024517/usb_function_cdc.o
 .debug_pubnames
                0x000004c4      0x74f build/MX795_APP_BL/production/D32.o
 .debug_pubnames
                0x00000c13       0x92 build/MX795_APP_BL/production/Stepper.o
 .debug_pubnames
                0x00000ca5       0x8d build/MX795_APP_BL/production/Test.o
 .debug_pubnames
                0x00000d32       0xfd build/MX795_APP_BL/production/main.o
 .debug_pubnames
                0x00000e2f       0x73 build/MX795_APP_BL/production/usb_descriptors.o
 .debug_pubnames
                0x00000ea2       0xe1 c:/program files (x86)/microchip/mplabc32/v2.02/bin/../lib/gcc/pic32mx/4.5.1/../../../../pic32mx/lib\libc.a(ctypef.o)
 .debug_pubnames
                0x00000f83       0x25 c:/program files (x86)/microchip/mplabc32/v2.02/bin/../lib/gcc/pic32mx/4.5.1/../../../../pic32mx/lib\libc.a(puts.o)
 .debug_pubnames
                0x00000fa8       0x27 c:/program files (x86)/microchip/mplabc32/v2.02/bin/../lib/gcc/pic32mx/4.5.1/../../../../pic32mx/lib\libc.a(printf_cdnopuxX.eo)
 .debug_pubnames
                0x00000fcf       0x1d c:/program files (x86)/microchip/mplabc32/v2.02/bin/../lib/gcc/pic32mx/4.5.1/../../../../pic32mx/lib\libc.a(printf.o)
 .debug_pubnames
                0x00000fec       0x21 c:/program files (x86)/microchip/mplabc32/v2.02/bin/../lib/gcc/pic32mx/4.5.1/../../../../pic32mx/lib\libc.a(sscanf_fF.eo)
 .debug_pubnames
                0x0000100d       0x31 c:/program files (x86)/microchip/mplabc32/v2.02/bin/../lib/gcc/pic32mx/4.5.1/../../../../pic32mx/lib\libc.a(default-general-exception-handler.o)
 .debug_pubnames
                0x0000103e       0x33 c:/program files (x86)/microchip/mplabc32/v2.02/bin/../lib/gcc/pic32mx/4.5.1/../../../../pic32mx/lib\libc.a(default-bootstrap-exception-handler.o)
 .debug_pubnames
                0x00001071       0x20 c:/program files (x86)/microchip/mplabc32/v2.02/bin/../lib/gcc/pic32mx/4.5.1/../../../../pic32mx/lib\libc.a(default-on-reset.o)
 .debug_pubnames
                0x00001091       0x24 c:/program files (x86)/microchip/mplabc32/v2.02/bin/../lib/gcc/pic32mx/4.5.1/../../../../pic32mx/lib\libc.a(default-on-bootstrap.o)
 .debug_pubnames
                0x000010b5       0x1c c:/program files (x86)/microchip/mplabc32/v2.02/bin/../lib/gcc/pic32mx/4.5.1/../../../../pic32mx/lib\libc.a(_fputc_simple.o)
 .debug_pubnames
                0x000010d1       0x29 c:/program files (x86)/microchip/mplabc32/v2.02/bin/../lib/gcc/pic32mx/4.5.1/../../../../pic32mx/lib\libc.a(doprnt_cdnopuxX.eo)
 .debug_pubnames
                0x000010fa       0x1f c:/program files (x86)/microchip/mplabc32/v2.02/bin/../lib/gcc/pic32mx/4.5.1/../../../../pic32mx/lib\libc.a(doprnt.o)
 .debug_pubnames
                0x00001119       0x22 c:/program files (x86)/microchip/mplabc32/v2.02/bin/../lib/gcc/pic32mx/4.5.1/../../../../pic32mx/lib\libc.a(doscan_fF.eo)
 .debug_pubnames
                0x0000113b       0x1c c:/program files (x86)/microchip/mplabc32/v2.02/bin/../lib/gcc/pic32mx/4.5.1/../../../../pic32mx/lib\libc.a(write.o)
 .debug_pubnames
                0x00001157       0x1e c:/program files (x86)/microchip/mplabc32/v2.02/bin/../lib/gcc/pic32mx/4.5.1/../../../../pic32mx/lib\libc.a(_flsbuf_simple.o)
 .debug_pubnames
                0x00001175       0x1c c:/program files (x86)/microchip/mplabc32/v2.02/bin/../lib/gcc/pic32mx/4.5.1/../../../../pic32mx/lib\libc.a(fgetc.o)
 .debug_pubnames
                0x00001191       0x1b c:/program files (x86)/microchip/mplabc32/v2.02/bin/../lib/gcc/pic32mx/4.5.1/../../../../pic32mx/lib\libc.a(atoi.o)
 .debug_pubnames
                0x000011ac       0x29 c:/program files (x86)/microchip/mplabc32/v2.02/bin/../lib/gcc/pic32mx/4.5.1/../../../../pic32mx/lib\libc.a(strtof.o)
 .debug_pubnames
                0x000011d5       0x2a c:/program files (x86)/microchip/mplabc32/v2.02/bin/../lib/gcc/pic32mx/4.5.1/../../../../pic32mx/lib\libc.a(strtod.o)
 .debug_pubnames
                0x000011ff       0x1d c:/program files (x86)/microchip/mplabc32/v2.02/bin/../lib/gcc/pic32mx/4.5.1/../../../../pic32mx/lib\libc.a(ungetc.o)
 .debug_pubnames
                0x0000121c       0x1e c:/program files (x86)/microchip/mplabc32/v2.02/bin/../lib/gcc/pic32mx/4.5.1/../../../../pic32mx/lib\libc.a(filbuf.o)
 .debug_pubnames
                0x0000123a       0x1d c:/program files (x86)/microchip/mplabc32/v2.02/bin/../lib/gcc/pic32mx/4.5.1/../../../../pic32mx/lib\libc.a(fflush.o)
 .debug_pubnames
                0x00001257       0x1b c:/program files (x86)/microchip/mplabc32/v2.02/bin/../lib/gcc/pic32mx/4.5.1/../../../../pic32mx/lib\libc.a(read.o)
 .debug_pubnames
                0x00001272       0x22 c:/program files (x86)/microchip/mplabc32/v2.02/bin/../lib/gcc/pic32mx/4.5.1/../../../../pic32mx/lib\libe.a(_floatdisf.o)
 .debug_pubnames
                0x00001294       0x1f c:/program files (x86)/microchip/mplabc32/v2.02/bin/../lib/gcc/pic32mx/4.5.1/../../../../pic32mx/lib\libe.a(_strtod.o)
 .debug_pubnames
                0x000012b3       0x1f c:/program files (x86)/microchip/mplabc32/v2.02/bin/../lib/gcc/pic32mx/4.5.1/../../../../pic32mx/lib\libe.a(_strtof.o)
 .debug_pubnames
                0x000012d2       0x1f c:/program files (x86)/microchip/mplabc32/v2.02/bin/../lib/gcc/pic32mx/4.5.1/../../../../pic32mx/lib\libe.a(_divdf3.o)
 .debug_pubnames
                0x000012f1       0x1f c:/program files (x86)/microchip/mplabc32/v2.02/bin/../lib/gcc/pic32mx/4.5.1/../../../../pic32mx/lib\libe.a(_muldf3.o)
 .debug_pubnames
                0x00001310       0x1f c:/program files (x86)/microchip/mplabc32/v2.02/bin/../lib/gcc/pic32mx/4.5.1/../../../../pic32mx/lib\libe.a(_negdf2.o)
 .debug_pubnames
                0x0000132f       0x2c c:/program files (x86)/microchip/mplabc32/v2.02/bin/../lib/gcc/pic32mx/4.5.1/../../../../pic32mx/lib\libe.a(_adddf3.o)
 .debug_pubnames
                0x0000135b       0x22 c:/program files (x86)/microchip/mplabc32/v2.02/bin/../lib/gcc/pic32mx/4.5.1/../../../../pic32mx/lib\libe.a(_floatsidf.o)
 .debug_pubnames
                0x0000137d       0x1e c:/program files (x86)/microchip/mplabc32/v2.02/bin/../lib/gcc/pic32mx/4.5.1/../../../../pic32mx/lib\libe.a(_ldexp.o)
 .debug_pubnames
                0x0000139b       0x1f c:/program files (x86)/microchip/mplabc32/v2.02/bin/../lib/gcc/pic32mx/4.5.1/../../../../pic32mx/lib\libe.a(_ldexpf.o)
 .debug_pubnames
                0x000013ba       0x24 c:/program files (x86)/microchip/mplabc32/v2.02/bin/../lib/gcc/pic32mx/4.5.1/../../../../pic32mx/lib\libmchp_peripheral.a(open_core_timer_lib.o)
 .debug_pubnames
                0x000013de       0x26 c:/program files (x86)/microchip/mplabc32/v2.02/bin/../lib/gcc/pic32mx/4.5.1/../../../../pic32mx/lib\libmchp_peripheral.a(update_core_timer_lib.o)
 .debug_pubnames
                0x00001404       0x3b c:/program files (x86)/microchip/mplabc32/v2.02/bin/../lib/gcc/pic32mx/4.5.1/../../../../pic32mx/lib\libmchp_peripheral_32MX795F512L.a(pcache.o)
 .debug_pubnames
                0x0000143f       0x2b c:/program files (x86)/microchip/mplabc32/v2.02/bin/../lib/gcc/pic32mx/4.5.1/../../../../pic32mx/lib\libmchp_peripheral_32MX795F512L.a(int_disable_interrupts_lib.o)
 .debug_pubnames
                0x0000146a       0x2b c:/program files (x86)/microchip/mplabc32/v2.02/bin/../lib/gcc/pic32mx/4.5.1/../../../../pic32mx/lib\libmchp_peripheral_32MX795F512L.a(int_restore_interrupts_lib.o)
 .debug_pubnames
                0x00001495       0x36 c:/program files (x86)/microchip/mplabc32/v2.02/bin/../lib/gcc/pic32mx/4.5.1/../../../../pic32mx/lib\libmchp_peripheral_32MX795F512L.a(int_enable_mv_int_lib.o)
 .debug_pubnames
                0x000014cb       0xca c:/program files (x86)/microchip/mplabc32/v2.02/bin/../lib/gcc/pic32mx/4.5.1/../../../../pic32mx/lib\libmchp_peripheral_32MX795F512L.a(int_tbl_lib.o)
 .debug_pubnames
                0x00001595       0x2a c:/program files (x86)/microchip/mplabc32/v2.02/bin/../lib/gcc/pic32mx/4.5.1/../../../../pic32mx/lib\libmchp_peripheral_32MX795F512L.a(int_enable_interrupts_lib.o)
 .debug_pubnames
                0x000015bf       0x20 c:/program files (x86)/microchip/mplabc32/v2.02/bin/../lib/gcc/pic32mx/4.5.1\libgcc.a(_lshrdi3.o)
 .debug_pubnames
                0x000015df       0x20 c:/program files (x86)/microchip/mplabc32/v2.02/bin/../lib/gcc/pic32mx/4.5.1\libgcc.a(_ashldi3.o)
 .debug_pubnames
                0x000015ff       0x24 c:/program files (x86)/microchip/mplabc32/v2.02/bin/../lib/gcc/pic32mx/4.5.1\libgcc.a(_floatundisf.o)
 .debug_pubnames
                0x00001623       0x20 c:/program files (x86)/microchip/mplabc32/v2.02/bin/../lib/gcc/pic32mx/4.5.1\libgcc.a(_udivdi3.o)
 .debug_pubnames
                0x00001643       0x20 c:/program files (x86)/microchip/mplabc32/v2.02/bin/../lib/gcc/pic32mx/4.5.1\libgcc.a(_umoddi3.o)
 .debug_pubnames
                0x00001663       0x24 c:/program files (x86)/microchip/mplabc32/v2.02/bin/../lib/gcc/pic32mx/4.5.1\libgcc.a(floatunsisf.o)

.debug_info     0x00000000    0x14e40
 *(.debug_info .gnu.linkonce.wi.*)
 .debug_info    0x00000000     0x3c32 build/MX795_APP_BL/production/_ext/343710134/usb_device.o
 .debug_info    0x00003c32     0x2974 build/MX795_APP_BL/production/_ext/131024517/usb_function_cdc.o
 .debug_info    0x000065a6     0x3d82 build/MX795_APP_BL/production/D32.o
 .debug_info    0x0000a328     0x159f build/MX795_APP_BL/production/Stepper.o
 .debug_info    0x0000b8c7     0x1d92 build/MX795_APP_BL/production/Test.o
 .debug_info    0x0000d659     0x1f6f build/MX795_APP_BL/production/main.o
 .debug_info    0x0000f5c8     0x17d4 build/MX795_APP_BL/production/usb_descriptors.o
 .debug_info    0x00010d9c      0x235 c:/program files (x86)/microchip/mplabc32/v2.02/bin/../lib/gcc/pic32mx/4.5.1/../../../../pic32mx/lib\libc.a(ctypef.o)
 .debug_info    0x00010fd1       0xe1 c:/program files (x86)/microchip/mplabc32/v2.02/bin/../lib/gcc/pic32mx/4.5.1/../../../../pic32mx/lib\libc.a(puts.o)
 .debug_info    0x000110b2       0xe2 c:/program files (x86)/microchip/mplabc32/v2.02/bin/../lib/gcc/pic32mx/4.5.1/../../../../pic32mx/lib\libc.a(printf_cdnopuxX.eo)
 .debug_info    0x00011194       0xd8 c:/program files (x86)/microchip/mplabc32/v2.02/bin/../lib/gcc/pic32mx/4.5.1/../../../../pic32mx/lib\libc.a(printf.o)
 .debug_info    0x0001126c       0xdc c:/program files (x86)/microchip/mplabc32/v2.02/bin/../lib/gcc/pic32mx/4.5.1/../../../../pic32mx/lib\libc.a(sscanf_fF.eo)
 .debug_info    0x00011348      0x102 c:/program files (x86)/microchip/mplabc32/v2.02/bin/../lib/gcc/pic32mx/4.5.1/../../../../pic32mx/lib\libc.a(default-general-exception-handler.o)
 .debug_info    0x0001144a      0x106 c:/program files (x86)/microchip/mplabc32/v2.02/bin/../lib/gcc/pic32mx/4.5.1/../../../../pic32mx/lib\libc.a(default-bootstrap-exception-handler.o)
 .debug_info    0x00011550       0xe0 c:/program files (x86)/microchip/mplabc32/v2.02/bin/../lib/gcc/pic32mx/4.5.1/../../../../pic32mx/lib\libc.a(default-on-reset.o)
 .debug_info    0x00011630       0xe8 c:/program files (x86)/microchip/mplabc32/v2.02/bin/../lib/gcc/pic32mx/4.5.1/../../../../pic32mx/lib\libc.a(default-on-bootstrap.o)
 .debug_info    0x00011718        0x0 c:/program files (x86)/microchip/mplabc32/v2.02/bin/../lib/gcc/pic32mx/4.5.1/../../../../pic32mx/lib\libc.a(_iob.o)
 .debug_info    0x00011718       0xd6 c:/program files (x86)/microchip/mplabc32/v2.02/bin/../lib/gcc/pic32mx/4.5.1/../../../../pic32mx/lib\libc.a(_fputc_simple.o)
 .debug_info    0x000117ee        0x0 c:/program files (x86)/microchip/mplabc32/v2.02/bin/../lib/gcc/pic32mx/4.5.1/../../../../pic32mx/lib\libc.a(ctype.o)
 .debug_info    0x000117ee       0xe5 c:/program files (x86)/microchip/mplabc32/v2.02/bin/../lib/gcc/pic32mx/4.5.1/../../../../pic32mx/lib\libc.a(doprnt_cdnopuxX.eo)
 .debug_info    0x000118d3      0x104 c:/program files (x86)/microchip/mplabc32/v2.02/bin/../lib/gcc/pic32mx/4.5.1/../../../../pic32mx/lib\libc.a(doprnt.o)
 .debug_info    0x000119d7      0x104 c:/program files (x86)/microchip/mplabc32/v2.02/bin/../lib/gcc/pic32mx/4.5.1/../../../../pic32mx/lib\libc.a(doscan_fF.eo)
 .debug_info    0x00011adb       0xd1 c:/program files (x86)/microchip/mplabc32/v2.02/bin/../lib/gcc/pic32mx/4.5.1/../../../../pic32mx/lib\libc.a(write.o)
 .debug_info    0x00011bac       0xd9 c:/program files (x86)/microchip/mplabc32/v2.02/bin/../lib/gcc/pic32mx/4.5.1/../../../../pic32mx/lib\libc.a(_flsbuf_simple.o)
 .debug_info    0x00011c85       0xcf c:/program files (x86)/microchip/mplabc32/v2.02/bin/../lib/gcc/pic32mx/4.5.1/../../../../pic32mx/lib\libc.a(fgetc.o)
 .debug_info    0x00011d54       0xcd c:/program files (x86)/microchip/mplabc32/v2.02/bin/../lib/gcc/pic32mx/4.5.1/../../../../pic32mx/lib\libc.a(atoi.o)
 .debug_info    0x00011e21        0x0 c:/program files (x86)/microchip/mplabc32/v2.02/bin/../lib/gcc/pic32mx/4.5.1/../../../../pic32mx/lib\libc.a(powers.o)
 .debug_info    0x00011e21       0xff c:/program files (x86)/microchip/mplabc32/v2.02/bin/../lib/gcc/pic32mx/4.5.1/../../../../pic32mx/lib\libc.a(strtof.o)
 .debug_info    0x00011f20      0x100 c:/program files (x86)/microchip/mplabc32/v2.02/bin/../lib/gcc/pic32mx/4.5.1/../../../../pic32mx/lib\libc.a(strtod.o)
 .debug_info    0x00012020       0xd1 c:/program files (x86)/microchip/mplabc32/v2.02/bin/../lib/gcc/pic32mx/4.5.1/../../../../pic32mx/lib\libc.a(ungetc.o)
 .debug_info    0x000120f1       0xd2 c:/program files (x86)/microchip/mplabc32/v2.02/bin/../lib/gcc/pic32mx/4.5.1/../../../../pic32mx/lib\libc.a(filbuf.o)
 .debug_info    0x000121c3       0xd1 c:/program files (x86)/microchip/mplabc32/v2.02/bin/../lib/gcc/pic32mx/4.5.1/../../../../pic32mx/lib\libc.a(fflush.o)
 .debug_info    0x00012294       0xcf c:/program files (x86)/microchip/mplabc32/v2.02/bin/../lib/gcc/pic32mx/4.5.1/../../../../pic32mx/lib\libc.a(read.o)
 .debug_info    0x00012363        0x0 c:/program files (x86)/microchip/mplabc32/v2.02/bin/../lib/gcc/pic32mx/4.5.1/../../../../pic32mx/lib\libc.a(c32_uart.o)
 .debug_info    0x00012363       0xf3 c:/program files (x86)/microchip/mplabc32/v2.02/bin/../lib/gcc/pic32mx/4.5.1/../../../../pic32mx/lib\libe.a(_floatdisf.o)
 .debug_info    0x00012456       0xe3 c:/program files (x86)/microchip/mplabc32/v2.02/bin/../lib/gcc/pic32mx/4.5.1/../../../../pic32mx/lib\libe.a(_strtod.o)
 .debug_info    0x00012539       0xe3 c:/program files (x86)/microchip/mplabc32/v2.02/bin/../lib/gcc/pic32mx/4.5.1/../../../../pic32mx/lib\libe.a(_strtof.o)
 .debug_info    0x0001261c      0x106 c:/program files (x86)/microchip/mplabc32/v2.02/bin/../lib/gcc/pic32mx/4.5.1/../../../../pic32mx/lib\libe.a(_divdf3.o)
 .debug_info    0x00012722      0x106 c:/program files (x86)/microchip/mplabc32/v2.02/bin/../lib/gcc/pic32mx/4.5.1/../../../../pic32mx/lib\libe.a(_muldf3.o)
 .debug_info    0x00012828       0xe4 c:/program files (x86)/microchip/mplabc32/v2.02/bin/../lib/gcc/pic32mx/4.5.1/../../../../pic32mx/lib\libe.a(_negdf2.o)
 .debug_info    0x0001290c      0x11d c:/program files (x86)/microchip/mplabc32/v2.02/bin/../lib/gcc/pic32mx/4.5.1/../../../../pic32mx/lib\libe.a(_adddf3.o)
 .debug_info    0x00012a29       0xde c:/program files (x86)/microchip/mplabc32/v2.02/bin/../lib/gcc/pic32mx/4.5.1/../../../../pic32mx/lib\libe.a(_floatsidf.o)
 .debug_info    0x00012b07       0xef c:/program files (x86)/microchip/mplabc32/v2.02/bin/../lib/gcc/pic32mx/4.5.1/../../../../pic32mx/lib\libe.a(_ldexp.o)
 .debug_info    0x00012bf6       0xf0 c:/program files (x86)/microchip/mplabc32/v2.02/bin/../lib/gcc/pic32mx/4.5.1/../../../../pic32mx/lib\libe.a(_ldexpf.o)
 .debug_info    0x00012ce6       0xbf c:/program files (x86)/microchip/mplabc32/v2.02/bin/../lib/gcc/pic32mx/4.5.1/../../../../pic32mx/lib\libmchp_peripheral.a(open_core_timer_lib.o)
 .debug_info    0x00012da5       0xc3 c:/program files (x86)/microchip/mplabc32/v2.02/bin/../lib/gcc/pic32mx/4.5.1/../../../../pic32mx/lib\libmchp_peripheral.a(update_core_timer_lib.o)
 .debug_info    0x00012e68       0xd4 c:/program files (x86)/microchip/mplabc32/v2.02/bin/../lib/gcc/pic32mx/4.5.1/../../../../pic32mx/lib\libmchp_peripheral_32MX795F512L.a(pcache.o)
 .debug_info    0x00012f3c       0xcb c:/program files (x86)/microchip/mplabc32/v2.02/bin/../lib/gcc/pic32mx/4.5.1/../../../../pic32mx/lib\libmchp_peripheral_32MX795F512L.a(int_disable_interrupts_lib.o)
 .debug_info    0x00013007       0xcb c:/program files (x86)/microchip/mplabc32/v2.02/bin/../lib/gcc/pic32mx/4.5.1/../../../../pic32mx/lib\libmchp_peripheral_32MX795F512L.a(int_restore_interrupts_lib.o)
 .debug_info    0x000130d2       0xd1 c:/program files (x86)/microchip/mplabc32/v2.02/bin/../lib/gcc/pic32mx/4.5.1/../../../../pic32mx/lib\libmchp_peripheral_32MX795F512L.a(int_enable_mv_int_lib.o)
 .debug_info    0x000131a3      0x1ab c:/program files (x86)/microchip/mplabc32/v2.02/bin/../lib/gcc/pic32mx/4.5.1/../../../../pic32mx/lib\libmchp_peripheral_32MX795F512L.a(int_tbl_lib.o)
 .debug_info    0x0001334e       0xc9 c:/program files (x86)/microchip/mplabc32/v2.02/bin/../lib/gcc/pic32mx/4.5.1/../../../../pic32mx/lib\libmchp_peripheral_32MX795F512L.a(int_enable_interrupts_lib.o)
 .debug_info    0x00013417        0x0 c:/program files (x86)/microchip/mplabc32/v2.02/bin/../lib/gcc/pic32mx/4.5.1/../../../../pic32mx/lib\libc.a(errno.o)
 .debug_info    0x00013417      0x349 c:/program files (x86)/microchip/mplabc32/v2.02/bin/../lib/gcc/pic32mx/4.5.1\libgcc.a(_lshrdi3.o)
 .debug_info    0x00013760      0x345 c:/program files (x86)/microchip/mplabc32/v2.02/bin/../lib/gcc/pic32mx/4.5.1\libgcc.a(_ashldi3.o)
 .debug_info    0x00013aa5      0x2d0 c:/program files (x86)/microchip/mplabc32/v2.02/bin/../lib/gcc/pic32mx/4.5.1\libgcc.a(_floatundisf.o)
 .debug_info    0x00013d75      0x783 c:/program files (x86)/microchip/mplabc32/v2.02/bin/../lib/gcc/pic32mx/4.5.1\libgcc.a(_udivdi3.o)
 .debug_info    0x000144f8      0x7c0 c:/program files (x86)/microchip/mplabc32/v2.02/bin/../lib/gcc/pic32mx/4.5.1\libgcc.a(_umoddi3.o)
 .debug_info    0x00014cb8      0x188 c:/program files (x86)/microchip/mplabc32/v2.02/bin/../lib/gcc/pic32mx/4.5.1\libgcc.a(floatunsisf.o)

.debug_abbrev   0x00000000     0x1f98
 *(.debug_abbrev)
 .debug_abbrev  0x00000000      0x39c build/MX795_APP_BL/production/_ext/343710134/usb_device.o
 .debug_abbrev  0x0000039c      0x2b0 build/MX795_APP_BL/production/_ext/131024517/usb_function_cdc.o
 .debug_abbrev  0x0000064c      0x355 build/MX795_APP_BL/production/D32.o
 .debug_abbrev  0x000009a1      0x1ef build/MX795_APP_BL/production/Stepper.o
 .debug_abbrev  0x00000b90      0x287 build/MX795_APP_BL/production/Test.o
 .debug_abbrev  0x00000e17      0x375 build/MX795_APP_BL/production/main.o
 .debug_abbrev  0x0000118c      0x1e5 build/MX795_APP_BL/production/usb_descriptors.o
 .debug_abbrev  0x00001371       0x25 c:/program files (x86)/microchip/mplabc32/v2.02/bin/../lib/gcc/pic32mx/4.5.1/../../../../pic32mx/lib\libc.a(ctypef.o)
 .debug_abbrev  0x00001396       0x25 c:/program files (x86)/microchip/mplabc32/v2.02/bin/../lib/gcc/pic32mx/4.5.1/../../../../pic32mx/lib\libc.a(puts.o)
 .debug_abbrev  0x000013bb       0x27 c:/program files (x86)/microchip/mplabc32/v2.02/bin/../lib/gcc/pic32mx/4.5.1/../../../../pic32mx/lib\libc.a(printf_cdnopuxX.eo)
 .debug_abbrev  0x000013e2       0x27 c:/program files (x86)/microchip/mplabc32/v2.02/bin/../lib/gcc/pic32mx/4.5.1/../../../../pic32mx/lib\libc.a(printf.o)
 .debug_abbrev  0x00001409       0x27 c:/program files (x86)/microchip/mplabc32/v2.02/bin/../lib/gcc/pic32mx/4.5.1/../../../../pic32mx/lib\libc.a(sscanf_fF.eo)
 .debug_abbrev  0x00001430       0x25 c:/program files (x86)/microchip/mplabc32/v2.02/bin/../lib/gcc/pic32mx/4.5.1/../../../../pic32mx/lib\libc.a(default-general-exception-handler.o)
 .debug_abbrev  0x00001455       0x25 c:/program files (x86)/microchip/mplabc32/v2.02/bin/../lib/gcc/pic32mx/4.5.1/../../../../pic32mx/lib\libc.a(default-bootstrap-exception-handler.o)
 .debug_abbrev  0x0000147a       0x25 c:/program files (x86)/microchip/mplabc32/v2.02/bin/../lib/gcc/pic32mx/4.5.1/../../../../pic32mx/lib\libc.a(default-on-reset.o)
 .debug_abbrev  0x0000149f       0x25 c:/program files (x86)/microchip/mplabc32/v2.02/bin/../lib/gcc/pic32mx/4.5.1/../../../../pic32mx/lib\libc.a(default-on-bootstrap.o)
 .debug_abbrev  0x000014c4        0x1 c:/program files (x86)/microchip/mplabc32/v2.02/bin/../lib/gcc/pic32mx/4.5.1/../../../../pic32mx/lib\libc.a(_iob.o)
 .debug_abbrev  0x000014c5       0x27 c:/program files (x86)/microchip/mplabc32/v2.02/bin/../lib/gcc/pic32mx/4.5.1/../../../../pic32mx/lib\libc.a(_fputc_simple.o)
 .debug_abbrev  0x000014ec        0x1 c:/program files (x86)/microchip/mplabc32/v2.02/bin/../lib/gcc/pic32mx/4.5.1/../../../../pic32mx/lib\libc.a(ctype.o)
 .debug_abbrev  0x000014ed       0x27 c:/program files (x86)/microchip/mplabc32/v2.02/bin/../lib/gcc/pic32mx/4.5.1/../../../../pic32mx/lib\libc.a(doprnt_cdnopuxX.eo)
 .debug_abbrev  0x00001514       0x38 c:/program files (x86)/microchip/mplabc32/v2.02/bin/../lib/gcc/pic32mx/4.5.1/../../../../pic32mx/lib\libc.a(doprnt.o)
 .debug_abbrev  0x0000154c       0x38 c:/program files (x86)/microchip/mplabc32/v2.02/bin/../lib/gcc/pic32mx/4.5.1/../../../../pic32mx/lib\libc.a(doscan_fF.eo)
 .debug_abbrev  0x00001584       0x25 c:/program files (x86)/microchip/mplabc32/v2.02/bin/../lib/gcc/pic32mx/4.5.1/../../../../pic32mx/lib\libc.a(write.o)
 .debug_abbrev  0x000015a9       0x27 c:/program files (x86)/microchip/mplabc32/v2.02/bin/../lib/gcc/pic32mx/4.5.1/../../../../pic32mx/lib\libc.a(_flsbuf_simple.o)
 .debug_abbrev  0x000015d0       0x25 c:/program files (x86)/microchip/mplabc32/v2.02/bin/../lib/gcc/pic32mx/4.5.1/../../../../pic32mx/lib\libc.a(fgetc.o)
 .debug_abbrev  0x000015f5       0x25 c:/program files (x86)/microchip/mplabc32/v2.02/bin/../lib/gcc/pic32mx/4.5.1/../../../../pic32mx/lib\libc.a(atoi.o)
 .debug_abbrev  0x0000161a        0x1 c:/program files (x86)/microchip/mplabc32/v2.02/bin/../lib/gcc/pic32mx/4.5.1/../../../../pic32mx/lib\libc.a(powers.o)
 .debug_abbrev  0x0000161b       0x49 c:/program files (x86)/microchip/mplabc32/v2.02/bin/../lib/gcc/pic32mx/4.5.1/../../../../pic32mx/lib\libc.a(strtof.o)
 .debug_abbrev  0x00001664       0x49 c:/program files (x86)/microchip/mplabc32/v2.02/bin/../lib/gcc/pic32mx/4.5.1/../../../../pic32mx/lib\libc.a(strtod.o)
 .debug_abbrev  0x000016ad       0x25 c:/program files (x86)/microchip/mplabc32/v2.02/bin/../lib/gcc/pic32mx/4.5.1/../../../../pic32mx/lib\libc.a(ungetc.o)
 .debug_abbrev  0x000016d2       0x25 c:/program files (x86)/microchip/mplabc32/v2.02/bin/../lib/gcc/pic32mx/4.5.1/../../../../pic32mx/lib\libc.a(filbuf.o)
 .debug_abbrev  0x000016f7       0x25 c:/program files (x86)/microchip/mplabc32/v2.02/bin/../lib/gcc/pic32mx/4.5.1/../../../../pic32mx/lib\libc.a(fflush.o)
 .debug_abbrev  0x0000171c       0x25 c:/program files (x86)/microchip/mplabc32/v2.02/bin/../lib/gcc/pic32mx/4.5.1/../../../../pic32mx/lib\libc.a(read.o)
 .debug_abbrev  0x00001741        0x1 c:/program files (x86)/microchip/mplabc32/v2.02/bin/../lib/gcc/pic32mx/4.5.1/../../../../pic32mx/lib\libc.a(c32_uart.o)
 .debug_abbrev  0x00001742       0x32 c:/program files (x86)/microchip/mplabc32/v2.02/bin/../lib/gcc/pic32mx/4.5.1/../../../../pic32mx/lib\libe.a(_floatdisf.o)
 .debug_abbrev  0x00001774       0x32 c:/program files (x86)/microchip/mplabc32/v2.02/bin/../lib/gcc/pic32mx/4.5.1/../../../../pic32mx/lib\libe.a(_strtod.o)
 .debug_abbrev  0x000017a6       0x32 c:/program files (x86)/microchip/mplabc32/v2.02/bin/../lib/gcc/pic32mx/4.5.1/../../../../pic32mx/lib\libe.a(_strtof.o)
 .debug_abbrev  0x000017d8       0x32 c:/program files (x86)/microchip/mplabc32/v2.02/bin/../lib/gcc/pic32mx/4.5.1/../../../../pic32mx/lib\libe.a(_divdf3.o)
 .debug_abbrev  0x0000180a       0x32 c:/program files (x86)/microchip/mplabc32/v2.02/bin/../lib/gcc/pic32mx/4.5.1/../../../../pic32mx/lib\libe.a(_muldf3.o)
 .debug_abbrev  0x0000183c       0x32 c:/program files (x86)/microchip/mplabc32/v2.02/bin/../lib/gcc/pic32mx/4.5.1/../../../../pic32mx/lib\libe.a(_negdf2.o)
 .debug_abbrev  0x0000186e       0x32 c:/program files (x86)/microchip/mplabc32/v2.02/bin/../lib/gcc/pic32mx/4.5.1/../../../../pic32mx/lib\libe.a(_adddf3.o)
 .debug_abbrev  0x000018a0       0x32 c:/program files (x86)/microchip/mplabc32/v2.02/bin/../lib/gcc/pic32mx/4.5.1/../../../../pic32mx/lib\libe.a(_floatsidf.o)
 .debug_abbrev  0x000018d2       0x32 c:/program files (x86)/microchip/mplabc32/v2.02/bin/../lib/gcc/pic32mx/4.5.1/../../../../pic32mx/lib\libe.a(_ldexp.o)
 .debug_abbrev  0x00001904       0x32 c:/program files (x86)/microchip/mplabc32/v2.02/bin/../lib/gcc/pic32mx/4.5.1/../../../../pic32mx/lib\libe.a(_ldexpf.o)
 .debug_abbrev  0x00001936       0x25 c:/program files (x86)/microchip/mplabc32/v2.02/bin/../lib/gcc/pic32mx/4.5.1/../../../../pic32mx/lib\libmchp_peripheral.a(open_core_timer_lib.o)
 .debug_abbrev  0x0000195b       0x25 c:/program files (x86)/microchip/mplabc32/v2.02/bin/../lib/gcc/pic32mx/4.5.1/../../../../pic32mx/lib\libmchp_peripheral.a(update_core_timer_lib.o)
 .debug_abbrev  0x00001980       0x25 c:/program files (x86)/microchip/mplabc32/v2.02/bin/../lib/gcc/pic32mx/4.5.1/../../../../pic32mx/lib\libmchp_peripheral_32MX795F512L.a(pcache.o)
 .debug_abbrev  0x000019a5       0x25 c:/program files (x86)/microchip/mplabc32/v2.02/bin/../lib/gcc/pic32mx/4.5.1/../../../../pic32mx/lib\libmchp_peripheral_32MX795F512L.a(int_disable_interrupts_lib.o)
 .debug_abbrev  0x000019ca       0x25 c:/program files (x86)/microchip/mplabc32/v2.02/bin/../lib/gcc/pic32mx/4.5.1/../../../../pic32mx/lib\libmchp_peripheral_32MX795F512L.a(int_restore_interrupts_lib.o)
 .debug_abbrev  0x000019ef       0x25 c:/program files (x86)/microchip/mplabc32/v2.02/bin/../lib/gcc/pic32mx/4.5.1/../../../../pic32mx/lib\libmchp_peripheral_32MX795F512L.a(int_enable_mv_int_lib.o)
 .debug_abbrev  0x00001a14       0x25 c:/program files (x86)/microchip/mplabc32/v2.02/bin/../lib/gcc/pic32mx/4.5.1/../../../../pic32mx/lib\libmchp_peripheral_32MX795F512L.a(int_tbl_lib.o)
 .debug_abbrev  0x00001a39       0x25 c:/program files (x86)/microchip/mplabc32/v2.02/bin/../lib/gcc/pic32mx/4.5.1/../../../../pic32mx/lib\libmchp_peripheral_32MX795F512L.a(int_enable_interrupts_lib.o)
 .debug_abbrev  0x00001a5e        0x1 c:/program files (x86)/microchip/mplabc32/v2.02/bin/../lib/gcc/pic32mx/4.5.1/../../../../pic32mx/lib\libc.a(errno.o)
 .debug_abbrev  0x00001a5f       0xe3 c:/program files (x86)/microchip/mplabc32/v2.02/bin/../lib/gcc/pic32mx/4.5.1\libgcc.a(_lshrdi3.o)
 .debug_abbrev  0x00001b42       0xe3 c:/program files (x86)/microchip/mplabc32/v2.02/bin/../lib/gcc/pic32mx/4.5.1\libgcc.a(_ashldi3.o)
 .debug_abbrev  0x00001c25       0x79 c:/program files (x86)/microchip/mplabc32/v2.02/bin/../lib/gcc/pic32mx/4.5.1\libgcc.a(_floatundisf.o)
 .debug_abbrev  0x00001c9e      0x13d c:/program files (x86)/microchip/mplabc32/v2.02/bin/../lib/gcc/pic32mx/4.5.1\libgcc.a(_udivdi3.o)
 .debug_abbrev  0x00001ddb      0x15c c:/program files (x86)/microchip/mplabc32/v2.02/bin/../lib/gcc/pic32mx/4.5.1\libgcc.a(_umoddi3.o)
 .debug_abbrev  0x00001f37       0x61 c:/program files (x86)/microchip/mplabc32/v2.02/bin/../lib/gcc/pic32mx/4.5.1\libgcc.a(floatunsisf.o)

.debug_line     0x00000000     0x360d
 *(.debug_line)
 .debug_line    0x00000000      0x67a build/MX795_APP_BL/production/_ext/343710134/usb_device.o
 .debug_line    0x0000067a      0x307 build/MX795_APP_BL/production/_ext/131024517/usb_function_cdc.o
 .debug_line    0x00000981      0xa5d build/MX795_APP_BL/production/D32.o
 .debug_line    0x000013de      0x25c build/MX795_APP_BL/production/Stepper.o
 .debug_line    0x0000163a      0x30d build/MX795_APP_BL/production/Test.o
 .debug_line    0x00001947      0x2d9 build/MX795_APP_BL/production/main.o
 .debug_line    0x00001c20      0x1c2 build/MX795_APP_BL/production/usb_descriptors.o
 .debug_line    0x00001de2       0x87 c:/program files (x86)/microchip/mplabc32/v2.02/bin/../lib/gcc/pic32mx/4.5.1/../../../../pic32mx/lib\libc.a(ctypef.o)
 .debug_line    0x00001e69       0x85 c:/program files (x86)/microchip/mplabc32/v2.02/bin/../lib/gcc/pic32mx/4.5.1/../../../../pic32mx/lib\libc.a(puts.o)
 .debug_line    0x00001eee       0x30 c:/program files (x86)/microchip/mplabc32/v2.02/bin/../lib/gcc/pic32mx/4.5.1/../../../../pic32mx/lib\libc.a(printf_cdnopuxX.eo)
 .debug_line    0x00001f1e       0x30 c:/program files (x86)/microchip/mplabc32/v2.02/bin/../lib/gcc/pic32mx/4.5.1/../../../../pic32mx/lib\libc.a(printf.o)
 .debug_line    0x00001f4e       0x30 c:/program files (x86)/microchip/mplabc32/v2.02/bin/../lib/gcc/pic32mx/4.5.1/../../../../pic32mx/lib\libc.a(sscanf_fF.eo)
 .debug_line    0x00001f7e       0xa4 c:/program files (x86)/microchip/mplabc32/v2.02/bin/../lib/gcc/pic32mx/4.5.1/../../../../pic32mx/lib\libc.a(default-general-exception-handler.o)
 .debug_line    0x00002022       0xa6 c:/program files (x86)/microchip/mplabc32/v2.02/bin/../lib/gcc/pic32mx/4.5.1/../../../../pic32mx/lib\libc.a(default-bootstrap-exception-handler.o)
 .debug_line    0x000020c8       0x93 c:/program files (x86)/microchip/mplabc32/v2.02/bin/../lib/gcc/pic32mx/4.5.1/../../../../pic32mx/lib\libc.a(default-on-reset.o)
 .debug_line    0x0000215b       0x97 c:/program files (x86)/microchip/mplabc32/v2.02/bin/../lib/gcc/pic32mx/4.5.1/../../../../pic32mx/lib\libc.a(default-on-bootstrap.o)
 .debug_line    0x000021f2        0x0 c:/program files (x86)/microchip/mplabc32/v2.02/bin/../lib/gcc/pic32mx/4.5.1/../../../../pic32mx/lib\libc.a(_iob.o)
 .debug_line    0x000021f2       0x2f c:/program files (x86)/microchip/mplabc32/v2.02/bin/../lib/gcc/pic32mx/4.5.1/../../../../pic32mx/lib\libc.a(_fputc_simple.o)
 .debug_line    0x00002221        0x0 c:/program files (x86)/microchip/mplabc32/v2.02/bin/../lib/gcc/pic32mx/4.5.1/../../../../pic32mx/lib\libc.a(ctype.o)
 .debug_line    0x00002221       0x30 c:/program files (x86)/microchip/mplabc32/v2.02/bin/../lib/gcc/pic32mx/4.5.1/../../../../pic32mx/lib\libc.a(doprnt_cdnopuxX.eo)
 .debug_line    0x00002251       0x30 c:/program files (x86)/microchip/mplabc32/v2.02/bin/../lib/gcc/pic32mx/4.5.1/../../../../pic32mx/lib\libc.a(doprnt.o)
 .debug_line    0x00002281       0x30 c:/program files (x86)/microchip/mplabc32/v2.02/bin/../lib/gcc/pic32mx/4.5.1/../../../../pic32mx/lib\libc.a(doscan_fF.eo)
 .debug_line    0x000022b1       0x88 c:/program files (x86)/microchip/mplabc32/v2.02/bin/../lib/gcc/pic32mx/4.5.1/../../../../pic32mx/lib\libc.a(write.o)
 .debug_line    0x00002339       0x30 c:/program files (x86)/microchip/mplabc32/v2.02/bin/../lib/gcc/pic32mx/4.5.1/../../../../pic32mx/lib\libc.a(_flsbuf_simple.o)
 .debug_line    0x00002369       0x86 c:/program files (x86)/microchip/mplabc32/v2.02/bin/../lib/gcc/pic32mx/4.5.1/../../../../pic32mx/lib\libc.a(fgetc.o)
 .debug_line    0x000023ef       0x85 c:/program files (x86)/microchip/mplabc32/v2.02/bin/../lib/gcc/pic32mx/4.5.1/../../../../pic32mx/lib\libc.a(atoi.o)
 .debug_line    0x00002474        0x0 c:/program files (x86)/microchip/mplabc32/v2.02/bin/../lib/gcc/pic32mx/4.5.1/../../../../pic32mx/lib\libc.a(powers.o)
 .debug_line    0x00002474       0x87 c:/program files (x86)/microchip/mplabc32/v2.02/bin/../lib/gcc/pic32mx/4.5.1/../../../../pic32mx/lib\libc.a(strtof.o)
 .debug_line    0x000024fb       0x87 c:/program files (x86)/microchip/mplabc32/v2.02/bin/../lib/gcc/pic32mx/4.5.1/../../../../pic32mx/lib\libc.a(strtod.o)
 .debug_line    0x00002582       0x87 c:/program files (x86)/microchip/mplabc32/v2.02/bin/../lib/gcc/pic32mx/4.5.1/../../../../pic32mx/lib\libc.a(ungetc.o)
 .debug_line    0x00002609       0x87 c:/program files (x86)/microchip/mplabc32/v2.02/bin/../lib/gcc/pic32mx/4.5.1/../../../../pic32mx/lib\libc.a(filbuf.o)
 .debug_line    0x00002690       0x87 c:/program files (x86)/microchip/mplabc32/v2.02/bin/../lib/gcc/pic32mx/4.5.1/../../../../pic32mx/lib\libc.a(fflush.o)
 .debug_line    0x00002717       0x87 c:/program files (x86)/microchip/mplabc32/v2.02/bin/../lib/gcc/pic32mx/4.5.1/../../../../pic32mx/lib\libc.a(read.o)
 .debug_line    0x0000279e        0x0 c:/program files (x86)/microchip/mplabc32/v2.02/bin/../lib/gcc/pic32mx/4.5.1/../../../../pic32mx/lib\libc.a(c32_uart.o)
 .debug_line    0x0000279e       0xa6 c:/program files (x86)/microchip/mplabc32/v2.02/bin/../lib/gcc/pic32mx/4.5.1/../../../../pic32mx/lib\libe.a(_floatdisf.o)
 .debug_line    0x00002844       0x93 c:/program files (x86)/microchip/mplabc32/v2.02/bin/../lib/gcc/pic32mx/4.5.1/../../../../pic32mx/lib\libe.a(_strtod.o)
 .debug_line    0x000028d7       0x93 c:/program files (x86)/microchip/mplabc32/v2.02/bin/../lib/gcc/pic32mx/4.5.1/../../../../pic32mx/lib\libe.a(_strtof.o)
 .debug_line    0x0000296a       0xa4 c:/program files (x86)/microchip/mplabc32/v2.02/bin/../lib/gcc/pic32mx/4.5.1/../../../../pic32mx/lib\libe.a(_divdf3.o)
 .debug_line    0x00002a0e       0xa4 c:/program files (x86)/microchip/mplabc32/v2.02/bin/../lib/gcc/pic32mx/4.5.1/../../../../pic32mx/lib\libe.a(_muldf3.o)
 .debug_line    0x00002ab2       0x92 c:/program files (x86)/microchip/mplabc32/v2.02/bin/../lib/gcc/pic32mx/4.5.1/../../../../pic32mx/lib\libe.a(_negdf2.o)
 .debug_line    0x00002b44       0xa4 c:/program files (x86)/microchip/mplabc32/v2.02/bin/../lib/gcc/pic32mx/4.5.1/../../../../pic32mx/lib\libe.a(_adddf3.o)
 .debug_line    0x00002be8       0x93 c:/program files (x86)/microchip/mplabc32/v2.02/bin/../lib/gcc/pic32mx/4.5.1/../../../../pic32mx/lib\libe.a(_floatsidf.o)
 .debug_line    0x00002c7b       0xa6 c:/program files (x86)/microchip/mplabc32/v2.02/bin/../lib/gcc/pic32mx/4.5.1/../../../../pic32mx/lib\libe.a(_ldexp.o)
 .debug_line    0x00002d21       0xa6 c:/program files (x86)/microchip/mplabc32/v2.02/bin/../lib/gcc/pic32mx/4.5.1/../../../../pic32mx/lib\libe.a(_ldexpf.o)
 .debug_line    0x00002dc7       0x6e c:/program files (x86)/microchip/mplabc32/v2.02/bin/../lib/gcc/pic32mx/4.5.1/../../../../pic32mx/lib\libmchp_peripheral.a(open_core_timer_lib.o)
 .debug_line    0x00002e35       0x70 c:/program files (x86)/microchip/mplabc32/v2.02/bin/../lib/gcc/pic32mx/4.5.1/../../../../pic32mx/lib\libmchp_peripheral.a(update_core_timer_lib.o)
 .debug_line    0x00002ea5       0x62 c:/program files (x86)/microchip/mplabc32/v2.02/bin/../lib/gcc/pic32mx/4.5.1/../../../../pic32mx/lib\libmchp_peripheral_32MX795F512L.a(pcache.o)
 .debug_line    0x00002f07       0x73 c:/program files (x86)/microchip/mplabc32/v2.02/bin/../lib/gcc/pic32mx/4.5.1/../../../../pic32mx/lib\libmchp_peripheral_32MX795F512L.a(int_disable_interrupts_lib.o)
 .debug_line    0x00002f7a       0x73 c:/program files (x86)/microchip/mplabc32/v2.02/bin/../lib/gcc/pic32mx/4.5.1/../../../../pic32mx/lib\libmchp_peripheral_32MX795F512L.a(int_restore_interrupts_lib.o)
 .debug_line    0x00002fed       0x6e c:/program files (x86)/microchip/mplabc32/v2.02/bin/../lib/gcc/pic32mx/4.5.1/../../../../pic32mx/lib\libmchp_peripheral_32MX795F512L.a(int_enable_mv_int_lib.o)
 .debug_line    0x0000305b       0x64 c:/program files (x86)/microchip/mplabc32/v2.02/bin/../lib/gcc/pic32mx/4.5.1/../../../../pic32mx/lib\libmchp_peripheral_32MX795F512L.a(int_tbl_lib.o)
 .debug_line    0x000030bf       0x72 c:/program files (x86)/microchip/mplabc32/v2.02/bin/../lib/gcc/pic32mx/4.5.1/../../../../pic32mx/lib\libmchp_peripheral_32MX795F512L.a(int_enable_interrupts_lib.o)
 .debug_line    0x00003131        0x0 c:/program files (x86)/microchip/mplabc32/v2.02/bin/../lib/gcc/pic32mx/4.5.1/../../../../pic32mx/lib\libc.a(errno.o)
 .debug_line    0x00003131       0xb8 c:/program files (x86)/microchip/mplabc32/v2.02/bin/../lib/gcc/pic32mx/4.5.1\libgcc.a(_lshrdi3.o)
 .debug_line    0x000031e9       0xba c:/program files (x86)/microchip/mplabc32/v2.02/bin/../lib/gcc/pic32mx/4.5.1\libgcc.a(_ashldi3.o)
 .debug_line    0x000032a3       0xc3 c:/program files (x86)/microchip/mplabc32/v2.02/bin/../lib/gcc/pic32mx/4.5.1\libgcc.a(_floatundisf.o)
 .debug_line    0x00003366      0x112 c:/program files (x86)/microchip/mplabc32/v2.02/bin/../lib/gcc/pic32mx/4.5.1\libgcc.a(_udivdi3.o)
 .debug_line    0x00003478      0x128 c:/program files (x86)/microchip/mplabc32/v2.02/bin/../lib/gcc/pic32mx/4.5.1\libgcc.a(_umoddi3.o)
 .debug_line    0x000035a0       0x6d c:/program files (x86)/microchip/mplabc32/v2.02/bin/../lib/gcc/pic32mx/4.5.1\libgcc.a(floatunsisf.o)

.debug_frame    0x00000000     0x1254
 *(.debug_frame)
 .debug_frame   0x00000000       0xdc build/MX795_APP_BL/production/_ext/343710134/usb_device.o
 .debug_frame   0x000000dc       0xb0 build/MX795_APP_BL/production/_ext/131024517/usb_function_cdc.o
 .debug_frame   0x0000018c      0x51c build/MX795_APP_BL/production/D32.o
 .debug_frame   0x000006a8       0xb0 build/MX795_APP_BL/production/Stepper.o
 .debug_frame   0x00000758       0x9c build/MX795_APP_BL/production/Test.o
 .debug_frame   0x000007f4       0xe0 build/MX795_APP_BL/production/main.o
 .debug_frame   0x000008d4      0x120 c:/program files (x86)/microchip/mplabc32/v2.02/bin/../lib/gcc/pic32mx/4.5.1/../../../../pic32mx/lib\libc.a(ctypef.o)
 .debug_frame   0x000009f4       0x48 c:/program files (x86)/microchip/mplabc32/v2.02/bin/../lib/gcc/pic32mx/4.5.1/../../../../pic32mx/lib\libc.a(puts.o)
 .debug_frame   0x00000a3c       0x28 c:/program files (x86)/microchip/mplabc32/v2.02/bin/../lib/gcc/pic32mx/4.5.1/../../../../pic32mx/lib\libc.a(printf_cdnopuxX.eo)
 .debug_frame   0x00000a64       0x28 c:/program files (x86)/microchip/mplabc32/v2.02/bin/../lib/gcc/pic32mx/4.5.1/../../../../pic32mx/lib\libc.a(printf.o)
 .debug_frame   0x00000a8c       0x2c c:/program files (x86)/microchip/mplabc32/v2.02/bin/../lib/gcc/pic32mx/4.5.1/../../../../pic32mx/lib\libc.a(sscanf_fF.eo)
 .debug_frame   0x00000ab8       0x20 c:/program files (x86)/microchip/mplabc32/v2.02/bin/../lib/gcc/pic32mx/4.5.1/../../../../pic32mx/lib\libc.a(default-general-exception-handler.o)
 .debug_frame   0x00000ad8       0x20 c:/program files (x86)/microchip/mplabc32/v2.02/bin/../lib/gcc/pic32mx/4.5.1/../../../../pic32mx/lib\libc.a(default-bootstrap-exception-handler.o)
 .debug_frame   0x00000af8       0x20 c:/program files (x86)/microchip/mplabc32/v2.02/bin/../lib/gcc/pic32mx/4.5.1/../../../../pic32mx/lib\libc.a(default-on-reset.o)
 .debug_frame   0x00000b18       0x20 c:/program files (x86)/microchip/mplabc32/v2.02/bin/../lib/gcc/pic32mx/4.5.1/../../../../pic32mx/lib\libc.a(default-on-bootstrap.o)
 .debug_frame   0x00000b38       0x2c c:/program files (x86)/microchip/mplabc32/v2.02/bin/../lib/gcc/pic32mx/4.5.1/../../../../pic32mx/lib\libc.a(_fputc_simple.o)
 .debug_frame   0x00000b64       0x38 c:/program files (x86)/microchip/mplabc32/v2.02/bin/../lib/gcc/pic32mx/4.5.1/../../../../pic32mx/lib\libc.a(doprnt_cdnopuxX.eo)
 .debug_frame   0x00000b9c       0x74 c:/program files (x86)/microchip/mplabc32/v2.02/bin/../lib/gcc/pic32mx/4.5.1/../../../../pic32mx/lib\libc.a(doprnt.o)
 .debug_frame   0x00000c10       0x74 c:/program files (x86)/microchip/mplabc32/v2.02/bin/../lib/gcc/pic32mx/4.5.1/../../../../pic32mx/lib\libc.a(doscan_fF.eo)
 .debug_frame   0x00000c84       0x28 c:/program files (x86)/microchip/mplabc32/v2.02/bin/../lib/gcc/pic32mx/4.5.1/../../../../pic32mx/lib\libc.a(write.o)
 .debug_frame   0x00000cac       0x28 c:/program files (x86)/microchip/mplabc32/v2.02/bin/../lib/gcc/pic32mx/4.5.1/../../../../pic32mx/lib\libc.a(_flsbuf_simple.o)
 .debug_frame   0x00000cd4       0x30 c:/program files (x86)/microchip/mplabc32/v2.02/bin/../lib/gcc/pic32mx/4.5.1/../../../../pic32mx/lib\libc.a(fgetc.o)
 .debug_frame   0x00000d04       0x20 c:/program files (x86)/microchip/mplabc32/v2.02/bin/../lib/gcc/pic32mx/4.5.1/../../../../pic32mx/lib\libc.a(atoi.o)
 .debug_frame   0x00000d24       0x40 c:/program files (x86)/microchip/mplabc32/v2.02/bin/../lib/gcc/pic32mx/4.5.1/../../../../pic32mx/lib\libc.a(strtof.o)
 .debug_frame   0x00000d64       0x40 c:/program files (x86)/microchip/mplabc32/v2.02/bin/../lib/gcc/pic32mx/4.5.1/../../../../pic32mx/lib\libc.a(strtod.o)
 .debug_frame   0x00000da4       0x20 c:/program files (x86)/microchip/mplabc32/v2.02/bin/../lib/gcc/pic32mx/4.5.1/../../../../pic32mx/lib\libc.a(ungetc.o)
 .debug_frame   0x00000dc4       0x30 c:/program files (x86)/microchip/mplabc32/v2.02/bin/../lib/gcc/pic32mx/4.5.1/../../../../pic32mx/lib\libc.a(filbuf.o)
 .debug_frame   0x00000df4       0x2c c:/program files (x86)/microchip/mplabc32/v2.02/bin/../lib/gcc/pic32mx/4.5.1/../../../../pic32mx/lib\libc.a(fflush.o)
 .debug_frame   0x00000e20       0x2c c:/program files (x86)/microchip/mplabc32/v2.02/bin/../lib/gcc/pic32mx/4.5.1/../../../../pic32mx/lib\libc.a(read.o)
 .debug_frame   0x00000e4c       0x20 c:/program files (x86)/microchip/mplabc32/v2.02/bin/../lib/gcc/pic32mx/4.5.1/../../../../pic32mx/lib\libe.a(_floatdisf.o)
 .debug_frame   0x00000e6c       0x38 c:/program files (x86)/microchip/mplabc32/v2.02/bin/../lib/gcc/pic32mx/4.5.1/../../../../pic32mx/lib\libe.a(_strtod.o)
 .debug_frame   0x00000ea4       0x38 c:/program files (x86)/microchip/mplabc32/v2.02/bin/../lib/gcc/pic32mx/4.5.1/../../../../pic32mx/lib\libe.a(_strtof.o)
 .debug_frame   0x00000edc       0x3c c:/program files (x86)/microchip/mplabc32/v2.02/bin/../lib/gcc/pic32mx/4.5.1/../../../../pic32mx/lib\libe.a(_divdf3.o)
 .debug_frame   0x00000f18       0x3c c:/program files (x86)/microchip/mplabc32/v2.02/bin/../lib/gcc/pic32mx/4.5.1/../../../../pic32mx/lib\libe.a(_muldf3.o)
 .debug_frame   0x00000f54       0x20 c:/program files (x86)/microchip/mplabc32/v2.02/bin/../lib/gcc/pic32mx/4.5.1/../../../../pic32mx/lib\libe.a(_negdf2.o)
 .debug_frame   0x00000f74       0x40 c:/program files (x86)/microchip/mplabc32/v2.02/bin/../lib/gcc/pic32mx/4.5.1/../../../../pic32mx/lib\libe.a(_adddf3.o)
 .debug_frame   0x00000fb4       0x20 c:/program files (x86)/microchip/mplabc32/v2.02/bin/../lib/gcc/pic32mx/4.5.1/../../../../pic32mx/lib\libe.a(_floatsidf.o)
 .debug_frame   0x00000fd4       0x34 c:/program files (x86)/microchip/mplabc32/v2.02/bin/../lib/gcc/pic32mx/4.5.1/../../../../pic32mx/lib\libe.a(_ldexp.o)
 .debug_frame   0x00001008       0x20 c:/program files (x86)/microchip/mplabc32/v2.02/bin/../lib/gcc/pic32mx/4.5.1/../../../../pic32mx/lib\libe.a(_ldexpf.o)
 .debug_frame   0x00001028       0x20 c:/program files (x86)/microchip/mplabc32/v2.02/bin/../lib/gcc/pic32mx/4.5.1/../../../../pic32mx/lib\libmchp_peripheral.a(open_core_timer_lib.o)
 .debug_frame   0x00001048       0x20 c:/program files (x86)/microchip/mplabc32/v2.02/bin/../lib/gcc/pic32mx/4.5.1/../../../../pic32mx/lib\libmchp_peripheral.a(update_core_timer_lib.o)
 .debug_frame   0x00001068       0x30 c:/program files (x86)/microchip/mplabc32/v2.02/bin/../lib/gcc/pic32mx/4.5.1/../../../../pic32mx/lib\libmchp_peripheral_32MX795F512L.a(pcache.o)
 .debug_frame   0x00001098       0x20 c:/program files (x86)/microchip/mplabc32/v2.02/bin/../lib/gcc/pic32mx/4.5.1/../../../../pic32mx/lib\libmchp_peripheral_32MX795F512L.a(int_disable_interrupts_lib.o)
 .debug_frame   0x000010b8       0x20 c:/program files (x86)/microchip/mplabc32/v2.02/bin/../lib/gcc/pic32mx/4.5.1/../../../../pic32mx/lib\libmchp_peripheral_32MX795F512L.a(int_restore_interrupts_lib.o)
 .debug_frame   0x000010d8       0x28 c:/program files (x86)/microchip/mplabc32/v2.02/bin/../lib/gcc/pic32mx/4.5.1/../../../../pic32mx/lib\libmchp_peripheral_32MX795F512L.a(int_enable_mv_int_lib.o)